01:32:07 **** Clean-only build of configuration Debug for project stm32f1xx_drivers ****
make -j4 clean 
rm -rf *
rm: can't remove 'stm32f1xx_drivers.elf': Permission denied
make: [makefile:65: clean] Error 1 (ignored)
 
01:32:08 **** Incremental Build of configuration Debug for project stm32f1xx_drivers ****
make -j4 all 
arm-none-eabi-size   stm32f1xx_drivers.elf 
arm-none-eabi-objdump -h -S  stm32f1xx_drivers.elf  > "stm32f1xx_drivers.list"
arm-none-eabi-objcopy  -O binary  stm32f1xx_drivers.elf  "stm32f1xx_drivers.bin"
   text	   data	    bss	    dec	    hex	filename
   3000	      8	   1568	   4576	   11e0	stm32f1xx_drivers.elf
Finished building: default.size.stdout
 
Finished building: stm32f1xx_drivers.bin
Finished building: stm32f1xx_drivers.list
 
 
01:32:22 **** Incremental Build of configuration Debug for project stm32f1xx_drivers ****
make -j4 all 
arm-none-eabi-size   stm32f1xx_drivers.elf 
   text	   data	    bss	    dec	    hex	filename
   3000	      8	   1568	   4576	   11e0	stm32f1xx_drivers.elf
Finished building: default.size.stdout
 
01:33:37 **** Incremental Build of configuration Debug for project stm32f1xx_drivers ****
make -j4 all 
arm-none-eabi-size   stm32f1xx_drivers.elf 
   text	   data	    bss	    dec	    hex	filename
   3000	      8	   1568	   4576	   11e0	stm32f1xx_drivers.elf
Finished building: default.size.stdout
 
01:33:47 **** Incremental Build of configuration Debug for project stm32f1xx_drivers ****
make -j4 all 
arm-none-eabi-size   stm32f1xx_drivers.elf 
   text	   data	    bss	    dec	    hex	filename
   3000	      8	   1568	   4576	   11e0	stm32f1xx_drivers.elf
Finished building: default.size.stdout
 
01:35:28 **** Clean-only build of configuration Debug for project stm32f1xx_drivers ****
make -j4 clean 
rm -rf *
rm: can't remove 'stm32f1xx_drivers.elf': Permission denied
make: [makefile:65: clean] Error 1 (ignored)
 
01:35:29 **** Incremental Build of configuration Debug for project stm32f1xx_drivers ****
make -j4 all 
arm-none-eabi-size   stm32f1xx_drivers.elf 
arm-none-eabi-objdump -h -S  stm32f1xx_drivers.elf  > "stm32f1xx_drivers.list"
arm-none-eabi-objcopy  -O binary  stm32f1xx_drivers.elf  "stm32f1xx_drivers.bin"
   text	   data	    bss	    dec	    hex	filename
   3000	      8	   1568	   4576	   11e0	stm32f1xx_drivers.elf
Finished building: default.size.stdout
 
Finished building: stm32f1xx_drivers.bin
Finished building: stm32f1xx_drivers.list
 
 
01:35:39 **** Incremental Build of configuration Debug for project stm32f1xx_drivers ****
make -j4 all 
arm-none-eabi-size   stm32f1xx_drivers.elf 
   text	   data	    bss	    dec	    hex	filename
   3000	      8	   1568	   4576	   11e0	stm32f1xx_drivers.elf
Finished building: default.size.stdout
 
01:36:46 **** Incremental Build of configuration Debug for project stm32f1xx_drivers ****
make -j4 all 
arm-none-eabi-size   stm32f1xx_drivers.elf 
   text	   data	    bss	    dec	    hex	filename
   3000	      8	   1568	   4576	   11e0	stm32f1xx_drivers.elf
Finished building: default.size.stdout
 
01:45:25 **** Clean-only build of configuration Debug for project stm32f1xx_drivers ****
make -j4 clean 
rm -rf *
 
01:45:27 **** Incremental Build of configuration Debug for project stm32f1xx_drivers ****
make -j4 all 
arm-none-eabi-gcc "../drivers/Src/stm32f103xx_gpio_driver.c" -mcpu=cortex-m3 -std=gnu11 -g3 -DSTM32 -DSTM32F1 -DSTM32F103C8Tx -DDEBUG -c -I"A:/ERCAN/code/stm32f1xx_drivers/drivers/Inc" -O0 -ffunction-sections -fdata-sections -Wall -fstack-usage -MMD -MP -MF"drivers/Src/stm32f103xx_gpio_driver.d" -MT"drivers/Src/stm32f103xx_gpio_driver.o" --specs=nano.specs -mfloat-abi=soft -mthumb -o "drivers/Src/stm32f103xx_gpio_driver.o"
arm-none-eabi-gcc "../drivers/Src/stm32f103xx_spi_driver.c" -mcpu=cortex-m3 -std=gnu11 -g3 -DSTM32 -DSTM32F1 -DSTM32F103C8Tx -DDEBUG -c -I"A:/ERCAN/code/stm32f1xx_drivers/drivers/Inc" -O0 -ffunction-sections -fdata-sections -Wall -fstack-usage -MMD -MP -MF"drivers/Src/stm32f103xx_spi_driver.d" -MT"drivers/Src/stm32f103xx_spi_driver.o" --specs=nano.specs -mfloat-abi=soft -mthumb -o "drivers/Src/stm32f103xx_spi_driver.o"
arm-none-eabi-gcc -mcpu=cortex-m3 -g3 -c -x assembler-with-cpp --specs=nano.specs -mfloat-abi=soft -mthumb -o "Startup/startup_stm32f103c8tx.o" "../Startup/startup_stm32f103c8tx.s"
arm-none-eabi-gcc "../Src/spi_stm32f103xx_slave.c" -mcpu=cortex-m3 -std=gnu11 -g3 -DSTM32 -DSTM32F1 -DSTM32F103C8Tx -DDEBUG -c -I"A:/ERCAN/code/stm32f1xx_drivers/drivers/Inc" -O0 -ffunction-sections -fdata-sections -Wall -fstack-usage -MMD -MP -MF"Src/spi_stm32f103xx_slave.d" -MT"Src/spi_stm32f103xx_slave.o" --specs=nano.specs -mfloat-abi=soft -mthumb -o "Src/spi_stm32f103xx_slave.o"
arm-none-eabi-gcc "../Src/syscalls.c" -mcpu=cortex-m3 -std=gnu11 -g3 -DSTM32 -DSTM32F1 -DSTM32F103C8Tx -DDEBUG -c -I"A:/ERCAN/code/stm32f1xx_drivers/drivers/Inc" -O0 -ffunction-sections -fdata-sections -Wall -fstack-usage -MMD -MP -MF"Src/syscalls.d" -MT"Src/syscalls.o" --specs=nano.specs -mfloat-abi=soft -mthumb -o "Src/syscalls.o"
arm-none-eabi-gcc "../Src/sysmem.c" -mcpu=cortex-m3 -std=gnu11 -g3 -DSTM32 -DSTM32F1 -DSTM32F103C8Tx -DDEBUG -c -I"A:/ERCAN/code/stm32f1xx_drivers/drivers/Inc" -O0 -ffunction-sections -fdata-sections -Wall -fstack-usage -MMD -MP -MF"Src/sysmem.d" -MT"Src/sysmem.o" --specs=nano.specs -mfloat-abi=soft -mthumb -o "Src/sysmem.o"
arm-none-eabi-gcc -o "stm32f1xx_drivers.elf" @"objects.list"   -mcpu=cortex-m3 -T"A:\ERCAN\code\stm32f1xx_drivers\STM32F103C8TX_FLASH.ld" --specs=nosys.specs -Wl,-Map="stm32f1xx_drivers.map" -Wl,--gc-sections -static --specs=nano.specs -mfloat-abi=soft -mthumb -Wl,--start-group -lc -lm -Wl,--end-group
Finished building target: stm32f1xx_drivers.elf
 
arm-none-eabi-size   stm32f1xx_drivers.elf 
arm-none-eabi-objdump -h -S  stm32f1xx_drivers.elf  > "stm32f1xx_drivers.list"
arm-none-eabi-objcopy  -O binary  stm32f1xx_drivers.elf  "stm32f1xx_drivers.bin"
   text	   data	    bss	    dec	    hex	filename
   2824	      8	   1568	   4400	   1130	stm32f1xx_drivers.elf
Finished building: default.size.stdout
 
Finished building: stm32f1xx_drivers.bin
Finished building: stm32f1xx_drivers.list
 
 
01:46:38 **** Incremental Build of configuration Debug for project stm32f1xx_drivers ****
make -j4 all 
arm-none-eabi-gcc "../Src/spi_stm32f103xx_slave.c" -mcpu=cortex-m3 -std=gnu11 -g3 -DSTM32 -DSTM32F1 -DSTM32F103C8Tx -DDEBUG -c -I"A:/ERCAN/code/stm32f1xx_drivers/drivers/Inc" -O0 -ffunction-sections -fdata-sections -Wall -fstack-usage -MMD -MP -MF"Src/spi_stm32f103xx_slave.d" -MT"Src/spi_stm32f103xx_slave.o" --specs=nano.specs -mfloat-abi=soft -mthumb -o "Src/spi_stm32f103xx_slave.o"
arm-none-eabi-gcc -o "stm32f1xx_drivers.elf" @"objects.list"   -mcpu=cortex-m3 -T"A:\ERCAN\code\stm32f1xx_drivers\STM32F103C8TX_FLASH.ld" --specs=nosys.specs -Wl,-Map="stm32f1xx_drivers.map" -Wl,--gc-sections -static --specs=nano.specs -mfloat-abi=soft -mthumb -Wl,--start-group -lc -lm -Wl,--end-group
Finished building target: stm32f1xx_drivers.elf
 
arm-none-eabi-objdump -h -S  stm32f1xx_drivers.elf  > "stm32f1xx_drivers.list"
arm-none-eabi-objcopy  -O binary  stm32f1xx_drivers.elf  "stm32f1xx_drivers.bin"
arm-none-eabi-size   stm32f1xx_drivers.elf 
   text	   data	    bss	    dec	    hex	filename
   2764	      8	   1568	   4340	   10f4	stm32f1xx_drivers.elf
Finished building: default.size.stdout
 
Finished building: stm32f1xx_drivers.list
Finished building: stm32f1xx_drivers.bin
 
 
19:00:03 **** Clean-only build of configuration Debug for project stm32f1xx_drivers ****
make -j4 clean 
rm -rf *
 
19:00:07 **** Incremental Build of configuration Debug for project stm32f1xx_drivers ****
make -j4 all 
arm-none-eabi-gcc "../drivers/Src/stm32f103xx_gpio_driver.c" -mcpu=cortex-m3 -std=gnu11 -g3 -DSTM32 -DSTM32F1 -DSTM32F103C8Tx -DDEBUG -c -I"A:/ERCAN/code/stm32f1xx_drivers/drivers/Inc" -O0 -ffunction-sections -fdata-sections -Wall -fstack-usage -MMD -MP -MF"drivers/Src/stm32f103xx_gpio_driver.d" -MT"drivers/Src/stm32f103xx_gpio_driver.o" --specs=nano.specs -mfloat-abi=soft -mthumb -o "drivers/Src/stm32f103xx_gpio_driver.o"
arm-none-eabi-gcc "../drivers/Src/stm32f103xx_i2c_driver.c" -mcpu=cortex-m3 -std=gnu11 -g3 -DSTM32 -DSTM32F1 -DSTM32F103C8Tx -DDEBUG -c -I"A:/ERCAN/code/stm32f1xx_drivers/drivers/Inc" -O0 -ffunction-sections -fdata-sections -Wall -fstack-usage -MMD -MP -MF"drivers/Src/stm32f103xx_i2c_driver.d" -MT"drivers/Src/stm32f103xx_i2c_driver.o" --specs=nano.specs -mfloat-abi=soft -mthumb -o "drivers/Src/stm32f103xx_i2c_driver.o"
arm-none-eabi-gcc "../drivers/Src/stm32f103xx_spi_driver.c" -mcpu=cortex-m3 -std=gnu11 -g3 -DSTM32 -DSTM32F1 -DSTM32F103C8Tx -DDEBUG -c -I"A:/ERCAN/code/stm32f1xx_drivers/drivers/Inc" -O0 -ffunction-sections -fdata-sections -Wall -fstack-usage -MMD -MP -MF"drivers/Src/stm32f103xx_spi_driver.d" -MT"drivers/Src/stm32f103xx_spi_driver.o" --specs=nano.specs -mfloat-abi=soft -mthumb -o "drivers/Src/stm32f103xx_spi_driver.o"
arm-none-eabi-gcc -mcpu=cortex-m3 -g3 -c -x assembler-with-cpp --specs=nano.specs -mfloat-abi=soft -mthumb -o "Startup/startup_stm32f103c8tx.o" "../Startup/startup_stm32f103c8tx.s"
In file included from A:/ERCAN/code/stm32f1xx_drivers/drivers/Inc/stm32f103xx.h:469:0,
                 from A:/ERCAN/code/stm32f1xx_drivers/drivers/Inc/stm32f103xx_gpio_driver.h:11,
                 from ../drivers/Src/stm32f103xx_gpio_driver.c:8:
A:/ERCAN/code/stm32f1xx_drivers/drivers/Inc/stm32f103xx_i2c_driver.h:44:23: warning: ISO C99 requires whitespace after the macro name
 #define I2C_FM_DUTY_16/9  1
                       ^
In file included from A:/ERCAN/code/stm32f1xx_drivers/drivers/Inc/stm32f103xx.h:469:0,
                 from A:/ERCAN/code/stm32f1xx_drivers/drivers/Inc/stm32f103xx_spi_driver.h:11,
                 from ../drivers/Src/stm32f103xx_spi_driver.c:8:
A:/ERCAN/code/stm32f1xx_drivers/drivers/Inc/stm32f103xx_i2c_driver.h:44:23: warning: ISO C99 requires whitespace after the macro name
 #define I2C_FM_DUTY_16/9  1
                       ^
In file included from ../drivers/Src/stm32f103xx_i2c_driver.c:8:0:
A:/ERCAN/code/stm32f1xx_drivers/drivers/Inc/stm32f103xx_i2c_driver.h:44:23: warning: ISO C99 requires whitespace after the macro name
 #define I2C_FM_DUTY_16/9  1
                       ^
../drivers/Src/stm32f103xx_i2c_driver.c:10:45: warning: large integer implicitly truncated to unsigned type [-Woverflow]
 uint8_t AHB_Prescaler[8] = {2,4,8,16,64,128,256,512};
                                             ^~~
../drivers/Src/stm32f103xx_i2c_driver.c:10:49: warning: large integer implicitly truncated to unsigned type [-Woverflow]
 uint8_t AHB_Prescaler[8] = {2,4,8,16,64,128,256,512};
                                                 ^~~
../drivers/Src/stm32f103xx_i2c_driver.c: In function 'I2C_Init':
../drivers/Src/stm32f103xx_i2c_driver.c:51:43: warning: statement with no effect [-Wunused-value]
  pI2CHandle->I2C_Config.I2C_DeviceAddress << 1 ; // ADD0 bit 7bit addressing mode:don't care
  ~~~~~~~~~~~~~~~~~~~~~~~~~~~~~~~~~~~~~~~~~^~~~
../drivers/Src/stm32f103xx_i2c_driver.c: In function 'RCC_PCLK1_GetValue':
../drivers/Src/stm32f103xx_i2c_driver.c:109:10: warning: value computed is not used [-Wunused-value]
   SYSCLK == RCC_PLLOutputClock();
   ~~~~~~~^~~~~~~~~~~~~~~~~~~~~~~
../drivers/Src/stm32f103xx_i2c_driver.c:112:2: error: 'temp' undeclared (first use in this function)
  temp = ((RCC->CFRG >> RCC_CFGR_HPRE) & 0xF);
  ^~~~
../drivers/Src/stm32f103xx_i2c_driver.c:112:2: note: each undeclared identifier is reported only once for each function it appears in
../drivers/Src/stm32f103xx_i2c_driver.c: In function 'I2C_GetFlagStatus':
../drivers/Src/stm32f103xx_i2c_driver.c:139:1: warning: control reaches end of non-void function [-Wreturn-type]
 }
 ^
make: *** [drivers/Src/subdir.mk:26: drivers/Src/stm32f103xx_i2c_driver.o] Error 1
make: *** Waiting for unfinished jobs....
"make -j4 all" terminated with exit code 2. Build might be incomplete.
19:01:39 **** Incremental Build of configuration Debug for project stm32f1xx_drivers ****
make -j4 all 
arm-none-eabi-gcc "../drivers/Src/stm32f103xx_i2c_driver.c" -mcpu=cortex-m3 -std=gnu11 -g3 -DSTM32 -DSTM32F1 -DSTM32F103C8Tx -DDEBUG -c -I"A:/ERCAN/code/stm32f1xx_drivers/drivers/Inc" -O0 -ffunction-sections -fdata-sections -Wall -fstack-usage -MMD -MP -MF"drivers/Src/stm32f103xx_i2c_driver.d" -MT"drivers/Src/stm32f103xx_i2c_driver.o" --specs=nano.specs -mfloat-abi=soft -mthumb -o "drivers/Src/stm32f103xx_i2c_driver.o"
arm-none-eabi-gcc "../Src/spi_stm32f103xx_slave.c" -mcpu=cortex-m3 -std=gnu11 -g3 -DSTM32 -DSTM32F1 -DSTM32F103C8Tx -DDEBUG -c -I"A:/ERCAN/code/stm32f1xx_drivers/drivers/Inc" -O0 -ffunction-sections -fdata-sections -Wall -fstack-usage -MMD -MP -MF"Src/spi_stm32f103xx_slave.d" -MT"Src/spi_stm32f103xx_slave.o" --specs=nano.specs -mfloat-abi=soft -mthumb -o "Src/spi_stm32f103xx_slave.o"
arm-none-eabi-gcc "../Src/syscalls.c" -mcpu=cortex-m3 -std=gnu11 -g3 -DSTM32 -DSTM32F1 -DSTM32F103C8Tx -DDEBUG -c -I"A:/ERCAN/code/stm32f1xx_drivers/drivers/Inc" -O0 -ffunction-sections -fdata-sections -Wall -fstack-usage -MMD -MP -MF"Src/syscalls.d" -MT"Src/syscalls.o" --specs=nano.specs -mfloat-abi=soft -mthumb -o "Src/syscalls.o"
arm-none-eabi-gcc "../Src/sysmem.c" -mcpu=cortex-m3 -std=gnu11 -g3 -DSTM32 -DSTM32F1 -DSTM32F103C8Tx -DDEBUG -c -I"A:/ERCAN/code/stm32f1xx_drivers/drivers/Inc" -O0 -ffunction-sections -fdata-sections -Wall -fstack-usage -MMD -MP -MF"Src/sysmem.d" -MT"Src/sysmem.o" --specs=nano.specs -mfloat-abi=soft -mthumb -o "Src/sysmem.o"
In file included from ../drivers/Src/stm32f103xx_i2c_driver.c:8:0:
A:/ERCAN/code/stm32f1xx_drivers/drivers/Inc/stm32f103xx_i2c_driver.h:44:23: warning: ISO C99 requires whitespace after the macro name
 #define I2C_FM_DUTY_16/9  1
                       ^
../drivers/Src/stm32f103xx_i2c_driver.c:10:45: warning: large integer implicitly truncated to unsigned type [-Woverflow]
 uint8_t AHB_Prescaler[8] = {2,4,8,16,64,128,256,512};
                                             ^~~
../drivers/Src/stm32f103xx_i2c_driver.c:10:49: warning: large integer implicitly truncated to unsigned type [-Woverflow]
 uint8_t AHB_Prescaler[8] = {2,4,8,16,64,128,256,512};
                                                 ^~~
../drivers/Src/stm32f103xx_i2c_driver.c: In function 'I2C_Init':
../drivers/Src/stm32f103xx_i2c_driver.c:51:43: warning: statement with no effect [-Wunused-value]
  pI2CHandle->I2C_Config.I2C_DeviceAddress << 1 ; // ADD0 bit 7bit addressing mode:don't care
  ~~~~~~~~~~~~~~~~~~~~~~~~~~~~~~~~~~~~~~~~~^~~~
../drivers/Src/stm32f103xx_i2c_driver.c: In function 'RCC_PCLK1_GetValue':
../drivers/Src/stm32f103xx_i2c_driver.c:109:10: warning: value computed is not used [-Wunused-value]
   SYSCLK == RCC_PLLOutputClock();
   ~~~~~~~^~~~~~~~~~~~~~~~~~~~~~~
../drivers/Src/stm32f103xx_i2c_driver.c: In function 'I2C_GetFlagStatus':
../drivers/Src/stm32f103xx_i2c_driver.c:139:1: warning: control reaches end of non-void function [-Wreturn-type]
 }
 ^
In file included from A:/ERCAN/code/stm32f1xx_drivers/drivers/Inc/stm32f103xx.h:469:0,
                 from ../Src/spi_stm32f103xx_slave.c:15:
A:/ERCAN/code/stm32f1xx_drivers/drivers/Inc/stm32f103xx_i2c_driver.h:44:23: warning: ISO C99 requires whitespace after the macro name
 #define I2C_FM_DUTY_16/9  1
                       ^
arm-none-eabi-gcc -o "stm32f1xx_drivers.elf" @"objects.list"   -mcpu=cortex-m3 -T"A:\ERCAN\code\stm32f1xx_drivers\STM32F103C8TX_FLASH.ld" --specs=nosys.specs -Wl,-Map="stm32f1xx_drivers.map" -Wl,--gc-sections -static --specs=nano.specs -mfloat-abi=soft -mthumb -Wl,--start-group -lc -lm -Wl,--end-group
Finished building target: stm32f1xx_drivers.elf
 
arm-none-eabi-size   stm32f1xx_drivers.elf 
arm-none-eabi-objdump -h -S  stm32f1xx_drivers.elf  > "stm32f1xx_drivers.list"
arm-none-eabi-objcopy  -O binary  stm32f1xx_drivers.elf  "stm32f1xx_drivers.bin"
   text	   data	    bss	    dec	    hex	filename
   2764	      8	   1568	   4340	   10f4	stm32f1xx_drivers.elf
Finished building: default.size.stdout
 
Finished building: stm32f1xx_drivers.bin
Finished building: stm32f1xx_drivers.list
 
 
19:03:09 **** Incremental Build of configuration Debug for project stm32f1xx_drivers ****
make -j4 all 
arm-none-eabi-gcc "../drivers/Src/stm32f103xx_gpio_driver.c" -mcpu=cortex-m3 -std=gnu11 -g3 -DSTM32 -DSTM32F1 -DSTM32F103C8Tx -DDEBUG -c -I"A:/ERCAN/code/stm32f1xx_drivers/drivers/Inc" -O0 -ffunction-sections -fdata-sections -Wall -fstack-usage -MMD -MP -MF"drivers/Src/stm32f103xx_gpio_driver.d" -MT"drivers/Src/stm32f103xx_gpio_driver.o" --specs=nano.specs -mfloat-abi=soft -mthumb -o "drivers/Src/stm32f103xx_gpio_driver.o"
arm-none-eabi-gcc "../drivers/Src/stm32f103xx_i2c_driver.c" -mcpu=cortex-m3 -std=gnu11 -g3 -DSTM32 -DSTM32F1 -DSTM32F103C8Tx -DDEBUG -c -I"A:/ERCAN/code/stm32f1xx_drivers/drivers/Inc" -O0 -ffunction-sections -fdata-sections -Wall -fstack-usage -MMD -MP -MF"drivers/Src/stm32f103xx_i2c_driver.d" -MT"drivers/Src/stm32f103xx_i2c_driver.o" --specs=nano.specs -mfloat-abi=soft -mthumb -o "drivers/Src/stm32f103xx_i2c_driver.o"
arm-none-eabi-gcc "../drivers/Src/stm32f103xx_spi_driver.c" -mcpu=cortex-m3 -std=gnu11 -g3 -DSTM32 -DSTM32F1 -DSTM32F103C8Tx -DDEBUG -c -I"A:/ERCAN/code/stm32f1xx_drivers/drivers/Inc" -O0 -ffunction-sections -fdata-sections -Wall -fstack-usage -MMD -MP -MF"drivers/Src/stm32f103xx_spi_driver.d" -MT"drivers/Src/stm32f103xx_spi_driver.o" --specs=nano.specs -mfloat-abi=soft -mthumb -o "drivers/Src/stm32f103xx_spi_driver.o"
arm-none-eabi-gcc "../Src/spi_stm32f103xx_slave.c" -mcpu=cortex-m3 -std=gnu11 -g3 -DSTM32 -DSTM32F1 -DSTM32F103C8Tx -DDEBUG -c -I"A:/ERCAN/code/stm32f1xx_drivers/drivers/Inc" -O0 -ffunction-sections -fdata-sections -Wall -fstack-usage -MMD -MP -MF"Src/spi_stm32f103xx_slave.d" -MT"Src/spi_stm32f103xx_slave.o" --specs=nano.specs -mfloat-abi=soft -mthumb -o "Src/spi_stm32f103xx_slave.o"
../drivers/Src/stm32f103xx_i2c_driver.c:10:45: warning: large integer implicitly truncated to unsigned type [-Woverflow]
 uint8_t AHB_Prescaler[8] = {2,4,8,16,64,128,256,512};
                                             ^~~
../drivers/Src/stm32f103xx_i2c_driver.c:10:49: warning: large integer implicitly truncated to unsigned type [-Woverflow]
 uint8_t AHB_Prescaler[8] = {2,4,8,16,64,128,256,512};
                                                 ^~~
../drivers/Src/stm32f103xx_i2c_driver.c: In function 'I2C_Init':
../drivers/Src/stm32f103xx_i2c_driver.c:51:43: warning: statement with no effect [-Wunused-value]
  pI2CHandle->I2C_Config.I2C_DeviceAddress << 1 ; // ADD0 bit 7bit addressing mode:don't care
  ~~~~~~~~~~~~~~~~~~~~~~~~~~~~~~~~~~~~~~~~~^~~~
../drivers/Src/stm32f103xx_i2c_driver.c: In function 'RCC_PCLK1_GetValue':
../drivers/Src/stm32f103xx_i2c_driver.c:109:10: warning: value computed is not used [-Wunused-value]
   SYSCLK == RCC_PLLOutputClock();
   ~~~~~~~^~~~~~~~~~~~~~~~~~~~~~~
../drivers/Src/stm32f103xx_i2c_driver.c: In function 'I2C_GetFlagStatus':
../drivers/Src/stm32f103xx_i2c_driver.c:139:1: warning: control reaches end of non-void function [-Wreturn-type]
 }
 ^
arm-none-eabi-gcc -o "stm32f1xx_drivers.elf" @"objects.list"   -mcpu=cortex-m3 -T"A:\ERCAN\code\stm32f1xx_drivers\STM32F103C8TX_FLASH.ld" --specs=nosys.specs -Wl,-Map="stm32f1xx_drivers.map" -Wl,--gc-sections -static --specs=nano.specs -mfloat-abi=soft -mthumb -Wl,--start-group -lc -lm -Wl,--end-group
Finished building target: stm32f1xx_drivers.elf
 
arm-none-eabi-objdump -h -S  stm32f1xx_drivers.elf  > "stm32f1xx_drivers.list"
arm-none-eabi-objcopy  -O binary  stm32f1xx_drivers.elf  "stm32f1xx_drivers.bin"
arm-none-eabi-size   stm32f1xx_drivers.elf 
   text	   data	    bss	    dec	    hex	filename
   2764	      8	   1568	   4340	   10f4	stm32f1xx_drivers.elf
Finished building: default.size.stdout
 
Finished building: stm32f1xx_drivers.bin
 
Finished building: stm32f1xx_drivers.list
 
19:04:11 **** Incremental Build of configuration Debug for project stm32f1xx_drivers ****
make -j4 all 
arm-none-eabi-gcc "../drivers/Src/stm32f103xx_i2c_driver.c" -mcpu=cortex-m3 -std=gnu11 -g3 -DSTM32 -DSTM32F1 -DSTM32F103C8Tx -DDEBUG -c -I"A:/ERCAN/code/stm32f1xx_drivers/drivers/Inc" -O0 -ffunction-sections -fdata-sections -Wall -fstack-usage -MMD -MP -MF"drivers/Src/stm32f103xx_i2c_driver.d" -MT"drivers/Src/stm32f103xx_i2c_driver.o" --specs=nano.specs -mfloat-abi=soft -mthumb -o "drivers/Src/stm32f103xx_i2c_driver.o"
../drivers/Src/stm32f103xx_i2c_driver.c:10:45: warning: large integer implicitly truncated to unsigned type [-Woverflow]
 uint8_t AHB_Prescaler[8] = {2,4,8,16,64,128,256,512};
                                             ^~~
../drivers/Src/stm32f103xx_i2c_driver.c:10:49: warning: large integer implicitly truncated to unsigned type [-Woverflow]
 uint8_t AHB_Prescaler[8] = {2,4,8,16,64,128,256,512};
                                                 ^~~
../drivers/Src/stm32f103xx_i2c_driver.c: In function 'I2C_Init':
../drivers/Src/stm32f103xx_i2c_driver.c:51:43: warning: statement with no effect [-Wunused-value]
  pI2CHandle->I2C_Config.I2C_DeviceAddress << 1 ; // ADD0 bit 7bit addressing mode:don't care
  ~~~~~~~~~~~~~~~~~~~~~~~~~~~~~~~~~~~~~~~~~^~~~
../drivers/Src/stm32f103xx_i2c_driver.c: In function 'RCC_PCLK1_GetValue':
../drivers/Src/stm32f103xx_i2c_driver.c:109:10: warning: value computed is not used [-Wunused-value]
   SYSCLK == RCC_PLLOutputClock();
   ~~~~~~~^~~~~~~~~~~~~~~~~~~~~~~
arm-none-eabi-gcc -o "stm32f1xx_drivers.elf" @"objects.list"   -mcpu=cortex-m3 -T"A:\ERCAN\code\stm32f1xx_drivers\STM32F103C8TX_FLASH.ld" --specs=nosys.specs -Wl,-Map="stm32f1xx_drivers.map" -Wl,--gc-sections -static --specs=nano.specs -mfloat-abi=soft -mthumb -Wl,--start-group -lc -lm -Wl,--end-group
Finished building target: stm32f1xx_drivers.elf
 
arm-none-eabi-objdump -h -S  stm32f1xx_drivers.elf  > "stm32f1xx_drivers.list"
arm-none-eabi-objcopy  -O binary  stm32f1xx_drivers.elf  "stm32f1xx_drivers.bin"
arm-none-eabi-size   stm32f1xx_drivers.elf 
   text	   data	    bss	    dec	    hex	filename
   2764	      8	   1568	   4340	   10f4	stm32f1xx_drivers.elf
Finished building: default.size.stdout
 
Finished building: stm32f1xx_drivers.bin
 
Finished building: stm32f1xx_drivers.list
 
19:04:31 **** Incremental Build of configuration Debug for project stm32f1xx_drivers ****
make -j4 all 
arm-none-eabi-gcc "../drivers/Src/stm32f103xx_i2c_driver.c" -mcpu=cortex-m3 -std=gnu11 -g3 -DSTM32 -DSTM32F1 -DSTM32F103C8Tx -DDEBUG -c -I"A:/ERCAN/code/stm32f1xx_drivers/drivers/Inc" -O0 -ffunction-sections -fdata-sections -Wall -fstack-usage -MMD -MP -MF"drivers/Src/stm32f103xx_i2c_driver.d" -MT"drivers/Src/stm32f103xx_i2c_driver.o" --specs=nano.specs -mfloat-abi=soft -mthumb -o "drivers/Src/stm32f103xx_i2c_driver.o"
../drivers/Src/stm32f103xx_i2c_driver.c: In function 'I2C_Init':
../drivers/Src/stm32f103xx_i2c_driver.c:51:43: warning: statement with no effect [-Wunused-value]
  pI2CHandle->I2C_Config.I2C_DeviceAddress << 1 ; // ADD0 bit 7bit addressing mode:don't care
  ~~~~~~~~~~~~~~~~~~~~~~~~~~~~~~~~~~~~~~~~~^~~~
../drivers/Src/stm32f103xx_i2c_driver.c: In function 'RCC_PCLK1_GetValue':
../drivers/Src/stm32f103xx_i2c_driver.c:109:10: warning: value computed is not used [-Wunused-value]
   SYSCLK == RCC_PLLOutputClock();
   ~~~~~~~^~~~~~~~~~~~~~~~~~~~~~~
arm-none-eabi-gcc -o "stm32f1xx_drivers.elf" @"objects.list"   -mcpu=cortex-m3 -T"A:\ERCAN\code\stm32f1xx_drivers\STM32F103C8TX_FLASH.ld" --specs=nosys.specs -Wl,-Map="stm32f1xx_drivers.map" -Wl,--gc-sections -static --specs=nano.specs -mfloat-abi=soft -mthumb -Wl,--start-group -lc -lm -Wl,--end-group
Finished building target: stm32f1xx_drivers.elf
 
arm-none-eabi-objdump -h -S  stm32f1xx_drivers.elf  > "stm32f1xx_drivers.list"
arm-none-eabi-objcopy  -O binary  stm32f1xx_drivers.elf  "stm32f1xx_drivers.bin"
arm-none-eabi-size   stm32f1xx_drivers.elf 
   text	   data	    bss	    dec	    hex	filename
   2764	      8	   1568	   4340	   10f4	stm32f1xx_drivers.elf
Finished building: default.size.stdout
 
Finished building: stm32f1xx_drivers.bin
Finished building: stm32f1xx_drivers.list
 
 
19:06:01 **** Incremental Build of configuration Debug for project stm32f1xx_drivers ****
make -j4 all 
arm-none-eabi-gcc "../drivers/Src/stm32f103xx_i2c_driver.c" -mcpu=cortex-m3 -std=gnu11 -g3 -DSTM32 -DSTM32F1 -DSTM32F103C8Tx -DDEBUG -c -I"A:/ERCAN/code/stm32f1xx_drivers/drivers/Inc" -O0 -ffunction-sections -fdata-sections -Wall -fstack-usage -MMD -MP -MF"drivers/Src/stm32f103xx_i2c_driver.d" -MT"drivers/Src/stm32f103xx_i2c_driver.o" --specs=nano.specs -mfloat-abi=soft -mthumb -o "drivers/Src/stm32f103xx_i2c_driver.o"
../drivers/Src/stm32f103xx_i2c_driver.c: In function 'I2C_Init':
../drivers/Src/stm32f103xx_i2c_driver.c:51:43: warning: statement with no effect [-Wunused-value]
  pI2CHandle->I2C_Config.I2C_DeviceAddress << 1 ; // ADD0 bit 7bit addressing mode:don't care
  ~~~~~~~~~~~~~~~~~~~~~~~~~~~~~~~~~~~~~~~~~^~~~
../drivers/Src/stm32f103xx_i2c_driver.c: In function 'RCC_PCLK1_GetValue':
../drivers/Src/stm32f103xx_i2c_driver.c:109:10: warning: value computed is not used [-Wunused-value]
   SYSCLK == RCC_PLLOutputClock();
   ~~~~~~~^~~~~~~~~~~~~~~~~~~~~~~
arm-none-eabi-gcc -o "stm32f1xx_drivers.elf" @"objects.list"   -mcpu=cortex-m3 -T"A:\ERCAN\code\stm32f1xx_drivers\STM32F103C8TX_FLASH.ld" --specs=nosys.specs -Wl,-Map="stm32f1xx_drivers.map" -Wl,--gc-sections -static --specs=nano.specs -mfloat-abi=soft -mthumb -Wl,--start-group -lc -lm -Wl,--end-group
Finished building target: stm32f1xx_drivers.elf
 
arm-none-eabi-objdump -h -S  stm32f1xx_drivers.elf  > "stm32f1xx_drivers.list"
arm-none-eabi-objcopy  -O binary  stm32f1xx_drivers.elf  "stm32f1xx_drivers.bin"
arm-none-eabi-size   stm32f1xx_drivers.elf 
   text	   data	    bss	    dec	    hex	filename
   2764	      8	   1568	   4340	   10f4	stm32f1xx_drivers.elf
Finished building: default.size.stdout
 
Finished building: stm32f1xx_drivers.list
Finished building: stm32f1xx_drivers.bin
 
 
19:06:44 **** Incremental Build of configuration Debug for project stm32f1xx_drivers ****
make -j4 all 
arm-none-eabi-gcc "../drivers/Src/stm32f103xx_gpio_driver.c" -mcpu=cortex-m3 -std=gnu11 -g3 -DSTM32 -DSTM32F1 -DSTM32F103C8Tx -DDEBUG -c -I"A:/ERCAN/code/stm32f1xx_drivers/drivers/Inc" -O0 -ffunction-sections -fdata-sections -Wall -fstack-usage -MMD -MP -MF"drivers/Src/stm32f103xx_gpio_driver.d" -MT"drivers/Src/stm32f103xx_gpio_driver.o" --specs=nano.specs -mfloat-abi=soft -mthumb -o "drivers/Src/stm32f103xx_gpio_driver.o"
arm-none-eabi-gcc "../drivers/Src/stm32f103xx_i2c_driver.c" -mcpu=cortex-m3 -std=gnu11 -g3 -DSTM32 -DSTM32F1 -DSTM32F103C8Tx -DDEBUG -c -I"A:/ERCAN/code/stm32f1xx_drivers/drivers/Inc" -O0 -ffunction-sections -fdata-sections -Wall -fstack-usage -MMD -MP -MF"drivers/Src/stm32f103xx_i2c_driver.d" -MT"drivers/Src/stm32f103xx_i2c_driver.o" --specs=nano.specs -mfloat-abi=soft -mthumb -o "drivers/Src/stm32f103xx_i2c_driver.o"
arm-none-eabi-gcc "../drivers/Src/stm32f103xx_spi_driver.c" -mcpu=cortex-m3 -std=gnu11 -g3 -DSTM32 -DSTM32F1 -DSTM32F103C8Tx -DDEBUG -c -I"A:/ERCAN/code/stm32f1xx_drivers/drivers/Inc" -O0 -ffunction-sections -fdata-sections -Wall -fstack-usage -MMD -MP -MF"drivers/Src/stm32f103xx_spi_driver.d" -MT"drivers/Src/stm32f103xx_spi_driver.o" --specs=nano.specs -mfloat-abi=soft -mthumb -o "drivers/Src/stm32f103xx_spi_driver.o"
arm-none-eabi-gcc "../Src/spi_stm32f103xx_slave.c" -mcpu=cortex-m3 -std=gnu11 -g3 -DSTM32 -DSTM32F1 -DSTM32F103C8Tx -DDEBUG -c -I"A:/ERCAN/code/stm32f1xx_drivers/drivers/Inc" -O0 -ffunction-sections -fdata-sections -Wall -fstack-usage -MMD -MP -MF"Src/spi_stm32f103xx_slave.d" -MT"Src/spi_stm32f103xx_slave.o" --specs=nano.specs -mfloat-abi=soft -mthumb -o "Src/spi_stm32f103xx_slave.o"
../drivers/Src/stm32f103xx_i2c_driver.c: In function 'I2C_Init':
../drivers/Src/stm32f103xx_i2c_driver.c:51:43: warning: statement with no effect [-Wunused-value]
  pI2CHandle->I2C_Config.I2C_DeviceAddress << 1 ; // ADD0 bit 7bit addressing mode:don't care
  ~~~~~~~~~~~~~~~~~~~~~~~~~~~~~~~~~~~~~~~~~^~~~
arm-none-eabi-gcc -o "stm32f1xx_drivers.elf" @"objects.list"   -mcpu=cortex-m3 -T"A:\ERCAN\code\stm32f1xx_drivers\STM32F103C8TX_FLASH.ld" --specs=nosys.specs -Wl,-Map="stm32f1xx_drivers.map" -Wl,--gc-sections -static --specs=nano.specs -mfloat-abi=soft -mthumb -Wl,--start-group -lc -lm -Wl,--end-group
Finished building target: stm32f1xx_drivers.elf
 
arm-none-eabi-objdump -h -S  stm32f1xx_drivers.elf  > "stm32f1xx_drivers.list"
arm-none-eabi-objcopy  -O binary  stm32f1xx_drivers.elf  "stm32f1xx_drivers.bin"
arm-none-eabi-size   stm32f1xx_drivers.elf 
   text	   data	    bss	    dec	    hex	filename
   2764	      8	   1568	   4340	   10f4	stm32f1xx_drivers.elf
Finished building: default.size.stdout
 
Finished building: stm32f1xx_drivers.bin
Finished building: stm32f1xx_drivers.list
 
 
19:07:46 **** Incremental Build of configuration Debug for project stm32f1xx_drivers ****
make -j4 all 
arm-none-eabi-gcc "../drivers/Src/stm32f103xx_i2c_driver.c" -mcpu=cortex-m3 -std=gnu11 -g3 -DSTM32 -DSTM32F1 -DSTM32F103C8Tx -DDEBUG -c -I"A:/ERCAN/code/stm32f1xx_drivers/drivers/Inc" -O0 -ffunction-sections -fdata-sections -Wall -fstack-usage -MMD -MP -MF"drivers/Src/stm32f103xx_i2c_driver.d" -MT"drivers/Src/stm32f103xx_i2c_driver.o" --specs=nano.specs -mfloat-abi=soft -mthumb -o "drivers/Src/stm32f103xx_i2c_driver.o"
arm-none-eabi-gcc -o "stm32f1xx_drivers.elf" @"objects.list"   -mcpu=cortex-m3 -T"A:\ERCAN\code\stm32f1xx_drivers\STM32F103C8TX_FLASH.ld" --specs=nosys.specs -Wl,-Map="stm32f1xx_drivers.map" -Wl,--gc-sections -static --specs=nano.specs -mfloat-abi=soft -mthumb -Wl,--start-group -lc -lm -Wl,--end-group
Finished building target: stm32f1xx_drivers.elf
 
arm-none-eabi-objdump -h -S  stm32f1xx_drivers.elf  > "stm32f1xx_drivers.list"
arm-none-eabi-objcopy  -O binary  stm32f1xx_drivers.elf  "stm32f1xx_drivers.bin"
arm-none-eabi-size   stm32f1xx_drivers.elf 
   text	   data	    bss	    dec	    hex	filename
   2764	      8	   1568	   4340	   10f4	stm32f1xx_drivers.elf
Finished building: default.size.stdout
 
Finished building: stm32f1xx_drivers.bin
 
Finished building: stm32f1xx_drivers.list
 
04:27:34 **** Incremental Build of configuration Debug for project stm32f1xx_drivers ****
make -j4 all 
arm-none-eabi-gcc "../drivers/Src/stm32f103xx_gpio_driver.c" -mcpu=cortex-m3 -std=gnu11 -g3 -DSTM32 -DSTM32F1 -DSTM32F103C8Tx -DDEBUG -c -I"A:/ERCAN/code/stm32f1xx_drivers/drivers/Inc" -O0 -ffunction-sections -fdata-sections -Wall -fstack-usage -MMD -MP -MF"drivers/Src/stm32f103xx_gpio_driver.d" -MT"drivers/Src/stm32f103xx_gpio_driver.o" --specs=nano.specs -mfloat-abi=soft -mthumb -o "drivers/Src/stm32f103xx_gpio_driver.o"
arm-none-eabi-gcc "../drivers/Src/stm32f103xx_i2c_driver.c" -mcpu=cortex-m3 -std=gnu11 -g3 -DSTM32 -DSTM32F1 -DSTM32F103C8Tx -DDEBUG -c -I"A:/ERCAN/code/stm32f1xx_drivers/drivers/Inc" -O0 -ffunction-sections -fdata-sections -Wall -fstack-usage -MMD -MP -MF"drivers/Src/stm32f103xx_i2c_driver.d" -MT"drivers/Src/stm32f103xx_i2c_driver.o" --specs=nano.specs -mfloat-abi=soft -mthumb -o "drivers/Src/stm32f103xx_i2c_driver.o"
arm-none-eabi-gcc "../drivers/Src/stm32f103xx_spi_driver.c" -mcpu=cortex-m3 -std=gnu11 -g3 -DSTM32 -DSTM32F1 -DSTM32F103C8Tx -DDEBUG -c -I"A:/ERCAN/code/stm32f1xx_drivers/drivers/Inc" -O0 -ffunction-sections -fdata-sections -Wall -fstack-usage -MMD -MP -MF"drivers/Src/stm32f103xx_spi_driver.d" -MT"drivers/Src/stm32f103xx_spi_driver.o" --specs=nano.specs -mfloat-abi=soft -mthumb -o "drivers/Src/stm32f103xx_spi_driver.o"
arm-none-eabi-gcc "../Src/spi_stm32f103xx_slave.c" -mcpu=cortex-m3 -std=gnu11 -g3 -DSTM32 -DSTM32F1 -DSTM32F103C8Tx -DDEBUG -c -I"A:/ERCAN/code/stm32f1xx_drivers/drivers/Inc" -O0 -ffunction-sections -fdata-sections -Wall -fstack-usage -MMD -MP -MF"Src/spi_stm32f103xx_slave.d" -MT"Src/spi_stm32f103xx_slave.o" --specs=nano.specs -mfloat-abi=soft -mthumb -o "Src/spi_stm32f103xx_slave.o"
../drivers/Src/stm32f103xx_i2c_driver.c: In function 'I2C_MasterSendData':
../drivers/Src/stm32f103xx_i2c_driver.c:169:11: warning: variable 'dummy_read' set but not used [-Wunused-but-set-variable]
  uint16_t dummy_read = pI2CHandle->pI2Cx->SR1;
           ^~~~~~~~~~
arm-none-eabi-gcc -o "stm32f1xx_drivers.elf" @"objects.list"   -mcpu=cortex-m3 -T"A:\ERCAN\code\stm32f1xx_drivers\STM32F103C8TX_FLASH.ld" --specs=nosys.specs -Wl,-Map="stm32f1xx_drivers.map" -Wl,--gc-sections -static --specs=nano.specs -mfloat-abi=soft -mthumb -Wl,--start-group -lc -lm -Wl,--end-group
Finished building target: stm32f1xx_drivers.elf
 
arm-none-eabi-objdump -h -S  stm32f1xx_drivers.elf  > "stm32f1xx_drivers.list"
arm-none-eabi-objcopy  -O binary  stm32f1xx_drivers.elf  "stm32f1xx_drivers.bin"
arm-none-eabi-size   stm32f1xx_drivers.elf 
   text	   data	    bss	    dec	    hex	filename
   2764	      8	   1568	   4340	   10f4	stm32f1xx_drivers.elf
Finished building: default.size.stdout
 
Finished building: stm32f1xx_drivers.bin
 
Finished building: stm32f1xx_drivers.list
 
04:28:35 **** Incremental Build of configuration Debug for project stm32f1xx_drivers ****
make -j4 all 
arm-none-eabi-gcc "../drivers/Src/stm32f103xx_i2c_driver.c" -mcpu=cortex-m3 -std=gnu11 -g3 -DSTM32 -DSTM32F1 -DSTM32F103C8Tx -DDEBUG -c -I"A:/ERCAN/code/stm32f1xx_drivers/drivers/Inc" -O0 -ffunction-sections -fdata-sections -Wall -fstack-usage -MMD -MP -MF"drivers/Src/stm32f103xx_i2c_driver.d" -MT"drivers/Src/stm32f103xx_i2c_driver.o" --specs=nano.specs -mfloat-abi=soft -mthumb -o "drivers/Src/stm32f103xx_i2c_driver.o"
arm-none-eabi-gcc -o "stm32f1xx_drivers.elf" @"objects.list"   -mcpu=cortex-m3 -T"A:\ERCAN\code\stm32f1xx_drivers\STM32F103C8TX_FLASH.ld" --specs=nosys.specs -Wl,-Map="stm32f1xx_drivers.map" -Wl,--gc-sections -static --specs=nano.specs -mfloat-abi=soft -mthumb -Wl,--start-group -lc -lm -Wl,--end-group
Finished building target: stm32f1xx_drivers.elf
 
arm-none-eabi-objdump -h -S  stm32f1xx_drivers.elf  > "stm32f1xx_drivers.list"
arm-none-eabi-objcopy  -O binary  stm32f1xx_drivers.elf  "stm32f1xx_drivers.bin"
arm-none-eabi-size   stm32f1xx_drivers.elf 
   text	   data	    bss	    dec	    hex	filename
   2764	      8	   1568	   4340	   10f4	stm32f1xx_drivers.elf
Finished building: default.size.stdout
 
Finished building: stm32f1xx_drivers.bin
Finished building: stm32f1xx_drivers.list
 
 
04:49:05 **** Incremental Build of configuration Debug for project stm32f1xx_drivers ****
make -j4 all 
arm-none-eabi-gcc "../drivers/Src/stm32f103xx_gpio_driver.c" -mcpu=cortex-m3 -std=gnu11 -g3 -DSTM32 -DSTM32F1 -DSTM32F103C8Tx -DDEBUG -c -I"A:/ERCAN/code/stm32f1xx_drivers/drivers/Inc" -O0 -ffunction-sections -fdata-sections -Wall -fstack-usage -MMD -MP -MF"drivers/Src/stm32f103xx_gpio_driver.d" -MT"drivers/Src/stm32f103xx_gpio_driver.o" --specs=nano.specs -mfloat-abi=soft -mthumb -o "drivers/Src/stm32f103xx_gpio_driver.o"
arm-none-eabi-gcc "../drivers/Src/stm32f103xx_i2c_driver.c" -mcpu=cortex-m3 -std=gnu11 -g3 -DSTM32 -DSTM32F1 -DSTM32F103C8Tx -DDEBUG -c -I"A:/ERCAN/code/stm32f1xx_drivers/drivers/Inc" -O0 -ffunction-sections -fdata-sections -Wall -fstack-usage -MMD -MP -MF"drivers/Src/stm32f103xx_i2c_driver.d" -MT"drivers/Src/stm32f103xx_i2c_driver.o" --specs=nano.specs -mfloat-abi=soft -mthumb -o "drivers/Src/stm32f103xx_i2c_driver.o"
arm-none-eabi-gcc "../drivers/Src/stm32f103xx_spi_driver.c" -mcpu=cortex-m3 -std=gnu11 -g3 -DSTM32 -DSTM32F1 -DSTM32F103C8Tx -DDEBUG -c -I"A:/ERCAN/code/stm32f1xx_drivers/drivers/Inc" -O0 -ffunction-sections -fdata-sections -Wall -fstack-usage -MMD -MP -MF"drivers/Src/stm32f103xx_spi_driver.d" -MT"drivers/Src/stm32f103xx_spi_driver.o" --specs=nano.specs -mfloat-abi=soft -mthumb -o "drivers/Src/stm32f103xx_spi_driver.o"
arm-none-eabi-gcc "../Src/spi_stm32f103xx_slave.c" -mcpu=cortex-m3 -std=gnu11 -g3 -DSTM32 -DSTM32F1 -DSTM32F103C8Tx -DDEBUG -c -I"A:/ERCAN/code/stm32f1xx_drivers/drivers/Inc" -O0 -ffunction-sections -fdata-sections -Wall -fstack-usage -MMD -MP -MF"Src/spi_stm32f103xx_slave.d" -MT"Src/spi_stm32f103xx_slave.o" --specs=nano.specs -mfloat-abi=soft -mthumb -o "Src/spi_stm32f103xx_slave.o"
arm-none-eabi-gcc -o "stm32f1xx_drivers.elf" @"objects.list"   -mcpu=cortex-m3 -T"A:\ERCAN\code\stm32f1xx_drivers\STM32F103C8TX_FLASH.ld" --specs=nosys.specs -Wl,-Map="stm32f1xx_drivers.map" -Wl,--gc-sections -static --specs=nano.specs -mfloat-abi=soft -mthumb -Wl,--start-group -lc -lm -Wl,--end-group
Finished building target: stm32f1xx_drivers.elf
 
arm-none-eabi-objdump -h -S  stm32f1xx_drivers.elf  > "stm32f1xx_drivers.list"
arm-none-eabi-objcopy  -O binary  stm32f1xx_drivers.elf  "stm32f1xx_drivers.bin"
arm-none-eabi-size   stm32f1xx_drivers.elf 
   text	   data	    bss	    dec	    hex	filename
   2764	      8	   1568	   4340	   10f4	stm32f1xx_drivers.elf
Finished building: default.size.stdout
 
Finished building: stm32f1xx_drivers.bin
 
Finished building: stm32f1xx_drivers.list
 
05:01:23 **** Incremental Build of configuration Debug for project stm32f1xx_drivers ****
make -j4 all 
arm-none-eabi-gcc "../drivers/Src/stm32f103xx_gpio_driver.c" -mcpu=cortex-m3 -std=gnu11 -g3 -DSTM32 -DSTM32F1 -DSTM32F103C8Tx -DDEBUG -c -I"A:/ERCAN/code/stm32f1xx_drivers/drivers/Inc" -O0 -ffunction-sections -fdata-sections -Wall -fstack-usage -MMD -MP -MF"drivers/Src/stm32f103xx_gpio_driver.d" -MT"drivers/Src/stm32f103xx_gpio_driver.o" --specs=nano.specs -mfloat-abi=soft -mthumb -o "drivers/Src/stm32f103xx_gpio_driver.o"
arm-none-eabi-gcc "../drivers/Src/stm32f103xx_i2c_driver.c" -mcpu=cortex-m3 -std=gnu11 -g3 -DSTM32 -DSTM32F1 -DSTM32F103C8Tx -DDEBUG -c -I"A:/ERCAN/code/stm32f1xx_drivers/drivers/Inc" -O0 -ffunction-sections -fdata-sections -Wall -fstack-usage -MMD -MP -MF"drivers/Src/stm32f103xx_i2c_driver.d" -MT"drivers/Src/stm32f103xx_i2c_driver.o" --specs=nano.specs -mfloat-abi=soft -mthumb -o "drivers/Src/stm32f103xx_i2c_driver.o"
arm-none-eabi-gcc "../drivers/Src/stm32f103xx_spi_driver.c" -mcpu=cortex-m3 -std=gnu11 -g3 -DSTM32 -DSTM32F1 -DSTM32F103C8Tx -DDEBUG -c -I"A:/ERCAN/code/stm32f1xx_drivers/drivers/Inc" -O0 -ffunction-sections -fdata-sections -Wall -fstack-usage -MMD -MP -MF"drivers/Src/stm32f103xx_spi_driver.d" -MT"drivers/Src/stm32f103xx_spi_driver.o" --specs=nano.specs -mfloat-abi=soft -mthumb -o "drivers/Src/stm32f103xx_spi_driver.o"
arm-none-eabi-gcc "../Src/spi_stm32f103xx_slave.c" -mcpu=cortex-m3 -std=gnu11 -g3 -DSTM32 -DSTM32F1 -DSTM32F103C8Tx -DDEBUG -c -I"A:/ERCAN/code/stm32f1xx_drivers/drivers/Inc" -O0 -ffunction-sections -fdata-sections -Wall -fstack-usage -MMD -MP -MF"Src/spi_stm32f103xx_slave.d" -MT"Src/spi_stm32f103xx_slave.o" --specs=nano.specs -mfloat-abi=soft -mthumb -o "Src/spi_stm32f103xx_slave.o"
arm-none-eabi-gcc -o "stm32f1xx_drivers.elf" @"objects.list"   -mcpu=cortex-m3 -T"A:\ERCAN\code\stm32f1xx_drivers\STM32F103C8TX_FLASH.ld" --specs=nosys.specs -Wl,-Map="stm32f1xx_drivers.map" -Wl,--gc-sections -static --specs=nano.specs -mfloat-abi=soft -mthumb -Wl,--start-group -lc -lm -Wl,--end-group
Finished building target: stm32f1xx_drivers.elf
 
arm-none-eabi-objdump -h -S  stm32f1xx_drivers.elf  > "stm32f1xx_drivers.list"
arm-none-eabi-objcopy  -O binary  stm32f1xx_drivers.elf  "stm32f1xx_drivers.bin"
arm-none-eabi-size   stm32f1xx_drivers.elf 
   text	   data	    bss	    dec	    hex	filename
   2764	      8	   1568	   4340	   10f4	stm32f1xx_drivers.elf
Finished building: default.size.stdout
 
Finished building: stm32f1xx_drivers.bin
Finished building: stm32f1xx_drivers.list
 
 
05:02:04 **** Clean-only build of configuration Debug for project stm32f1xx_drivers ****
make -j4 clean 
rm -rf *
 
05:02:05 **** Incremental Build of configuration Debug for project stm32f1xx_drivers ****
make -j4 all 
arm-none-eabi-gcc "../drivers/Src/stm32f103xx_gpio_driver.c" -mcpu=cortex-m3 -std=gnu11 -g3 -DSTM32 -DSTM32F1 -DSTM32F103C8Tx -DDEBUG -c -I"A:/ERCAN/code/stm32f1xx_drivers/drivers/Inc" -O0 -ffunction-sections -fdata-sections -Wall -fstack-usage -MMD -MP -MF"drivers/Src/stm32f103xx_gpio_driver.d" -MT"drivers/Src/stm32f103xx_gpio_driver.o" --specs=nano.specs -mfloat-abi=soft -mthumb -o "drivers/Src/stm32f103xx_gpio_driver.o"
arm-none-eabi-gcc "../drivers/Src/stm32f103xx_i2c_driver.c" -mcpu=cortex-m3 -std=gnu11 -g3 -DSTM32 -DSTM32F1 -DSTM32F103C8Tx -DDEBUG -c -I"A:/ERCAN/code/stm32f1xx_drivers/drivers/Inc" -O0 -ffunction-sections -fdata-sections -Wall -fstack-usage -MMD -MP -MF"drivers/Src/stm32f103xx_i2c_driver.d" -MT"drivers/Src/stm32f103xx_i2c_driver.o" --specs=nano.specs -mfloat-abi=soft -mthumb -o "drivers/Src/stm32f103xx_i2c_driver.o"
arm-none-eabi-gcc "../drivers/Src/stm32f103xx_spi_driver.c" -mcpu=cortex-m3 -std=gnu11 -g3 -DSTM32 -DSTM32F1 -DSTM32F103C8Tx -DDEBUG -c -I"A:/ERCAN/code/stm32f1xx_drivers/drivers/Inc" -O0 -ffunction-sections -fdata-sections -Wall -fstack-usage -MMD -MP -MF"drivers/Src/stm32f103xx_spi_driver.d" -MT"drivers/Src/stm32f103xx_spi_driver.o" --specs=nano.specs -mfloat-abi=soft -mthumb -o "drivers/Src/stm32f103xx_spi_driver.o"
arm-none-eabi-gcc -mcpu=cortex-m3 -g3 -c -x assembler-with-cpp --specs=nano.specs -mfloat-abi=soft -mthumb -o "Startup/startup_stm32f103c8tx.o" "../Startup/startup_stm32f103c8tx.s"
arm-none-eabi-gcc "../Src/001led_toggle.c" -mcpu=cortex-m3 -std=gnu11 -g3 -DSTM32 -DSTM32F1 -DSTM32F103C8Tx -DDEBUG -c -I"A:/ERCAN/code/stm32f1xx_drivers/drivers/Inc" -O0 -ffunction-sections -fdata-sections -Wall -fstack-usage -MMD -MP -MF"Src/001led_toggle.d" -MT"Src/001led_toggle.o" --specs=nano.specs -mfloat-abi=soft -mthumb -o "Src/001led_toggle.o"
arm-none-eabi-gcc "../Src/syscalls.c" -mcpu=cortex-m3 -std=gnu11 -g3 -DSTM32 -DSTM32F1 -DSTM32F103C8Tx -DDEBUG -c -I"A:/ERCAN/code/stm32f1xx_drivers/drivers/Inc" -O0 -ffunction-sections -fdata-sections -Wall -fstack-usage -MMD -MP -MF"Src/syscalls.d" -MT"Src/syscalls.o" --specs=nano.specs -mfloat-abi=soft -mthumb -o "Src/syscalls.o"
arm-none-eabi-gcc "../Src/sysmem.c" -mcpu=cortex-m3 -std=gnu11 -g3 -DSTM32 -DSTM32F1 -DSTM32F103C8Tx -DDEBUG -c -I"A:/ERCAN/code/stm32f1xx_drivers/drivers/Inc" -O0 -ffunction-sections -fdata-sections -Wall -fstack-usage -MMD -MP -MF"Src/sysmem.d" -MT"Src/sysmem.o" --specs=nano.specs -mfloat-abi=soft -mthumb -o "Src/sysmem.o"
arm-none-eabi-gcc -o "stm32f1xx_drivers.elf" @"objects.list"   -mcpu=cortex-m3 -T"A:\ERCAN\code\stm32f1xx_drivers\STM32F103C8TX_FLASH.ld" --specs=nosys.specs -Wl,-Map="stm32f1xx_drivers.map" -Wl,--gc-sections -static --specs=nano.specs -mfloat-abi=soft -mthumb -Wl,--start-group -lc -lm -Wl,--end-group
Finished building target: stm32f1xx_drivers.elf
 
arm-none-eabi-size   stm32f1xx_drivers.elf 
arm-none-eabi-objdump -h -S  stm32f1xx_drivers.elf  > "stm32f1xx_drivers.list"
arm-none-eabi-objcopy  -O binary  stm32f1xx_drivers.elf  "stm32f1xx_drivers.bin"
   text	   data	    bss	    dec	    hex	filename
   1780	      8	   1568	   3356	    d1c	stm32f1xx_drivers.elf
Finished building: default.size.stdout
 
Finished building: stm32f1xx_drivers.list
Finished building: stm32f1xx_drivers.bin
 
 
05:02:10 **** Incremental Build of configuration Debug for project stm32f1xx_drivers ****
make -j4 all 
arm-none-eabi-size   stm32f1xx_drivers.elf 
   text	   data	    bss	    dec	    hex	filename
   1780	      8	   1568	   3356	    d1c	stm32f1xx_drivers.elf
Finished building: default.size.stdout
 
17:26:47 **** Incremental Build of configuration Debug for project stm32f1xx_drivers ****
make -j4 all 
arm-none-eabi-gcc "../drivers/Src/stm32f103xx_i2c.driver.c" -mcpu=cortex-m3 -std=gnu11 -g3 -DSTM32 -DSTM32F1 -DSTM32F103C8Tx -DDEBUG -c -I"A:/ERCAN/code/stm32f1xx_drivers/drivers/Inc" -O0 -ffunction-sections -fdata-sections -Wall -fstack-usage -MMD -MP -MF"drivers/Src/stm32f103xx_i2c.driver.d" -MT"drivers/Src/stm32f103xx_i2c.driver.o" --specs=nano.specs -mfloat-abi=soft -mthumb -o "drivers/Src/stm32f103xx_i2c.driver.o"
arm-none-eabi-gcc "../drivers/Src/stm32f103xx_spi_driver.c" -mcpu=cortex-m3 -std=gnu11 -g3 -DSTM32 -DSTM32F1 -DSTM32F103C8Tx -DDEBUG -c -I"A:/ERCAN/code/stm32f1xx_drivers/drivers/Inc" -O0 -ffunction-sections -fdata-sections -Wall -fstack-usage -MMD -MP -MF"drivers/Src/stm32f103xx_spi_driver.d" -MT"drivers/Src/stm32f103xx_spi_driver.o" --specs=nano.specs -mfloat-abi=soft -mthumb -o "drivers/Src/stm32f103xx_spi_driver.o"
arm-none-eabi-gcc -o "stm32f1xx_drivers.elf" @"objects.list"   -mcpu=cortex-m3 -T"A:\ERCAN\code\stm32f1xx_drivers\STM32F103C8TX_FLASH.ld" --specs=nosys.specs -Wl,-Map="stm32f1xx_drivers.map" -Wl,--gc-sections -static --specs=nano.specs -mfloat-abi=soft -mthumb -Wl,--start-group -lc -lm -Wl,--end-group
Finished building target: stm32f1xx_drivers.elf
 
arm-none-eabi-objdump -h -S  stm32f1xx_drivers.elf  > "stm32f1xx_drivers.list"
arm-none-eabi-objcopy  -O binary  stm32f1xx_drivers.elf  "stm32f1xx_drivers.bin"
arm-none-eabi-size   stm32f1xx_drivers.elf 
   text	   data	    bss	    dec	    hex	filename
   1780	      8	   1568	   3356	    d1c	stm32f1xx_drivers.elf
Finished building: default.size.stdout
 
Finished building: stm32f1xx_drivers.bin
 
Finished building: stm32f1xx_drivers.list
 
19:18:10 **** Incremental Build of configuration Debug for project stm32f1xx_drivers ****
make -j4 all 
arm-none-eabi-gcc "../Src/001led_toggle.c" -mcpu=cortex-m3 -std=gnu11 -g3 -DSTM32 -DSTM32F1 -DSTM32F103C8Tx -DDEBUG -c -I"A:/ERCAN/code/stm32f1xx_drivers/drivers/Inc" -O0 -ffunction-sections -fdata-sections -Wall -fstack-usage -MMD -MP -MF"Src/001led_toggle.d" -MT"Src/001led_toggle.o" --specs=nano.specs -mfloat-abi=soft -mthumb -o "Src/001led_toggle.o"
arm-none-eabi-gcc "../drivers/Src/stm32f103xx_gpio_driver.c" -mcpu=cortex-m3 -std=gnu11 -g3 -DSTM32 -DSTM32F1 -DSTM32F103C8Tx -DDEBUG -c -I"A:/ERCAN/code/stm32f1xx_drivers/drivers/Inc" -O0 -ffunction-sections -fdata-sections -Wall -fstack-usage -MMD -MP -MF"drivers/Src/stm32f103xx_gpio_driver.d" -MT"drivers/Src/stm32f103xx_gpio_driver.o" --specs=nano.specs -mfloat-abi=soft -mthumb -o "drivers/Src/stm32f103xx_gpio_driver.o"
arm-none-eabi-gcc "../drivers/Src/stm32f103xx_i2c.driver.c" -mcpu=cortex-m3 -std=gnu11 -g3 -DSTM32 -DSTM32F1 -DSTM32F103C8Tx -DDEBUG -c -I"A:/ERCAN/code/stm32f1xx_drivers/drivers/Inc" -O0 -ffunction-sections -fdata-sections -Wall -fstack-usage -MMD -MP -MF"drivers/Src/stm32f103xx_i2c.driver.d" -MT"drivers/Src/stm32f103xx_i2c.driver.o" --specs=nano.specs -mfloat-abi=soft -mthumb -o "drivers/Src/stm32f103xx_i2c.driver.o"
arm-none-eabi-gcc "../drivers/Src/stm32f103xx_spi_driver.c" -mcpu=cortex-m3 -std=gnu11 -g3 -DSTM32 -DSTM32F1 -DSTM32F103C8Tx -DDEBUG -c -I"A:/ERCAN/code/stm32f1xx_drivers/drivers/Inc" -O0 -ffunction-sections -fdata-sections -Wall -fstack-usage -MMD -MP -MF"drivers/Src/stm32f103xx_spi_driver.d" -MT"drivers/Src/stm32f103xx_spi_driver.o" --specs=nano.specs -mfloat-abi=soft -mthumb -o "drivers/Src/stm32f103xx_spi_driver.o"
arm-none-eabi-gcc -o "stm32f1xx_drivers.elf" @"objects.list"   -mcpu=cortex-m3 -T"A:\ERCAN\code\stm32f1xx_drivers\STM32F103C8TX_FLASH.ld" --specs=nosys.specs -Wl,-Map="stm32f1xx_drivers.map" -Wl,--gc-sections -static --specs=nano.specs -mfloat-abi=soft -mthumb -Wl,--start-group -lc -lm -Wl,--end-group
Finished building target: stm32f1xx_drivers.elf
 
arm-none-eabi-objdump -h -S  stm32f1xx_drivers.elf  > "stm32f1xx_drivers.list"
arm-none-eabi-objcopy  -O binary  stm32f1xx_drivers.elf  "stm32f1xx_drivers.bin"
arm-none-eabi-size   stm32f1xx_drivers.elf 
   text	   data	    bss	    dec	    hex	filename
   1780	      8	   1568	   3356	    d1c	stm32f1xx_drivers.elf
Finished building: stm32f1xx_drivers.bin
Finished building: default.size.stdout
 
Finished building: stm32f1xx_drivers.list
 
 
19:21:16 **** Incremental Build of configuration Debug for project stm32f1xx_drivers ****
make -j4 all 
arm-none-eabi-gcc "../drivers/Src/stm32f103xx_i2c.driver.c" -mcpu=cortex-m3 -std=gnu11 -g3 -DSTM32 -DSTM32F1 -DSTM32F103C8Tx -DDEBUG -c -I"A:/ERCAN/code/stm32f1xx_drivers/drivers/Inc" -O0 -ffunction-sections -fdata-sections -Wall -fstack-usage -MMD -MP -MF"drivers/Src/stm32f103xx_i2c.driver.d" -MT"drivers/Src/stm32f103xx_i2c.driver.o" --specs=nano.specs -mfloat-abi=soft -mthumb -o "drivers/Src/stm32f103xx_i2c.driver.o"
arm-none-eabi-gcc -o "stm32f1xx_drivers.elf" @"objects.list"   -mcpu=cortex-m3 -T"A:\ERCAN\code\stm32f1xx_drivers\STM32F103C8TX_FLASH.ld" --specs=nosys.specs -Wl,-Map="stm32f1xx_drivers.map" -Wl,--gc-sections -static --specs=nano.specs -mfloat-abi=soft -mthumb -Wl,--start-group -lc -lm -Wl,--end-group
Finished building target: stm32f1xx_drivers.elf
 
arm-none-eabi-objdump -h -S  stm32f1xx_drivers.elf  > "stm32f1xx_drivers.list"
arm-none-eabi-objcopy  -O binary  stm32f1xx_drivers.elf  "stm32f1xx_drivers.bin"
arm-none-eabi-size   stm32f1xx_drivers.elf 
   text	   data	    bss	    dec	    hex	filename
   1780	      8	   1568	   3356	    d1c	stm32f1xx_drivers.elf
Finished building: default.size.stdout
 
Finished building: stm32f1xx_drivers.bin
Finished building: stm32f1xx_drivers.list
 
 
04:31:48 **** Incremental Build of configuration Debug for project stm32f1xx_drivers ****
make -j4 all 
arm-none-eabi-gcc "../Src/001led_toggle.c" -mcpu=cortex-m3 -std=gnu11 -g3 -DSTM32 -DSTM32F1 -DSTM32F103C8Tx -DDEBUG -c -I"A:/ERCAN/code/stm32f1xx_drivers/drivers/Inc" -O0 -ffunction-sections -fdata-sections -Wall -fstack-usage -MMD -MP -MF"Src/001led_toggle.d" -MT"Src/001led_toggle.o" --specs=nano.specs -mfloat-abi=soft -mthumb -o "Src/001led_toggle.o"
arm-none-eabi-gcc "../drivers/Src/stm32f103xx_gpio_driver.c" -mcpu=cortex-m3 -std=gnu11 -g3 -DSTM32 -DSTM32F1 -DSTM32F103C8Tx -DDEBUG -c -I"A:/ERCAN/code/stm32f1xx_drivers/drivers/Inc" -O0 -ffunction-sections -fdata-sections -Wall -fstack-usage -MMD -MP -MF"drivers/Src/stm32f103xx_gpio_driver.d" -MT"drivers/Src/stm32f103xx_gpio_driver.o" --specs=nano.specs -mfloat-abi=soft -mthumb -o "drivers/Src/stm32f103xx_gpio_driver.o"
arm-none-eabi-gcc "../drivers/Src/stm32f103xx_i2c.driver.c" -mcpu=cortex-m3 -std=gnu11 -g3 -DSTM32 -DSTM32F1 -DSTM32F103C8Tx -DDEBUG -c -I"A:/ERCAN/code/stm32f1xx_drivers/drivers/Inc" -O0 -ffunction-sections -fdata-sections -Wall -fstack-usage -MMD -MP -MF"drivers/Src/stm32f103xx_i2c.driver.d" -MT"drivers/Src/stm32f103xx_i2c.driver.o" --specs=nano.specs -mfloat-abi=soft -mthumb -o "drivers/Src/stm32f103xx_i2c.driver.o"
arm-none-eabi-gcc "../drivers/Src/stm32f103xx_spi_driver.c" -mcpu=cortex-m3 -std=gnu11 -g3 -DSTM32 -DSTM32F1 -DSTM32F103C8Tx -DDEBUG -c -I"A:/ERCAN/code/stm32f1xx_drivers/drivers/Inc" -O0 -ffunction-sections -fdata-sections -Wall -fstack-usage -MMD -MP -MF"drivers/Src/stm32f103xx_spi_driver.d" -MT"drivers/Src/stm32f103xx_spi_driver.o" --specs=nano.specs -mfloat-abi=soft -mthumb -o "drivers/Src/stm32f103xx_spi_driver.o"
../drivers/Src/stm32f103xx_i2c.driver.c: In function 'I2C_MasterSendData':
../drivers/Src/stm32f103xx_i2c.driver.c:200:5: error: 'repeated_start' undeclared (first use in this function)
  if(repeated_start == I2C_REPEATED_START_DI)
     ^~~~~~~~~~~~~~
../drivers/Src/stm32f103xx_i2c.driver.c:200:5: note: each undeclared identifier is reported only once for each function it appears in
../drivers/Src/stm32f103xx_i2c.driver.c: In function 'I2C_MasterReceiveData':
../drivers/Src/stm32f103xx_i2c.driver.c:235:6: error: 'repeated_start' undeclared (first use in this function)
   if(repeated_start == I2C_REPEATED_START_DI)
      ^~~~~~~~~~~~~~
make: *** [drivers/Src/subdir.mk:26: drivers/Src/stm32f103xx_i2c.driver.o] Error 1
make: *** Waiting for unfinished jobs....
"make -j4 all" terminated with exit code 2. Build might be incomplete.
04:34:18 **** Incremental Build of configuration Debug for project stm32f1xx_drivers ****
make -j4 all 
arm-none-eabi-gcc "../Src/001led_toggle.c" -mcpu=cortex-m3 -std=gnu11 -g3 -DSTM32 -DSTM32F1 -DSTM32F103C8Tx -DDEBUG -c -I"A:/ERCAN/code/stm32f1xx_drivers/drivers/Inc" -O0 -ffunction-sections -fdata-sections -Wall -fstack-usage -MMD -MP -MF"Src/001led_toggle.d" -MT"Src/001led_toggle.o" --specs=nano.specs -mfloat-abi=soft -mthumb -o "Src/001led_toggle.o"
arm-none-eabi-gcc "../drivers/Src/stm32f103xx_gpio_driver.c" -mcpu=cortex-m3 -std=gnu11 -g3 -DSTM32 -DSTM32F1 -DSTM32F103C8Tx -DDEBUG -c -I"A:/ERCAN/code/stm32f1xx_drivers/drivers/Inc" -O0 -ffunction-sections -fdata-sections -Wall -fstack-usage -MMD -MP -MF"drivers/Src/stm32f103xx_gpio_driver.d" -MT"drivers/Src/stm32f103xx_gpio_driver.o" --specs=nano.specs -mfloat-abi=soft -mthumb -o "drivers/Src/stm32f103xx_gpio_driver.o"
arm-none-eabi-gcc "../drivers/Src/stm32f103xx_i2c.driver.c" -mcpu=cortex-m3 -std=gnu11 -g3 -DSTM32 -DSTM32F1 -DSTM32F103C8Tx -DDEBUG -c -I"A:/ERCAN/code/stm32f1xx_drivers/drivers/Inc" -O0 -ffunction-sections -fdata-sections -Wall -fstack-usage -MMD -MP -MF"drivers/Src/stm32f103xx_i2c.driver.d" -MT"drivers/Src/stm32f103xx_i2c.driver.o" --specs=nano.specs -mfloat-abi=soft -mthumb -o "drivers/Src/stm32f103xx_i2c.driver.o"
arm-none-eabi-gcc "../drivers/Src/stm32f103xx_spi_driver.c" -mcpu=cortex-m3 -std=gnu11 -g3 -DSTM32 -DSTM32F1 -DSTM32F103C8Tx -DDEBUG -c -I"A:/ERCAN/code/stm32f1xx_drivers/drivers/Inc" -O0 -ffunction-sections -fdata-sections -Wall -fstack-usage -MMD -MP -MF"drivers/Src/stm32f103xx_spi_driver.d" -MT"drivers/Src/stm32f103xx_spi_driver.o" --specs=nano.specs -mfloat-abi=soft -mthumb -o "drivers/Src/stm32f103xx_spi_driver.o"
arm-none-eabi-gcc -o "stm32f1xx_drivers.elf" @"objects.list"   -mcpu=cortex-m3 -T"A:\ERCAN\code\stm32f1xx_drivers\STM32F103C8TX_FLASH.ld" --specs=nosys.specs -Wl,-Map="stm32f1xx_drivers.map" -Wl,--gc-sections -static --specs=nano.specs -mfloat-abi=soft -mthumb -Wl,--start-group -lc -lm -Wl,--end-group
Finished building target: stm32f1xx_drivers.elf
 
arm-none-eabi-objdump -h -S  stm32f1xx_drivers.elf  > "stm32f1xx_drivers.list"
arm-none-eabi-objcopy  -O binary  stm32f1xx_drivers.elf  "stm32f1xx_drivers.bin"
arm-none-eabi-size   stm32f1xx_drivers.elf 
   text	   data	    bss	    dec	    hex	filename
   1780	      8	   1568	   3356	    d1c	stm32f1xx_drivers.elf
Finished building: default.size.stdout
Finished building: stm32f1xx_drivers.bin
 
Finished building: stm32f1xx_drivers.list
 
 
04:43:19 **** Incremental Build of configuration Debug for project stm32f1xx_drivers ****
make -j4 all 
arm-none-eabi-gcc "../drivers/Src/stm32f103xx_i2c.driver.c" -mcpu=cortex-m3 -std=gnu11 -g3 -DSTM32 -DSTM32F1 -DSTM32F103C8Tx -DDEBUG -c -I"A:/ERCAN/code/stm32f1xx_drivers/drivers/Inc" -O0 -ffunction-sections -fdata-sections -Wall -fstack-usage -MMD -MP -MF"drivers/Src/stm32f103xx_i2c.driver.d" -MT"drivers/Src/stm32f103xx_i2c.driver.o" --specs=nano.specs -mfloat-abi=soft -mthumb -o "drivers/Src/stm32f103xx_i2c.driver.o"
arm-none-eabi-gcc -o "stm32f1xx_drivers.elf" @"objects.list"   -mcpu=cortex-m3 -T"A:\ERCAN\code\stm32f1xx_drivers\STM32F103C8TX_FLASH.ld" --specs=nosys.specs -Wl,-Map="stm32f1xx_drivers.map" -Wl,--gc-sections -static --specs=nano.specs -mfloat-abi=soft -mthumb -Wl,--start-group -lc -lm -Wl,--end-group
Finished building target: stm32f1xx_drivers.elf
 
arm-none-eabi-objdump -h -S  stm32f1xx_drivers.elf  > "stm32f1xx_drivers.list"
arm-none-eabi-objcopy  -O binary  stm32f1xx_drivers.elf  "stm32f1xx_drivers.bin"
arm-none-eabi-size   stm32f1xx_drivers.elf 
   text	   data	    bss	    dec	    hex	filename
   1780	      8	   1568	   3356	    d1c	stm32f1xx_drivers.elf
Finished building: default.size.stdout
 
Finished building: stm32f1xx_drivers.bin
 
Finished building: stm32f1xx_drivers.list
 
04:44:04 **** Incremental Build of configuration Debug for project stm32f1xx_drivers ****
make -j4 all 
arm-none-eabi-size   stm32f1xx_drivers.elf 
   text	   data	    bss	    dec	    hex	filename
   1780	      8	   1568	   3356	    d1c	stm32f1xx_drivers.elf
Finished building: default.size.stdout
 
04:52:47 **** Incremental Build of configuration Debug for project stm32f1xx_drivers ****
make -j4 all 
arm-none-eabi-gcc "../drivers/Src/stm32f103xx_i2c.driver.c" -mcpu=cortex-m3 -std=gnu11 -g3 -DSTM32 -DSTM32F1 -DSTM32F103C8Tx -DDEBUG -c -I"A:/ERCAN/code/stm32f1xx_drivers/drivers/Inc" -O0 -ffunction-sections -fdata-sections -Wall -fstack-usage -MMD -MP -MF"drivers/Src/stm32f103xx_i2c.driver.d" -MT"drivers/Src/stm32f103xx_i2c.driver.o" --specs=nano.specs -mfloat-abi=soft -mthumb -o "drivers/Src/stm32f103xx_i2c.driver.o"
../drivers/Src/stm32f103xx_i2c.driver.c:117:1: error: expected '=', ',', ';', 'asm' or '__attribute__' before 'tValue'
 tValue(void)
 ^~~~~~
make: *** [drivers/Src/subdir.mk:26: drivers/Src/stm32f103xx_i2c.driver.o] Error 1
"make -j4 all" terminated with exit code 2. Build might be incomplete.
04:53:17 **** Incremental Build of configuration Debug for project stm32f1xx_drivers ****
make -j4 all 
arm-none-eabi-gcc "../drivers/Src/stm32f103xx_i2c.driver.c" -mcpu=cortex-m3 -std=gnu11 -g3 -DSTM32 -DSTM32F1 -DSTM32F103C8Tx -DDEBUG -c -I"A:/ERCAN/code/stm32f1xx_drivers/drivers/Inc" -O0 -ffunction-sections -fdata-sections -Wall -fstack-usage -MMD -MP -MF"drivers/Src/stm32f103xx_i2c.driver.d" -MT"drivers/Src/stm32f103xx_i2c.driver.o" --specs=nano.specs -mfloat-abi=soft -mthumb -o "drivers/Src/stm32f103xx_i2c.driver.o"
arm-none-eabi-gcc -o "stm32f1xx_drivers.elf" @"objects.list"   -mcpu=cortex-m3 -T"A:\ERCAN\code\stm32f1xx_drivers\STM32F103C8TX_FLASH.ld" --specs=nosys.specs -Wl,-Map="stm32f1xx_drivers.map" -Wl,--gc-sections -static --specs=nano.specs -mfloat-abi=soft -mthumb -Wl,--start-group -lc -lm -Wl,--end-group
Finished building target: stm32f1xx_drivers.elf
 
arm-none-eabi-objdump -h -S  stm32f1xx_drivers.elf  > "stm32f1xx_drivers.list"
arm-none-eabi-objcopy  -O binary  stm32f1xx_drivers.elf  "stm32f1xx_drivers.bin"
arm-none-eabi-size   stm32f1xx_drivers.elf 
   text	   data	    bss	    dec	    hex	filename
   1780	      8	   1568	   3356	    d1c	stm32f1xx_drivers.elf
Finished building: default.size.stdout
 
Finished building: stm32f1xx_drivers.bin
 
Finished building: stm32f1xx_drivers.list
 
04:53:43 **** Incremental Build of configuration Debug for project stm32f1xx_drivers ****
make -j4 all 
arm-none-eabi-size   stm32f1xx_drivers.elf 
   text	   data	    bss	    dec	    hex	filename
   1780	      8	   1568	   3356	    d1c	stm32f1xx_drivers.elf
Finished building: default.size.stdout
 
04:55:19 **** Incremental Build of configuration Debug for project stm32f1xx_drivers ****
make -j4 all 
arm-none-eabi-size   stm32f1xx_drivers.elf 
   text	   data	    bss	    dec	    hex	filename
   1780	      8	   1568	   3356	    d1c	stm32f1xx_drivers.elf
Finished building: default.size.stdout
 
18:13:28 **** Clean-only build of configuration Debug for project stm32f1xx_drivers ****
make -j4 clean 
rm -rf *
 
18:13:35 **** Incremental Build of configuration Debug for project stm32f1xx_drivers ****
make -j4 all 
arm-none-eabi-gcc "../drivers/Src/stm32f103xx_gpio_driver.c" -mcpu=cortex-m3 -std=gnu11 -g3 -DSTM32 -DSTM32F1 -DSTM32F103C8Tx -DDEBUG -c -I"A:/ERCAN/code/stm32f1xx_drivers/drivers/Inc" -O0 -ffunction-sections -fdata-sections -Wall -fstack-usage -MMD -MP -MF"drivers/Src/stm32f103xx_gpio_driver.d" -MT"drivers/Src/stm32f103xx_gpio_driver.o" --specs=nano.specs -mfloat-abi=soft -mthumb -o "drivers/Src/stm32f103xx_gpio_driver.o"
arm-none-eabi-gcc "../drivers/Src/stm32f103xx_i2c.driver.c" -mcpu=cortex-m3 -std=gnu11 -g3 -DSTM32 -DSTM32F1 -DSTM32F103C8Tx -DDEBUG -c -I"A:/ERCAN/code/stm32f1xx_drivers/drivers/Inc" -O0 -ffunction-sections -fdata-sections -Wall -fstack-usage -MMD -MP -MF"drivers/Src/stm32f103xx_i2c.driver.d" -MT"drivers/Src/stm32f103xx_i2c.driver.o" --specs=nano.specs -mfloat-abi=soft -mthumb -o "drivers/Src/stm32f103xx_i2c.driver.o"
arm-none-eabi-gcc "../drivers/Src/stm32f103xx_spi_driver.c" -mcpu=cortex-m3 -std=gnu11 -g3 -DSTM32 -DSTM32F1 -DSTM32F103C8Tx -DDEBUG -c -I"A:/ERCAN/code/stm32f1xx_drivers/drivers/Inc" -O0 -ffunction-sections -fdata-sections -Wall -fstack-usage -MMD -MP -MF"drivers/Src/stm32f103xx_spi_driver.d" -MT"drivers/Src/stm32f103xx_spi_driver.o" --specs=nano.specs -mfloat-abi=soft -mthumb -o "drivers/Src/stm32f103xx_spi_driver.o"
arm-none-eabi-gcc -mcpu=cortex-m3 -g3 -c -x assembler-with-cpp --specs=nano.specs -mfloat-abi=soft -mthumb -o "Startup/startup_stm32f103c8tx.o" "../Startup/startup_stm32f103c8tx.s"
arm-none-eabi-gcc "../Src/i2c_eeprom.c" -mcpu=cortex-m3 -std=gnu11 -g3 -DSTM32 -DSTM32F1 -DSTM32F103C8Tx -DDEBUG -c -I"A:/ERCAN/code/stm32f1xx_drivers/drivers/Inc" -O0 -ffunction-sections -fdata-sections -Wall -fstack-usage -MMD -MP -MF"Src/i2c_eeprom.d" -MT"Src/i2c_eeprom.o" --specs=nano.specs -mfloat-abi=soft -mthumb -o "Src/i2c_eeprom.o"
arm-none-eabi-gcc "../Src/syscalls.c" -mcpu=cortex-m3 -std=gnu11 -g3 -DSTM32 -DSTM32F1 -DSTM32F103C8Tx -DDEBUG -c -I"A:/ERCAN/code/stm32f1xx_drivers/drivers/Inc" -O0 -ffunction-sections -fdata-sections -Wall -fstack-usage -MMD -MP -MF"Src/syscalls.d" -MT"Src/syscalls.o" --specs=nano.specs -mfloat-abi=soft -mthumb -o "Src/syscalls.o"
arm-none-eabi-gcc "../Src/sysmem.c" -mcpu=cortex-m3 -std=gnu11 -g3 -DSTM32 -DSTM32F1 -DSTM32F103C8Tx -DDEBUG -c -I"A:/ERCAN/code/stm32f1xx_drivers/drivers/Inc" -O0 -ffunction-sections -fdata-sections -Wall -fstack-usage -MMD -MP -MF"Src/sysmem.d" -MT"Src/sysmem.o" --specs=nano.specs -mfloat-abi=soft -mthumb -o "Src/sysmem.o"
arm-none-eabi-gcc -o "stm32f1xx_drivers.elf" @"objects.list"   -mcpu=cortex-m3 -T"A:\ERCAN\code\stm32f1xx_drivers\STM32F103C8TX_FLASH.ld" --specs=nosys.specs -Wl,-Map="stm32f1xx_drivers.map" -Wl,--gc-sections -static --specs=nano.specs -mfloat-abi=soft -mthumb -Wl,--start-group -lc -lm -Wl,--end-group
Finished building target: stm32f1xx_drivers.elf
 
arm-none-eabi-size   stm32f1xx_drivers.elf 
arm-none-eabi-objdump -h -S  stm32f1xx_drivers.elf  > "stm32f1xx_drivers.list"
arm-none-eabi-objcopy  -O binary  stm32f1xx_drivers.elf  "stm32f1xx_drivers.bin"
   text	   data	    bss	    dec	    hex	filename
    564	      8	   1568	   2140	    85c	stm32f1xx_drivers.elf
Finished building: default.size.stdout
 
Finished building: stm32f1xx_drivers.list
Finished building: stm32f1xx_drivers.bin
 
 
18:16:54 **** Incremental Build of configuration Debug for project stm32f1xx_drivers ****
make -j4 all 
arm-none-eabi-gcc "../Src/i2c_eeprom.c" -mcpu=cortex-m3 -std=gnu11 -g3 -DSTM32 -DSTM32F1 -DSTM32F103C8Tx -DDEBUG -c -I"A:/ERCAN/code/stm32f1xx_drivers/drivers/Inc" -O0 -ffunction-sections -fdata-sections -Wall -fstack-usage -MMD -MP -MF"Src/i2c_eeprom.d" -MT"Src/i2c_eeprom.o" --specs=nano.specs -mfloat-abi=soft -mthumb -o "Src/i2c_eeprom.o"
../Src/i2c_eeprom.c:15:6: error: expected identifier or '(' before ')' token
 void()
      ^
make: *** [Src/subdir.mk:24: Src/i2c_eeprom.o] Error 1
"make -j4 all" terminated with exit code 2. Build might be incomplete.
18:38:47 **** Incremental Build of configuration Debug for project stm32f1xx_drivers ****
make -j4 all 
arm-none-eabi-gcc "../Src/i2c_eeprom.c" -mcpu=cortex-m3 -std=gnu11 -g3 -DSTM32 -DSTM32F1 -DSTM32F103C8Tx -DDEBUG -c -I"A:/ERCAN/code/stm32f1xx_drivers/drivers/Inc" -O0 -ffunction-sections -fdata-sections -Wall -fstack-usage -MMD -MP -MF"Src/i2c_eeprom.d" -MT"Src/i2c_eeprom.o" --specs=nano.specs -mfloat-abi=soft -mthumb -o "Src/i2c_eeprom.o"
arm-none-eabi-gcc -o "stm32f1xx_drivers.elf" @"objects.list"   -mcpu=cortex-m3 -T"A:\ERCAN\code\stm32f1xx_drivers\STM32F103C8TX_FLASH.ld" --specs=nosys.specs -Wl,-Map="stm32f1xx_drivers.map" -Wl,--gc-sections -static --specs=nano.specs -mfloat-abi=soft -mthumb -Wl,--start-group -lc -lm -Wl,--end-group
Finished building target: stm32f1xx_drivers.elf
 
arm-none-eabi-objdump -h -S  stm32f1xx_drivers.elf  > "stm32f1xx_drivers.list"
arm-none-eabi-objcopy  -O binary  stm32f1xx_drivers.elf  "stm32f1xx_drivers.bin"
arm-none-eabi-size   stm32f1xx_drivers.elf 
   text	   data	    bss	    dec	    hex	filename
    564	      8	   1568	   2140	    85c	stm32f1xx_drivers.elf
Finished building: default.size.stdout
 
Finished building: stm32f1xx_drivers.list
Finished building: stm32f1xx_drivers.bin
 
 
19:16:34 **** Incremental Build of configuration Debug for project stm32f1xx_drivers ****
make -j4 all 
arm-none-eabi-gcc "../Src/i2c_eeprom.c" -mcpu=cortex-m3 -std=gnu11 -g3 -DSTM32 -DSTM32F1 -DSTM32F103C8Tx -DDEBUG -c -I"A:/ERCAN/code/stm32f1xx_drivers/drivers/Inc" -O0 -ffunction-sections -fdata-sections -Wall -fstack-usage -MMD -MP -MF"Src/i2c_eeprom.d" -MT"Src/i2c_eeprom.o" --specs=nano.specs -mfloat-abi=soft -mthumb -o "Src/i2c_eeprom.o"
../Src/i2c_eeprom.c: In function 'main':
../Src/i2c_eeprom.c:15:13: warning: unused variable 'msg' [-Wunused-variable]
  const char msg[] = "Embedded Systems";
             ^~~
arm-none-eabi-gcc -o "stm32f1xx_drivers.elf" @"objects.list"   -mcpu=cortex-m3 -T"A:\ERCAN\code\stm32f1xx_drivers\STM32F103C8TX_FLASH.ld" --specs=nosys.specs -Wl,-Map="stm32f1xx_drivers.map" -Wl,--gc-sections -static --specs=nano.specs -mfloat-abi=soft -mthumb -Wl,--start-group -lc -lm -Wl,--end-group
Finished building target: stm32f1xx_drivers.elf
 
arm-none-eabi-objdump -h -S  stm32f1xx_drivers.elf  > "stm32f1xx_drivers.list"
arm-none-eabi-objcopy  -O binary  stm32f1xx_drivers.elf  "stm32f1xx_drivers.bin"
arm-none-eabi-size   stm32f1xx_drivers.elf 
   text	   data	    bss	    dec	    hex	filename
    604	      8	   1568	   2180	    884	stm32f1xx_drivers.elf
Finished building: default.size.stdout
 
Finished building: stm32f1xx_drivers.bin
 
Finished building: stm32f1xx_drivers.list
 
19:16:51 **** Incremental Build of configuration Debug for project stm32f1xx_drivers ****
make -j4 all 
arm-none-eabi-gcc "../Src/i2c_eeprom.c" -mcpu=cortex-m3 -std=gnu11 -g3 -DSTM32 -DSTM32F1 -DSTM32F103C8Tx -DDEBUG -c -I"A:/ERCAN/code/stm32f1xx_drivers/drivers/Inc" -O0 -ffunction-sections -fdata-sections -Wall -fstack-usage -MMD -MP -MF"Src/i2c_eeprom.d" -MT"Src/i2c_eeprom.o" --specs=nano.specs -mfloat-abi=soft -mthumb -o "Src/i2c_eeprom.o"
arm-none-eabi-gcc -o "stm32f1xx_drivers.elf" @"objects.list"   -mcpu=cortex-m3 -T"A:\ERCAN\code\stm32f1xx_drivers\STM32F103C8TX_FLASH.ld" --specs=nosys.specs -Wl,-Map="stm32f1xx_drivers.map" -Wl,--gc-sections -static --specs=nano.specs -mfloat-abi=soft -mthumb -Wl,--start-group -lc -lm -Wl,--end-group
Finished building target: stm32f1xx_drivers.elf
 
arm-none-eabi-objdump -h -S  stm32f1xx_drivers.elf  > "stm32f1xx_drivers.list"
arm-none-eabi-objcopy  -O binary  stm32f1xx_drivers.elf  "stm32f1xx_drivers.bin"
arm-none-eabi-size   stm32f1xx_drivers.elf 
   text	   data	    bss	    dec	    hex	filename
    564	      8	   1568	   2140	    85c	stm32f1xx_drivers.elf
Finished building: default.size.stdout
 
Finished building: stm32f1xx_drivers.bin
Finished building: stm32f1xx_drivers.list
 
 
20:47:39 **** Incremental Build of configuration Debug for project stm32f1xx_drivers ****
make -j4 all 
arm-none-eabi-gcc "../Src/i2c_eeprom.c" -mcpu=cortex-m3 -std=gnu11 -g3 -DSTM32 -DSTM32F1 -DSTM32F103C8Tx -DDEBUG -c -I"A:/ERCAN/code/stm32f1xx_drivers/drivers/Inc" -O0 -ffunction-sections -fdata-sections -Wall -fstack-usage -MMD -MP -MF"Src/i2c_eeprom.d" -MT"Src/i2c_eeprom.o" --specs=nano.specs -mfloat-abi=soft -mthumb -o "Src/i2c_eeprom.o"
../Src/i2c_eeprom.c: In function 'main':
../Src/i2c_eeprom.c:20:1: warning: implicit declaration of function 'I2C1_Inits'; did you mean 'I2C_Init'? [-Wimplicit-function-declaration]
 I2C1_Inits();
 ^~~~~~~~~~
 I2C_Init
../Src/i2c_eeprom.c:21:1: warning: implicit declaration of function 'I2C1_GPIOInits'; did you mean 'I2C_DeInit'? [-Wimplicit-function-declaration]
 I2C1_GPIOInits();
 ^~~~~~~~~~~~~~
 I2C_DeInit
../Src/i2c_eeprom.c:22:1: warning: implicit declaration of function 'GPIOled'; did you mean 'GPIOC'? [-Wimplicit-function-declaration]
 GPIOled();
 ^~~~~~~
 GPIOC
../Src/i2c_eeprom.c:18:9: warning: unused variable 'len' [-Wunused-variable]
 uint8_t len;
         ^~~
../Src/i2c_eeprom.c:17:9: warning: unused variable 'command' [-Wunused-variable]
 uint8_t command;
         ^~~~~~~
../Src/i2c_eeprom.c: At top level:
../Src/i2c_eeprom.c:33:6: warning: conflicting types for 'I2C1_Inits'
 void I2C1_Inits(void)
      ^~~~~~~~~~
../Src/i2c_eeprom.c:20:1: note: previous implicit declaration of 'I2C1_Inits' was here
 I2C1_Inits();
 ^~~~~~~~~~
../Src/i2c_eeprom.c:45:6: warning: conflicting types for 'I2C1_GPIOInits'
 void I2C1_GPIOInits(void)
      ^~~~~~~~~~~~~~
../Src/i2c_eeprom.c:21:1: note: previous implicit declaration of 'I2C1_GPIOInits' was here
 I2C1_GPIOInits();
 ^~~~~~~~~~~~~~
../Src/i2c_eeprom.c:59:6: warning: conflicting types for 'GPIOled'
 void GPIOled(void){
      ^~~~~~~
../Src/i2c_eeprom.c:22:1: note: previous implicit declaration of 'GPIOled' was here
 GPIOled();
 ^~~~~~~
../Src/i2c_eeprom.c:68:1: warning: return type defaults to 'int' [-Wimplicit-int]
 Read_From_24LCxx(I2C_Handle_t *pI2Cx, uint16_t SlaveAddr, uint16_t MemAddr, uint16_t *pData, uint16_t Len)
 ^~~~~~~~~~~~~~~~
../Src/i2c_eeprom.c:68:1: error: 'Read_From_24LCxx' redeclared as different kind of symbol
../Src/i2c_eeprom.c:13:14: note: previous declaration of 'Read_From_24LCxx' was here
 I2C_Handle_t Read_From_24LCxx;
              ^~~~~~~~~~~~~~~~
../Src/i2c_eeprom.c: In function 'Read_From_24LCxx':
../Src/i2c_eeprom.c:76:58: error: 'SLAVEADDR' undeclared (first use in this function); did you mean 'RCC_BASEADDR'?
  return_value = I2C_MasterSendData(&I2C1Handle, addr, 2, SLAVEADDR, I2C_REPEATED_START_EN);
                                                          ^~~~~~~~~
                                                          RCC_BASEADDR
../Src/i2c_eeprom.c:76:58: note: each undeclared identifier is reported only once for each function it appears in
../Src/i2c_eeprom.c:78:18: error: invalid operands to binary == (have 'I2C_Handle_t {aka struct <anonymous>}' and 'int')
  if(return_value == 0)
                  ^~
../Src/i2c_eeprom.c:79:10: error: incompatible types when returning type 'I2C_Handle_t {aka struct <anonymous>}' but 'int' was expected
   return return_value;
          ^~~~~~~~~~~~
../Src/i2c_eeprom.c:81:37: warning: passing argument 2 of 'I2C_MasterReceiveData' from incompatible pointer type [-Wincompatible-pointer-types]
  I2C_MasterReceiveData(&I2C1Handle, pData, Len, I2C_REPEATED_START_EN);
                                     ^~~~~
In file included from A:/ERCAN/code/stm32f1xx_drivers/drivers/Inc/stm32f103xx.h:546:0,
                 from ../Src/i2c_eeprom.c:7:
A:/ERCAN/code/stm32f1xx_drivers/drivers/Inc/stm32f103xx_i2c_driver.h:87:6: note: expected 'uint8_t * {aka unsigned char *}' but argument is of type 'uint16_t * {aka short unsigned int *}'
 void I2C_MasterReceiveData(I2C_Handle_t *pI2CHandle, uint8_t *pRxbuffer, uint8_t Len, uint8_t SlaveAddr, uint8_t RStart);
      ^~~~~~~~~~~~~~~~~~~~~
../Src/i2c_eeprom.c:81:2: error: too few arguments to function 'I2C_MasterReceiveData'
  I2C_MasterReceiveData(&I2C1Handle, pData, Len, I2C_REPEATED_START_EN);
  ^~~~~~~~~~~~~~~~~~~~~
In file included from A:/ERCAN/code/stm32f1xx_drivers/drivers/Inc/stm32f103xx.h:546:0,
                 from ../Src/i2c_eeprom.c:7:
A:/ERCAN/code/stm32f1xx_drivers/drivers/Inc/stm32f103xx_i2c_driver.h:87:6: note: declared here
 void I2C_MasterReceiveData(I2C_Handle_t *pI2CHandle, uint8_t *pRxbuffer, uint8_t Len, uint8_t SlaveAddr, uint8_t RStart);
      ^~~~~~~~~~~~~~~~~~~~~
../Src/i2c_eeprom.c:83:9: error: incompatible types when returning type 'I2C_Handle_t {aka struct <anonymous>}' but 'int' was expected
  return return_value;
         ^~~~~~~~~~~~
../Src/i2c_eeprom.c:84:1: warning: control reaches end of non-void function [-Wreturn-type]
 }
 ^
make: *** [Src/subdir.mk:24: Src/i2c_eeprom.o] Error 1
"make -j4 all" terminated with exit code 2. Build might be incomplete.
20:49:22 **** Incremental Build of configuration Debug for project stm32f1xx_drivers ****
make -j4 all 
arm-none-eabi-gcc "../Src/i2c_eeprom.c" -mcpu=cortex-m3 -std=gnu11 -g3 -DSTM32 -DSTM32F1 -DSTM32F103C8Tx -DDEBUG -c -I"A:/ERCAN/code/stm32f1xx_drivers/drivers/Inc" -O0 -ffunction-sections -fdata-sections -Wall -fstack-usage -MMD -MP -MF"Src/i2c_eeprom.d" -MT"Src/i2c_eeprom.o" --specs=nano.specs -mfloat-abi=soft -mthumb -o "Src/i2c_eeprom.o"
../Src/i2c_eeprom.c: In function 'main':
../Src/i2c_eeprom.c:18:1: warning: implicit declaration of function 'I2C1_Inits'; did you mean 'I2C_Init'? [-Wimplicit-function-declaration]
 I2C1_Inits();
 ^~~~~~~~~~
 I2C_Init
../Src/i2c_eeprom.c:19:1: warning: implicit declaration of function 'I2C1_GPIOInits'; did you mean 'I2C_DeInit'? [-Wimplicit-function-declaration]
 I2C1_GPIOInits();
 ^~~~~~~~~~~~~~
 I2C_DeInit
../Src/i2c_eeprom.c:20:1: warning: implicit declaration of function 'GPIOled'; did you mean 'GPIOC'? [-Wimplicit-function-declaration]
 GPIOled();
 ^~~~~~~
 GPIOC
../Src/i2c_eeprom.c:16:9: warning: unused variable 'len' [-Wunused-variable]
 uint8_t len;
         ^~~
../Src/i2c_eeprom.c:15:9: warning: unused variable 'command' [-Wunused-variable]
 uint8_t command;
         ^~~~~~~
../Src/i2c_eeprom.c: At top level:
../Src/i2c_eeprom.c:31:6: warning: conflicting types for 'I2C1_Inits'
 void I2C1_Inits(void)
      ^~~~~~~~~~
../Src/i2c_eeprom.c:18:1: note: previous implicit declaration of 'I2C1_Inits' was here
 I2C1_Inits();
 ^~~~~~~~~~
../Src/i2c_eeprom.c:43:6: warning: conflicting types for 'I2C1_GPIOInits'
 void I2C1_GPIOInits(void)
      ^~~~~~~~~~~~~~
../Src/i2c_eeprom.c:19:1: note: previous implicit declaration of 'I2C1_GPIOInits' was here
 I2C1_GPIOInits();
 ^~~~~~~~~~~~~~
../Src/i2c_eeprom.c:57:6: warning: conflicting types for 'GPIOled'
 void GPIOled(void){
      ^~~~~~~
../Src/i2c_eeprom.c:20:1: note: previous implicit declaration of 'GPIOled' was here
 GPIOled();
 ^~~~~~~
../Src/i2c_eeprom.c: In function 'Read_From_24LCxx':
../Src/i2c_eeprom.c:74:58: error: 'SLAVEADDR' undeclared (first use in this function); did you mean 'RCC_BASEADDR'?
  return_value = I2C_MasterSendData(&I2C1Handle, addr, 2, SLAVEADDR, I2C_REPEATED_START_EN);
                                                          ^~~~~~~~~
                                                          RCC_BASEADDR
../Src/i2c_eeprom.c:74:58: note: each undeclared identifier is reported only once for each function it appears in
../Src/i2c_eeprom.c:76:18: error: invalid operands to binary == (have 'I2C_Handle_t {aka struct <anonymous>}' and 'int')
  if(return_value == 0)
                  ^~
../Src/i2c_eeprom.c:77:10: error: incompatible types when returning type 'I2C_Handle_t {aka struct <anonymous>}' but 'int' was expected
   return return_value;
          ^~~~~~~~~~~~
../Src/i2c_eeprom.c:79:37: warning: passing argument 2 of 'I2C_MasterReceiveData' from incompatible pointer type [-Wincompatible-pointer-types]
  I2C_MasterReceiveData(&I2C1Handle, pData, Len, I2C_REPEATED_START_EN);
                                     ^~~~~
In file included from A:/ERCAN/code/stm32f1xx_drivers/drivers/Inc/stm32f103xx.h:546:0,
                 from ../Src/i2c_eeprom.c:7:
A:/ERCAN/code/stm32f1xx_drivers/drivers/Inc/stm32f103xx_i2c_driver.h:87:6: note: expected 'uint8_t * {aka unsigned char *}' but argument is of type 'uint16_t * {aka short unsigned int *}'
 void I2C_MasterReceiveData(I2C_Handle_t *pI2CHandle, uint8_t *pRxbuffer, uint8_t Len, uint8_t SlaveAddr, uint8_t RStart);
      ^~~~~~~~~~~~~~~~~~~~~
../Src/i2c_eeprom.c:79:2: error: too few arguments to function 'I2C_MasterReceiveData'
  I2C_MasterReceiveData(&I2C1Handle, pData, Len, I2C_REPEATED_START_EN);
  ^~~~~~~~~~~~~~~~~~~~~
In file included from A:/ERCAN/code/stm32f1xx_drivers/drivers/Inc/stm32f103xx.h:546:0,
                 from ../Src/i2c_eeprom.c:7:
A:/ERCAN/code/stm32f1xx_drivers/drivers/Inc/stm32f103xx_i2c_driver.h:87:6: note: declared here
 void I2C_MasterReceiveData(I2C_Handle_t *pI2CHandle, uint8_t *pRxbuffer, uint8_t Len, uint8_t SlaveAddr, uint8_t RStart);
      ^~~~~~~~~~~~~~~~~~~~~
../Src/i2c_eeprom.c:81:9: error: incompatible types when returning type 'I2C_Handle_t {aka struct <anonymous>}' but 'int' was expected
  return return_value;
         ^~~~~~~~~~~~
../Src/i2c_eeprom.c:82:1: warning: control reaches end of non-void function [-Wreturn-type]
 }
 ^
make: *** [Src/subdir.mk:24: Src/i2c_eeprom.o] Error 1
"make -j4 all" terminated with exit code 2. Build might be incomplete.
20:49:48 **** Incremental Build of configuration Debug for project stm32f1xx_drivers ****
make -j4 all 
arm-none-eabi-gcc "../Src/i2c_eeprom.c" -mcpu=cortex-m3 -std=gnu11 -g3 -DSTM32 -DSTM32F1 -DSTM32F103C8Tx -DDEBUG -c -I"A:/ERCAN/code/stm32f1xx_drivers/drivers/Inc" -O0 -ffunction-sections -fdata-sections -Wall -fstack-usage -MMD -MP -MF"Src/i2c_eeprom.d" -MT"Src/i2c_eeprom.o" --specs=nano.specs -mfloat-abi=soft -mthumb -o "Src/i2c_eeprom.o"
../Src/i2c_eeprom.c: In function 'main':
../Src/i2c_eeprom.c:18:1: warning: implicit declaration of function 'I2C1_Inits'; did you mean 'I2C_Init'? [-Wimplicit-function-declaration]
 I2C1_Inits();
 ^~~~~~~~~~
 I2C_Init
../Src/i2c_eeprom.c:19:1: warning: implicit declaration of function 'I2C1_GPIOInits'; did you mean 'I2C_DeInit'? [-Wimplicit-function-declaration]
 I2C1_GPIOInits();
 ^~~~~~~~~~~~~~
 I2C_DeInit
../Src/i2c_eeprom.c:20:1: warning: implicit declaration of function 'GPIOled'; did you mean 'GPIOC'? [-Wimplicit-function-declaration]
 GPIOled();
 ^~~~~~~
 GPIOC
../Src/i2c_eeprom.c:16:9: warning: unused variable 'len' [-Wunused-variable]
 uint8_t len;
         ^~~
../Src/i2c_eeprom.c:15:9: warning: unused variable 'command' [-Wunused-variable]
 uint8_t command;
         ^~~~~~~
../Src/i2c_eeprom.c: At top level:
../Src/i2c_eeprom.c:31:6: warning: conflicting types for 'I2C1_Inits'
 void I2C1_Inits(void)
      ^~~~~~~~~~
../Src/i2c_eeprom.c:18:1: note: previous implicit declaration of 'I2C1_Inits' was here
 I2C1_Inits();
 ^~~~~~~~~~
../Src/i2c_eeprom.c:43:6: warning: conflicting types for 'I2C1_GPIOInits'
 void I2C1_GPIOInits(void)
      ^~~~~~~~~~~~~~
../Src/i2c_eeprom.c:19:1: note: previous implicit declaration of 'I2C1_GPIOInits' was here
 I2C1_GPIOInits();
 ^~~~~~~~~~~~~~
../Src/i2c_eeprom.c:57:6: warning: conflicting types for 'GPIOled'
 void GPIOled(void){
      ^~~~~~~
../Src/i2c_eeprom.c:20:1: note: previous implicit declaration of 'GPIOled' was here
 GPIOled();
 ^~~~~~~
../Src/i2c_eeprom.c: In function 'Read_From_24LCxx':
../Src/i2c_eeprom.c:73:2: error: 'return_value' undeclared (first use in this function)
  return_value = I2C_MasterSendData(&I2C1Handle, addr, 2, SLAVEADDR, I2C_REPEATED_START_EN);
  ^~~~~~~~~~~~
../Src/i2c_eeprom.c:73:2: note: each undeclared identifier is reported only once for each function it appears in
../Src/i2c_eeprom.c:73:58: error: 'SLAVEADDR' undeclared (first use in this function); did you mean 'RCC_BASEADDR'?
  return_value = I2C_MasterSendData(&I2C1Handle, addr, 2, SLAVEADDR, I2C_REPEATED_START_EN);
                                                          ^~~~~~~~~
                                                          RCC_BASEADDR
../Src/i2c_eeprom.c:78:37: warning: passing argument 2 of 'I2C_MasterReceiveData' from incompatible pointer type [-Wincompatible-pointer-types]
  I2C_MasterReceiveData(&I2C1Handle, pData, Len, I2C_REPEATED_START_EN);
                                     ^~~~~
In file included from A:/ERCAN/code/stm32f1xx_drivers/drivers/Inc/stm32f103xx.h:546:0,
                 from ../Src/i2c_eeprom.c:7:
A:/ERCAN/code/stm32f1xx_drivers/drivers/Inc/stm32f103xx_i2c_driver.h:87:6: note: expected 'uint8_t * {aka unsigned char *}' but argument is of type 'uint16_t * {aka short unsigned int *}'
 void I2C_MasterReceiveData(I2C_Handle_t *pI2CHandle, uint8_t *pRxbuffer, uint8_t Len, uint8_t SlaveAddr, uint8_t RStart);
      ^~~~~~~~~~~~~~~~~~~~~
../Src/i2c_eeprom.c:78:2: error: too few arguments to function 'I2C_MasterReceiveData'
  I2C_MasterReceiveData(&I2C1Handle, pData, Len, I2C_REPEATED_START_EN);
  ^~~~~~~~~~~~~~~~~~~~~
In file included from A:/ERCAN/code/stm32f1xx_drivers/drivers/Inc/stm32f103xx.h:546:0,
                 from ../Src/i2c_eeprom.c:7:
A:/ERCAN/code/stm32f1xx_drivers/drivers/Inc/stm32f103xx_i2c_driver.h:87:6: note: declared here
 void I2C_MasterReceiveData(I2C_Handle_t *pI2CHandle, uint8_t *pRxbuffer, uint8_t Len, uint8_t SlaveAddr, uint8_t RStart);
      ^~~~~~~~~~~~~~~~~~~~~
../Src/i2c_eeprom.c:81:1: warning: control reaches end of non-void function [-Wreturn-type]
 }
 ^
make: *** [Src/subdir.mk:24: Src/i2c_eeprom.o] Error 1
"make -j4 all" terminated with exit code 2. Build might be incomplete.
[...]
arm-none-eabi-gcc "../Src/sysmem.c" -mcpu=cortex-m3 -std=gnu11 -g3 -DSTM32 -DSTM32F1 -DSTM32F103C8Tx -DDEBUG -c -I"C:/Embedded Software/code/stm32f1xx_drivers/drivers/Inc" -O0 -ffunction-sections -fdata-sections -Wall -fstack-usage -MMD -MP -MF"Src/sysmem.d" -MT"Src/sysmem.o" --specs=nano.specs -mfloat-abi=soft -mthumb -o "Src/sysmem.o"
arm-none-eabi-gcc -o "stm32f1xx_drivers.elf" @"objects.list"   -mcpu=cortex-m3 -T"C:\Embedded Software\code\stm32f1xx_drivers\STM32F103C8TX_FLASH.ld" --specs=nosys.specs -Wl,-Map="stm32f1xx_drivers.map" -Wl,--gc-sections -static --specs=nano.specs -mfloat-abi=soft -mthumb -Wl,--start-group -lc -lm -Wl,--end-group
Startup/startup_stm32f103c8tx.o: In function `LoopFillZerobss':
C:/Embedded Software/code/stm32f1xx_drivers/Debug/../Startup/startup_stm32f103c8tx.s:98: undefined reference to `main'
collect2.exe: error: ld returned 1 exit status
make: *** [makefile:58: stm32f1xx_drivers.elf] Error 1
"make -j8 all" terminated with exit code 2. Build might be incomplete.
22:50:33 **** Clean-only build of configuration Debug for project stm32f1xx_drivers ****
make -j8 clean 
rm -rf *
 
22:50:33 **** Incremental Build of configuration Debug for project stm32f1xx_drivers ****
make -j8 all 
arm-none-eabi-gcc "../drivers/Src/gpio_driver.c" -mcpu=cortex-m3 -std=gnu11 -g3 -DSTM32 -DSTM32F1 -DSTM32F103C8Tx -DDEBUG -c -I"C:/Embedded Software/code/stm32f1xx_drivers/drivers/Inc" -O0 -ffunction-sections -fdata-sections -Wall -fstack-usage -MMD -MP -MF"drivers/Src/gpio_driver.d" -MT"drivers/Src/gpio_driver.o" --specs=nano.specs -mfloat-abi=soft -mthumb -o "drivers/Src/gpio_driver.o"
arm-none-eabi-gcc "../drivers/Src/i2c.driver.c" -mcpu=cortex-m3 -std=gnu11 -g3 -DSTM32 -DSTM32F1 -DSTM32F103C8Tx -DDEBUG -c -I"C:/Embedded Software/code/stm32f1xx_drivers/drivers/Inc" -O0 -ffunction-sections -fdata-sections -Wall -fstack-usage -MMD -MP -MF"drivers/Src/i2c.driver.d" -MT"drivers/Src/i2c.driver.o" --specs=nano.specs -mfloat-abi=soft -mthumb -o "drivers/Src/i2c.driver.o"
arm-none-eabi-gcc "../drivers/Src/rcc_driver.c" -mcpu=cortex-m3 -std=gnu11 -g3 -DSTM32 -DSTM32F1 -DSTM32F103C8Tx -DDEBUG -c -I"C:/Embedded Software/code/stm32f1xx_drivers/drivers/Inc" -O0 -ffunction-sections -fdata-sections -Wall -fstack-usage -MMD -MP -MF"drivers/Src/rcc_driver.d" -MT"drivers/Src/rcc_driver.o" --specs=nano.specs -mfloat-abi=soft -mthumb -o "drivers/Src/rcc_driver.o"
arm-none-eabi-gcc "../drivers/Src/spi_driver.c" -mcpu=cortex-m3 -std=gnu11 -g3 -DSTM32 -DSTM32F1 -DSTM32F103C8Tx -DDEBUG -c -I"C:/Embedded Software/code/stm32f1xx_drivers/drivers/Inc" -O0 -ffunction-sections -fdata-sections -Wall -fstack-usage -MMD -MP -MF"drivers/Src/spi_driver.d" -MT"drivers/Src/spi_driver.o" --specs=nano.specs -mfloat-abi=soft -mthumb -o "drivers/Src/spi_driver.o"
arm-none-eabi-gcc "../drivers/Src/usart_driver.c" -mcpu=cortex-m3 -std=gnu11 -g3 -DSTM32 -DSTM32F1 -DSTM32F103C8Tx -DDEBUG -c -I"C:/Embedded Software/code/stm32f1xx_drivers/drivers/Inc" -O0 -ffunction-sections -fdata-sections -Wall -fstack-usage -MMD -MP -MF"drivers/Src/usart_driver.d" -MT"drivers/Src/usart_driver.o" --specs=nano.specs -mfloat-abi=soft -mthumb -o "drivers/Src/usart_driver.o"
arm-none-eabi-gcc -mcpu=cortex-m3 -g3 -c -x assembler-with-cpp -MMD -MP -MF"Startup/startup_stm32f103c8tx.d" -MT"Startup/startup_stm32f103c8tx.o" --specs=nano.specs -mfloat-abi=soft -mthumb -o "Startup/startup_stm32f103c8tx.o" "../Startup/startup_stm32f103c8tx.s"
arm-none-eabi-gcc "../Src/i2c_eeprom.c" -mcpu=cortex-m3 -std=gnu11 -g3 -DSTM32 -DSTM32F1 -DSTM32F103C8Tx -DDEBUG -c -I"C:/Embedded Software/code/stm32f1xx_drivers/drivers/Inc" -O0 -ffunction-sections -fdata-sections -Wall -fstack-usage -MMD -MP -MF"Src/i2c_eeprom.d" -MT"Src/i2c_eeprom.o" --specs=nano.specs -mfloat-abi=soft -mthumb -o "Src/i2c_eeprom.o"
arm-none-eabi-gcc "../Src/syscalls.c" -mcpu=cortex-m3 -std=gnu11 -g3 -DSTM32 -DSTM32F1 -DSTM32F103C8Tx -DDEBUG -c -I"C:/Embedded Software/code/stm32f1xx_drivers/drivers/Inc" -O0 -ffunction-sections -fdata-sections -Wall -fstack-usage -MMD -MP -MF"Src/syscalls.d" -MT"Src/syscalls.o" --specs=nano.specs -mfloat-abi=soft -mthumb -o "Src/syscalls.o"
arm-none-eabi-gcc "../Src/sysmem.c" -mcpu=cortex-m3 -std=gnu11 -g3 -DSTM32 -DSTM32F1 -DSTM32F103C8Tx -DDEBUG -c -I"C:/Embedded Software/code/stm32f1xx_drivers/drivers/Inc" -O0 -ffunction-sections -fdata-sections -Wall -fstack-usage -MMD -MP -MF"Src/sysmem.d" -MT"Src/sysmem.o" --specs=nano.specs -mfloat-abi=soft -mthumb -o "Src/sysmem.o"
../Src/i2c_eeprom.c: In function 'main':
../Src/i2c_eeprom.c:92:2: warning: implicit declaration of function 'GPIO_Inits'; did you mean 'GPIO_Init'? [-Wimplicit-function-declaration]
  GPIO_Inits();
  ^~~~~~~~~~
  GPIO_Init
arm-none-eabi-gcc -o "stm32f1xx_drivers.elf" @"objects.list"   -mcpu=cortex-m3 -T"C:\Embedded Software\code\stm32f1xx_drivers\STM32F103C8TX_FLASH.ld" --specs=nosys.specs -Wl,-Map="stm32f1xx_drivers.map" -Wl,--gc-sections -static --specs=nano.specs -mfloat-abi=soft -mthumb -Wl,--start-group -lc -lm -Wl,--end-group
Src/i2c_eeprom.o: In function `main':
C:/Embedded Software/code/stm32f1xx_drivers/Debug/../Src/i2c_eeprom.c:92: undefined reference to `GPIO_Inits'
collect2.exe: error: ld returned 1 exit status
make: *** [makefile:58: stm32f1xx_drivers.elf] Error 1
"make -j8 all" terminated with exit code 2. Build might be incomplete.
22:50:46 **** Incremental Build of configuration Debug for project stm32f1xx_drivers ****
make -j8 all 
arm-none-eabi-gcc "../Src/i2c_eeprom.c" -mcpu=cortex-m3 -std=gnu11 -g3 -DSTM32 -DSTM32F1 -DSTM32F103C8Tx -DDEBUG -c -I"C:/Embedded Software/code/stm32f1xx_drivers/drivers/Inc" -O0 -ffunction-sections -fdata-sections -Wall -fstack-usage -MMD -MP -MF"Src/i2c_eeprom.d" -MT"Src/i2c_eeprom.o" --specs=nano.specs -mfloat-abi=soft -mthumb -o "Src/i2c_eeprom.o"
arm-none-eabi-gcc -o "stm32f1xx_drivers.elf" @"objects.list"   -mcpu=cortex-m3 -T"C:\Embedded Software\code\stm32f1xx_drivers\STM32F103C8TX_FLASH.ld" --specs=nosys.specs -Wl,-Map="stm32f1xx_drivers.map" -Wl,--gc-sections -static --specs=nano.specs -mfloat-abi=soft -mthumb -Wl,--start-group -lc -lm -Wl,--end-group
Finished building target: stm32f1xx_drivers.elf
 
arm-none-eabi-size   stm32f1xx_drivers.elf 
arm-none-eabi-objdump -h -S  stm32f1xx_drivers.elf  > "stm32f1xx_drivers.list"
arm-none-eabi-objcopy  -O binary  stm32f1xx_drivers.elf  "stm32f1xx_drivers.bin"
   text	   data	    bss	    dec	    hex	filename
   4304	    128	   1624	   6056	   17a8	stm32f1xx_drivers.elf
Finished building: default.size.stdout
 
Finished building: stm32f1xx_drivers.bin
Finished building: stm32f1xx_drivers.list
 
 
00:54:41 **** Clean-only build of configuration Debug for project stm32f1xx_drivers ****
make -j8 clean 
rm -rf *
 
00:54:41 **** Incremental Build of configuration Debug for project stm32f1xx_drivers ****
make -j8 all 
arm-none-eabi-gcc "../drivers/Src/gpio_driver.c" -mcpu=cortex-m3 -std=gnu11 -g3 -DSTM32 -DSTM32F1 -DSTM32F103C8Tx -DDEBUG -c -I"C:/Embedded Software/code/stm32f1xx_drivers/drivers/Inc" -O0 -ffunction-sections -fdata-sections -Wall -fstack-usage -MMD -MP -MF"drivers/Src/gpio_driver.d" -MT"drivers/Src/gpio_driver.o" --specs=nano.specs -mfloat-abi=soft -mthumb -o "drivers/Src/gpio_driver.o"
arm-none-eabi-gcc "../drivers/Src/i2c.driver.c" -mcpu=cortex-m3 -std=gnu11 -g3 -DSTM32 -DSTM32F1 -DSTM32F103C8Tx -DDEBUG -c -I"C:/Embedded Software/code/stm32f1xx_drivers/drivers/Inc" -O0 -ffunction-sections -fdata-sections -Wall -fstack-usage -MMD -MP -MF"drivers/Src/i2c.driver.d" -MT"drivers/Src/i2c.driver.o" --specs=nano.specs -mfloat-abi=soft -mthumb -o "drivers/Src/i2c.driver.o"
arm-none-eabi-gcc "../drivers/Src/rcc_driver.c" -mcpu=cortex-m3 -std=gnu11 -g3 -DSTM32 -DSTM32F1 -DSTM32F103C8Tx -DDEBUG -c -I"C:/Embedded Software/code/stm32f1xx_drivers/drivers/Inc" -O0 -ffunction-sections -fdata-sections -Wall -fstack-usage -MMD -MP -MF"drivers/Src/rcc_driver.d" -MT"drivers/Src/rcc_driver.o" --specs=nano.specs -mfloat-abi=soft -mthumb -o "drivers/Src/rcc_driver.o"
arm-none-eabi-gcc "../drivers/Src/spi_driver.c" -mcpu=cortex-m3 -std=gnu11 -g3 -DSTM32 -DSTM32F1 -DSTM32F103C8Tx -DDEBUG -c -I"C:/Embedded Software/code/stm32f1xx_drivers/drivers/Inc" -O0 -ffunction-sections -fdata-sections -Wall -fstack-usage -MMD -MP -MF"drivers/Src/spi_driver.d" -MT"drivers/Src/spi_driver.o" --specs=nano.specs -mfloat-abi=soft -mthumb -o "drivers/Src/spi_driver.o"
arm-none-eabi-gcc "../drivers/Src/usart_driver.c" -mcpu=cortex-m3 -std=gnu11 -g3 -DSTM32 -DSTM32F1 -DSTM32F103C8Tx -DDEBUG -c -I"C:/Embedded Software/code/stm32f1xx_drivers/drivers/Inc" -O0 -ffunction-sections -fdata-sections -Wall -fstack-usage -MMD -MP -MF"drivers/Src/usart_driver.d" -MT"drivers/Src/usart_driver.o" --specs=nano.specs -mfloat-abi=soft -mthumb -o "drivers/Src/usart_driver.o"
arm-none-eabi-gcc -mcpu=cortex-m3 -g3 -c -x assembler-with-cpp -MMD -MP -MF"Startup/startup_stm32f103c8tx.d" -MT"Startup/startup_stm32f103c8tx.o" --specs=nano.specs -mfloat-abi=soft -mthumb -o "Startup/startup_stm32f103c8tx.o" "../Startup/startup_stm32f103c8tx.s"
arm-none-eabi-gcc "../Src/syscalls.c" -mcpu=cortex-m3 -std=gnu11 -g3 -DSTM32 -DSTM32F1 -DSTM32F103C8Tx -DDEBUG -c -I"C:/Embedded Software/code/stm32f1xx_drivers/drivers/Inc" -O0 -ffunction-sections -fdata-sections -Wall -fstack-usage -MMD -MP -MF"Src/syscalls.d" -MT"Src/syscalls.o" --specs=nano.specs -mfloat-abi=soft -mthumb -o "Src/syscalls.o"
arm-none-eabi-gcc "../Src/sysmem.c" -mcpu=cortex-m3 -std=gnu11 -g3 -DSTM32 -DSTM32F1 -DSTM32F103C8Tx -DDEBUG -c -I"C:/Embedded Software/code/stm32f1xx_drivers/drivers/Inc" -O0 -ffunction-sections -fdata-sections -Wall -fstack-usage -MMD -MP -MF"Src/sysmem.d" -MT"Src/sysmem.o" --specs=nano.specs -mfloat-abi=soft -mthumb -o "Src/sysmem.o"
arm-none-eabi-gcc "../Src/uart_tx.c" -mcpu=cortex-m3 -std=gnu11 -g3 -DSTM32 -DSTM32F1 -DSTM32F103C8Tx -DDEBUG -c -I"C:/Embedded Software/code/stm32f1xx_drivers/drivers/Inc" -O0 -ffunction-sections -fdata-sections -Wall -fstack-usage -MMD -MP -MF"Src/uart_tx.d" -MT"Src/uart_tx.o" --specs=nano.specs -mfloat-abi=soft -mthumb -o "Src/uart_tx.o"
arm-none-eabi-gcc -o "stm32f1xx_drivers.elf" @"objects.list"   -mcpu=cortex-m3 -T"C:\Embedded Software\code\stm32f1xx_drivers\STM32F103C8TX_FLASH.ld" --specs=nosys.specs -Wl,-Map="stm32f1xx_drivers.map" -Wl,--gc-sections -static --specs=nano.specs -mfloat-abi=soft -mthumb -Wl,--start-group -lc -lm -Wl,--end-group
Finished building target: stm32f1xx_drivers.elf
 
arm-none-eabi-size   stm32f1xx_drivers.elf 
arm-none-eabi-objdump -h -S  stm32f1xx_drivers.elf  > "stm32f1xx_drivers.list"
arm-none-eabi-objcopy  -O binary  stm32f1xx_drivers.elf  "stm32f1xx_drivers.bin"
   text	   data	    bss	    dec	    hex	filename
    564	      8	   1568	   2140	    85c	stm32f1xx_drivers.elf
Finished building: default.size.stdout
 
Finished building: stm32f1xx_drivers.list
Finished building: stm32f1xx_drivers.bin
 
 
01:01:38 **** Incremental Build of configuration Debug for project stm32f1xx_drivers ****
make -j8 all 
arm-none-eabi-gcc "../Src/uart_tx.c" -mcpu=cortex-m3 -std=gnu11 -g3 -DSTM32 -DSTM32F1 -DSTM32F103C8Tx -DDEBUG -c -I"C:/Embedded Software/code/stm32f1xx_drivers/drivers/Inc" -O0 -ffunction-sections -fdata-sections -Wall -fstack-usage -MMD -MP -MF"Src/uart_tx.d" -MT"Src/uart_tx.o" --specs=nano.specs -mfloat-abi=soft -mthumb -o "Src/uart_tx.o"
In file included from C:/Embedded Software/code/stm32f1xx_drivers/drivers/Inc/stm32f103xx.h:665:0,
                 from ../Src/uart_tx.c:10:
../Src/uart_tx.c: In function 'USART1_Inits':
C:/Embedded Software/code/stm32f1xx_drivers/drivers/Inc/usart_driver.h:58:32: warning: large integer implicitly truncated to unsigned type [-Woverflow]
 #define USART_BAUDRATE_115200  115200
                                ^
../Src/uart_tx.c:25:45: note: in expansion of macro 'USART_BAUDRATE_115200'
  USART1Handle.USART_Config.USART_BaudRate = USART_BAUDRATE_115200;
                                             ^~~~~~~~~~~~~~~~~~~~~
arm-none-eabi-gcc -o "stm32f1xx_drivers.elf" @"objects.list"   -mcpu=cortex-m3 -T"C:\Embedded Software\code\stm32f1xx_drivers\STM32F103C8TX_FLASH.ld" --specs=nosys.specs -Wl,-Map="stm32f1xx_drivers.map" -Wl,--gc-sections -static --specs=nano.specs -mfloat-abi=soft -mthumb -Wl,--start-group -lc -lm -Wl,--end-group
Finished building target: stm32f1xx_drivers.elf
 
arm-none-eabi-objdump -h -S  stm32f1xx_drivers.elf  > "stm32f1xx_drivers.list"
arm-none-eabi-objcopy  -O binary  stm32f1xx_drivers.elf  "stm32f1xx_drivers.bin"
arm-none-eabi-size   stm32f1xx_drivers.elf 
   text	   data	    bss	    dec	    hex	filename
   5700	   1028	   1596	   8324	   2084	stm32f1xx_drivers.elf
Finished building: default.size.stdout
 
Finished building: stm32f1xx_drivers.bin
Finished building: stm32f1xx_drivers.list
 
 
01:04:14 **** Incremental Build of configuration Debug for project stm32f1xx_drivers ****
make -j8 all 
arm-none-eabi-gcc "../drivers/Src/gpio_driver.c" -mcpu=cortex-m3 -std=gnu11 -g3 -DSTM32 -DSTM32F1 -DSTM32F103C8Tx -DDEBUG -c -I"C:/Embedded Software/code/stm32f1xx_drivers/drivers/Inc" -O0 -ffunction-sections -fdata-sections -Wall -fstack-usage -MMD -MP -MF"drivers/Src/gpio_driver.d" -MT"drivers/Src/gpio_driver.o" --specs=nano.specs -mfloat-abi=soft -mthumb -o "drivers/Src/gpio_driver.o"
arm-none-eabi-gcc "../drivers/Src/i2c.driver.c" -mcpu=cortex-m3 -std=gnu11 -g3 -DSTM32 -DSTM32F1 -DSTM32F103C8Tx -DDEBUG -c -I"C:/Embedded Software/code/stm32f1xx_drivers/drivers/Inc" -O0 -ffunction-sections -fdata-sections -Wall -fstack-usage -MMD -MP -MF"drivers/Src/i2c.driver.d" -MT"drivers/Src/i2c.driver.o" --specs=nano.specs -mfloat-abi=soft -mthumb -o "drivers/Src/i2c.driver.o"
arm-none-eabi-gcc "../drivers/Src/rcc_driver.c" -mcpu=cortex-m3 -std=gnu11 -g3 -DSTM32 -DSTM32F1 -DSTM32F103C8Tx -DDEBUG -c -I"C:/Embedded Software/code/stm32f1xx_drivers/drivers/Inc" -O0 -ffunction-sections -fdata-sections -Wall -fstack-usage -MMD -MP -MF"drivers/Src/rcc_driver.d" -MT"drivers/Src/rcc_driver.o" --specs=nano.specs -mfloat-abi=soft -mthumb -o "drivers/Src/rcc_driver.o"
arm-none-eabi-gcc "../drivers/Src/spi_driver.c" -mcpu=cortex-m3 -std=gnu11 -g3 -DSTM32 -DSTM32F1 -DSTM32F103C8Tx -DDEBUG -c -I"C:/Embedded Software/code/stm32f1xx_drivers/drivers/Inc" -O0 -ffunction-sections -fdata-sections -Wall -fstack-usage -MMD -MP -MF"drivers/Src/spi_driver.d" -MT"drivers/Src/spi_driver.o" --specs=nano.specs -mfloat-abi=soft -mthumb -o "drivers/Src/spi_driver.o"
arm-none-eabi-gcc "../drivers/Src/usart_driver.c" -mcpu=cortex-m3 -std=gnu11 -g3 -DSTM32 -DSTM32F1 -DSTM32F103C8Tx -DDEBUG -c -I"C:/Embedded Software/code/stm32f1xx_drivers/drivers/Inc" -O0 -ffunction-sections -fdata-sections -Wall -fstack-usage -MMD -MP -MF"drivers/Src/usart_driver.d" -MT"drivers/Src/usart_driver.o" --specs=nano.specs -mfloat-abi=soft -mthumb -o "drivers/Src/usart_driver.o"
arm-none-eabi-gcc "../Src/uart_tx.c" -mcpu=cortex-m3 -std=gnu11 -g3 -DSTM32 -DSTM32F1 -DSTM32F103C8Tx -DDEBUG -c -I"C:/Embedded Software/code/stm32f1xx_drivers/drivers/Inc" -O0 -ffunction-sections -fdata-sections -Wall -fstack-usage -MMD -MP -MF"Src/uart_tx.d" -MT"Src/uart_tx.o" --specs=nano.specs -mfloat-abi=soft -mthumb -o "Src/uart_tx.o"
arm-none-eabi-gcc -o "stm32f1xx_drivers.elf" @"objects.list"   -mcpu=cortex-m3 -T"C:\Embedded Software\code\stm32f1xx_drivers\STM32F103C8TX_FLASH.ld" --specs=nosys.specs -Wl,-Map="stm32f1xx_drivers.map" -Wl,--gc-sections -static --specs=nano.specs -mfloat-abi=soft -mthumb -Wl,--start-group -lc -lm -Wl,--end-group
Finished building target: stm32f1xx_drivers.elf
 
arm-none-eabi-objdump -h -S  stm32f1xx_drivers.elf  > "stm32f1xx_drivers.list"
arm-none-eabi-objcopy  -O binary  stm32f1xx_drivers.elf  "stm32f1xx_drivers.bin"
arm-none-eabi-size   stm32f1xx_drivers.elf 
   text	   data	    bss	    dec	    hex	filename
   5700	   1028	   1604	   8332	   208c	stm32f1xx_drivers.elf
Finished building: default.size.stdout
 
Finished building: stm32f1xx_drivers.bin
Finished building: stm32f1xx_drivers.list
 
 
01:07:23 **** Incremental Build of configuration Debug for project stm32f1xx_drivers ****
make -j8 all 
arm-none-eabi-gcc "../drivers/Src/usart_driver.c" -mcpu=cortex-m3 -std=gnu11 -g3 -DSTM32 -DSTM32F1 -DSTM32F103C8Tx -DDEBUG -c -I"C:/Embedded Software/code/stm32f1xx_drivers/drivers/Inc" -O0 -ffunction-sections -fdata-sections -Wall -fstack-usage -MMD -MP -MF"drivers/Src/usart_driver.d" -MT"drivers/Src/usart_driver.o" --specs=nano.specs -mfloat-abi=soft -mthumb -o "drivers/Src/usart_driver.o"
arm-none-eabi-gcc -o "stm32f1xx_drivers.elf" @"objects.list"   -mcpu=cortex-m3 -T"C:\Embedded Software\code\stm32f1xx_drivers\STM32F103C8TX_FLASH.ld" --specs=nosys.specs -Wl,-Map="stm32f1xx_drivers.map" -Wl,--gc-sections -static --specs=nano.specs -mfloat-abi=soft -mthumb -Wl,--start-group -lc -lm -Wl,--end-group
Finished building target: stm32f1xx_drivers.elf
 
arm-none-eabi-objdump -h -S  stm32f1xx_drivers.elf  > "stm32f1xx_drivers.list"
arm-none-eabi-objcopy  -O binary  stm32f1xx_drivers.elf  "stm32f1xx_drivers.bin"
arm-none-eabi-size   stm32f1xx_drivers.elf 
   text	   data	    bss	    dec	    hex	filename
   5700	   1028	   1604	   8332	   208c	stm32f1xx_drivers.elf
Finished building: default.size.stdout
 
Finished building: stm32f1xx_drivers.bin
Finished building: stm32f1xx_drivers.list
 
 
01:13:30 **** Incremental Build of configuration Debug for project stm32f1xx_drivers ****
make -j8 all 
arm-none-eabi-gcc "../drivers/Src/usart_driver.c" -mcpu=cortex-m3 -std=gnu11 -g3 -DSTM32 -DSTM32F1 -DSTM32F103C8Tx -DDEBUG -c -I"C:/Embedded Software/code/stm32f1xx_drivers/drivers/Inc" -O0 -ffunction-sections -fdata-sections -Wall -fstack-usage -MMD -MP -MF"drivers/Src/usart_driver.d" -MT"drivers/Src/usart_driver.o" --specs=nano.specs -mfloat-abi=soft -mthumb -o "drivers/Src/usart_driver.o"
arm-none-eabi-gcc -o "stm32f1xx_drivers.elf" @"objects.list"   -mcpu=cortex-m3 -T"C:\Embedded Software\code\stm32f1xx_drivers\STM32F103C8TX_FLASH.ld" --specs=nosys.specs -Wl,-Map="stm32f1xx_drivers.map" -Wl,--gc-sections -static --specs=nano.specs -mfloat-abi=soft -mthumb -Wl,--start-group -lc -lm -Wl,--end-group
Finished building target: stm32f1xx_drivers.elf
 
arm-none-eabi-objdump -h -S  stm32f1xx_drivers.elf  > "stm32f1xx_drivers.list"
arm-none-eabi-objcopy  -O binary  stm32f1xx_drivers.elf  "stm32f1xx_drivers.bin"
arm-none-eabi-size   stm32f1xx_drivers.elf 
   text	   data	    bss	    dec	    hex	filename
   4236	   1028	   1604	   6868	   1ad4	stm32f1xx_drivers.elf
Finished building: default.size.stdout
 
Finished building: stm32f1xx_drivers.bin
 
Finished building: stm32f1xx_drivers.list
 
01:17:02 **** Incremental Build of configuration Debug for project stm32f1xx_drivers ****
make -j8 all 
arm-none-eabi-gcc "../Src/uart_tx.c" -mcpu=cortex-m3 -std=gnu11 -g3 -DSTM32 -DSTM32F1 -DSTM32F103C8Tx -DDEBUG -c -I"C:/Embedded Software/code/stm32f1xx_drivers/drivers/Inc" -O0 -ffunction-sections -fdata-sections -Wall -fstack-usage -MMD -MP -MF"Src/uart_tx.d" -MT"Src/uart_tx.o" --specs=nano.specs -mfloat-abi=soft -mthumb -o "Src/uart_tx.o"
arm-none-eabi-gcc -o "stm32f1xx_drivers.elf" @"objects.list"   -mcpu=cortex-m3 -T"C:\Embedded Software\code\stm32f1xx_drivers\STM32F103C8TX_FLASH.ld" --specs=nosys.specs -Wl,-Map="stm32f1xx_drivers.map" -Wl,--gc-sections -static --specs=nano.specs -mfloat-abi=soft -mthumb -Wl,--start-group -lc -lm -Wl,--end-group
Finished building target: stm32f1xx_drivers.elf
 
arm-none-eabi-objdump -h -S  stm32f1xx_drivers.elf  > "stm32f1xx_drivers.list"
arm-none-eabi-objcopy  -O binary  stm32f1xx_drivers.elf  "stm32f1xx_drivers.bin"
arm-none-eabi-size   stm32f1xx_drivers.elf 
   text	   data	    bss	    dec	    hex	filename
   4236	   1028	   1604	   6868	   1ad4	stm32f1xx_drivers.elf
Finished building: default.size.stdout
 
Finished building: stm32f1xx_drivers.bin
 
Finished building: stm32f1xx_drivers.list
 
