Archive member included to satisfy reference by file (symbol)

c:/st/stm32cubeide_1.2.0/stm32cubeide/plugins/com.st.stm32cube.ide.mcu.externaltools.gnu-tools-for-stm32.7-2018-q2-update.win32_1.5.0.202011040924/tools/bin/../lib/gcc/arm-none-eabi/7.3.1/../../../../arm-none-eabi/lib/thumb/v7-m\libc_nano.a(lib_a-errno.o)
                              Src/syscalls.o (__errno)
c:/st/stm32cubeide_1.2.0/stm32cubeide/plugins/com.st.stm32cube.ide.mcu.externaltools.gnu-tools-for-stm32.7-2018-q2-update.win32_1.5.0.202011040924/tools/bin/../lib/gcc/arm-none-eabi/7.3.1/../../../../arm-none-eabi/lib/thumb/v7-m\libc_nano.a(lib_a-exit.o)
                              c:/st/stm32cubeide_1.2.0/stm32cubeide/plugins/com.st.stm32cube.ide.mcu.externaltools.gnu-tools-for-stm32.7-2018-q2-update.win32_1.5.0.202011040924/tools/bin/../lib/gcc/arm-none-eabi/7.3.1/../../../../arm-none-eabi/lib/thumb/v7-m/crt0.o (exit)
c:/st/stm32cubeide_1.2.0/stm32cubeide/plugins/com.st.stm32cube.ide.mcu.externaltools.gnu-tools-for-stm32.7-2018-q2-update.win32_1.5.0.202011040924/tools/bin/../lib/gcc/arm-none-eabi/7.3.1/../../../../arm-none-eabi/lib/thumb/v7-m\libc_nano.a(lib_a-impure.o)
                              c:/st/stm32cubeide_1.2.0/stm32cubeide/plugins/com.st.stm32cube.ide.mcu.externaltools.gnu-tools-for-stm32.7-2018-q2-update.win32_1.5.0.202011040924/tools/bin/../lib/gcc/arm-none-eabi/7.3.1/../../../../arm-none-eabi/lib/thumb/v7-m\libc_nano.a(lib_a-exit.o) (_global_impure_ptr)
c:/st/stm32cubeide_1.2.0/stm32cubeide/plugins/com.st.stm32cube.ide.mcu.externaltools.gnu-tools-for-stm32.7-2018-q2-update.win32_1.5.0.202011040924/tools/bin/../lib/gcc/arm-none-eabi/7.3.1/../../../../arm-none-eabi/lib/thumb/v7-m\libc_nano.a(lib_a-init.o)
                              c:/st/stm32cubeide_1.2.0/stm32cubeide/plugins/com.st.stm32cube.ide.mcu.externaltools.gnu-tools-for-stm32.7-2018-q2-update.win32_1.5.0.202011040924/tools/bin/../lib/gcc/arm-none-eabi/7.3.1/../../../../arm-none-eabi/lib/thumb/v7-m/crt0.o (__libc_init_array)
c:/st/stm32cubeide_1.2.0/stm32cubeide/plugins/com.st.stm32cube.ide.mcu.externaltools.gnu-tools-for-stm32.7-2018-q2-update.win32_1.5.0.202011040924/tools/bin/../lib/gcc/arm-none-eabi/7.3.1/../../../../arm-none-eabi/lib/thumb/v7-m\libc_nano.a(lib_a-memset.o)
                              c:/st/stm32cubeide_1.2.0/stm32cubeide/plugins/com.st.stm32cube.ide.mcu.externaltools.gnu-tools-for-stm32.7-2018-q2-update.win32_1.5.0.202011040924/tools/bin/../lib/gcc/arm-none-eabi/7.3.1/../../../../arm-none-eabi/lib/thumb/v7-m/crt0.o (memset)
c:/st/stm32cubeide_1.2.0/stm32cubeide/plugins/com.st.stm32cube.ide.mcu.externaltools.gnu-tools-for-stm32.7-2018-q2-update.win32_1.5.0.202011040924/tools/bin/../lib/gcc/arm-none-eabi/7.3.1/../../../../arm-none-eabi/lib/thumb/v7-m\libc_nano.a(lib_a-strlen.o)
                              Src/uart_tx.o (strlen)
c:/st/stm32cubeide_1.2.0/stm32cubeide/plugins/com.st.stm32cube.ide.mcu.externaltools.gnu-tools-for-stm32.7-2018-q2-update.win32_1.5.0.202011040924/tools/bin/../lib/gcc/arm-none-eabi/7.3.1/thumb/v7-m\libgcc.a(_arm_addsubdf3.o)
                              drivers/Src/usart_driver.o (__aeabi_ui2d)
c:/st/stm32cubeide_1.2.0/stm32cubeide/plugins/com.st.stm32cube.ide.mcu.externaltools.gnu-tools-for-stm32.7-2018-q2-update.win32_1.5.0.202011040924/tools/bin/../lib/gcc/arm-none-eabi/7.3.1/thumb/v7-m\libgcc.a(_arm_fixunsdfsi.o)
                              drivers/Src/usart_driver.o (__aeabi_d2uiz)

Allocating common symbols
Common symbol       size              file

USART1Handle        0x28              Src/uart_tx.o

Discarded input sections

 .text          0x0000000000000000        0x0 c:/st/stm32cubeide_1.2.0/stm32cubeide/plugins/com.st.stm32cube.ide.mcu.externaltools.gnu-tools-for-stm32.7-2018-q2-update.win32_1.5.0.202011040924/tools/bin/../lib/gcc/arm-none-eabi/7.3.1/thumb/v7-m/crti.o
 .data          0x0000000000000000        0x0 c:/st/stm32cubeide_1.2.0/stm32cubeide/plugins/com.st.stm32cube.ide.mcu.externaltools.gnu-tools-for-stm32.7-2018-q2-update.win32_1.5.0.202011040924/tools/bin/../lib/gcc/arm-none-eabi/7.3.1/thumb/v7-m/crti.o
 .bss           0x0000000000000000        0x0 c:/st/stm32cubeide_1.2.0/stm32cubeide/plugins/com.st.stm32cube.ide.mcu.externaltools.gnu-tools-for-stm32.7-2018-q2-update.win32_1.5.0.202011040924/tools/bin/../lib/gcc/arm-none-eabi/7.3.1/thumb/v7-m/crti.o
 .data          0x0000000000000000        0x4 c:/st/stm32cubeide_1.2.0/stm32cubeide/plugins/com.st.stm32cube.ide.mcu.externaltools.gnu-tools-for-stm32.7-2018-q2-update.win32_1.5.0.202011040924/tools/bin/../lib/gcc/arm-none-eabi/7.3.1/thumb/v7-m/crtbegin.o
 .text          0x0000000000000000       0x74 c:/st/stm32cubeide_1.2.0/stm32cubeide/plugins/com.st.stm32cube.ide.mcu.externaltools.gnu-tools-for-stm32.7-2018-q2-update.win32_1.5.0.202011040924/tools/bin/../lib/gcc/arm-none-eabi/7.3.1/../../../../arm-none-eabi/lib/thumb/v7-m/crt0.o
 .data          0x0000000000000000        0x0 c:/st/stm32cubeide_1.2.0/stm32cubeide/plugins/com.st.stm32cube.ide.mcu.externaltools.gnu-tools-for-stm32.7-2018-q2-update.win32_1.5.0.202011040924/tools/bin/../lib/gcc/arm-none-eabi/7.3.1/../../../../arm-none-eabi/lib/thumb/v7-m/crt0.o
 .bss           0x0000000000000000        0x0 c:/st/stm32cubeide_1.2.0/stm32cubeide/plugins/com.st.stm32cube.ide.mcu.externaltools.gnu-tools-for-stm32.7-2018-q2-update.win32_1.5.0.202011040924/tools/bin/../lib/gcc/arm-none-eabi/7.3.1/../../../../arm-none-eabi/lib/thumb/v7-m/crt0.o
 .ARM.extab     0x0000000000000000        0x0 c:/st/stm32cubeide_1.2.0/stm32cubeide/plugins/com.st.stm32cube.ide.mcu.externaltools.gnu-tools-for-stm32.7-2018-q2-update.win32_1.5.0.202011040924/tools/bin/../lib/gcc/arm-none-eabi/7.3.1/../../../../arm-none-eabi/lib/thumb/v7-m/crt0.o
 .ARM.exidx     0x0000000000000000        0x8 c:/st/stm32cubeide_1.2.0/stm32cubeide/plugins/com.st.stm32cube.ide.mcu.externaltools.gnu-tools-for-stm32.7-2018-q2-update.win32_1.5.0.202011040924/tools/bin/../lib/gcc/arm-none-eabi/7.3.1/../../../../arm-none-eabi/lib/thumb/v7-m/crt0.o
 .ARM.attributes
                0x0000000000000000       0x1b c:/st/stm32cubeide_1.2.0/stm32cubeide/plugins/com.st.stm32cube.ide.mcu.externaltools.gnu-tools-for-stm32.7-2018-q2-update.win32_1.5.0.202011040924/tools/bin/../lib/gcc/arm-none-eabi/7.3.1/../../../../arm-none-eabi/lib/thumb/v7-m/crt0.o
 .group         0x0000000000000000        0xc Src/syscalls.o
 .group         0x0000000000000000        0xc Src/syscalls.o
 .group         0x0000000000000000        0xc Src/syscalls.o
 .group         0x0000000000000000        0xc Src/syscalls.o
 .group         0x0000000000000000        0xc Src/syscalls.o
 .group         0x0000000000000000        0xc Src/syscalls.o
 .group         0x0000000000000000        0xc Src/syscalls.o
 .group         0x0000000000000000        0xc Src/syscalls.o
 .group         0x0000000000000000        0xc Src/syscalls.o
 .group         0x0000000000000000        0xc Src/syscalls.o
 .group         0x0000000000000000        0xc Src/syscalls.o
 .group         0x0000000000000000        0xc Src/syscalls.o
 .group         0x0000000000000000        0xc Src/syscalls.o
 .group         0x0000000000000000        0xc Src/syscalls.o
 .group         0x0000000000000000        0xc Src/syscalls.o
 .group         0x0000000000000000        0xc Src/syscalls.o
 .group         0x0000000000000000        0xc Src/syscalls.o
 .group         0x0000000000000000        0xc Src/syscalls.o
 .group         0x0000000000000000        0xc Src/syscalls.o
 .group         0x0000000000000000        0xc Src/syscalls.o
 .group         0x0000000000000000        0xc Src/syscalls.o
 .group         0x0000000000000000        0xc Src/syscalls.o
 .group         0x0000000000000000        0xc Src/syscalls.o
 .group         0x0000000000000000        0xc Src/syscalls.o
 .group         0x0000000000000000        0xc Src/syscalls.o
 .group         0x0000000000000000        0xc Src/syscalls.o
 .group         0x0000000000000000        0xc Src/syscalls.o
 .group         0x0000000000000000        0xc Src/syscalls.o
 .group         0x0000000000000000        0xc Src/syscalls.o
 .group         0x0000000000000000        0xc Src/syscalls.o
 .group         0x0000000000000000        0xc Src/syscalls.o
 .group         0x0000000000000000        0xc Src/syscalls.o
 .group         0x0000000000000000        0xc Src/syscalls.o
 .group         0x0000000000000000        0xc Src/syscalls.o
 .group         0x0000000000000000        0xc Src/syscalls.o
 .group         0x0000000000000000        0xc Src/syscalls.o
 .group         0x0000000000000000        0xc Src/syscalls.o
 .group         0x0000000000000000        0xc Src/syscalls.o
 .group         0x0000000000000000        0xc Src/syscalls.o
 .group         0x0000000000000000        0xc Src/syscalls.o
 .group         0x0000000000000000        0xc Src/syscalls.o
 .group         0x0000000000000000        0xc Src/syscalls.o
 .group         0x0000000000000000        0xc Src/syscalls.o
 .group         0x0000000000000000        0xc Src/syscalls.o
 .text          0x0000000000000000        0x0 Src/syscalls.o
 .data          0x0000000000000000        0x0 Src/syscalls.o
 .bss           0x0000000000000000        0x0 Src/syscalls.o
 .text.ITM_SendChar
                0x0000000000000000       0x4c Src/syscalls.o
 .bss.__env     0x0000000000000000        0x4 Src/syscalls.o
 .data.environ  0x0000000000000000        0x4 Src/syscalls.o
 .text.initialise_monitor_handles
                0x0000000000000000        0xc Src/syscalls.o
 .text._getpid  0x0000000000000000        0xe Src/syscalls.o
 .text._kill    0x0000000000000000       0x20 Src/syscalls.o
 .text._exit    0x0000000000000000       0x14 Src/syscalls.o
 .text._read    0x0000000000000000       0x3a Src/syscalls.o
 .text._write   0x0000000000000000       0x38 Src/syscalls.o
 .text._close   0x0000000000000000       0x16 Src/syscalls.o
 .text._fstat   0x0000000000000000       0x1e Src/syscalls.o
 .text._isatty  0x0000000000000000       0x14 Src/syscalls.o
 .text._lseek   0x0000000000000000       0x18 Src/syscalls.o
 .text._open    0x0000000000000000       0x1a Src/syscalls.o
 .text._wait    0x0000000000000000       0x1e Src/syscalls.o
 .text._unlink  0x0000000000000000       0x1e Src/syscalls.o
 .text._times   0x0000000000000000       0x16 Src/syscalls.o
 .text._stat    0x0000000000000000       0x1e Src/syscalls.o
 .text._link    0x0000000000000000       0x20 Src/syscalls.o
 .text._fork    0x0000000000000000       0x16 Src/syscalls.o
 .text._execve  0x0000000000000000       0x22 Src/syscalls.o
 .debug_info    0x0000000000000000      0xefd Src/syscalls.o
 .debug_abbrev  0x0000000000000000      0x279 Src/syscalls.o
 .debug_aranges
                0x0000000000000000       0xb0 Src/syscalls.o
 .debug_ranges  0x0000000000000000       0xa0 Src/syscalls.o
 .debug_macro   0x0000000000000000      0x255 Src/syscalls.o
 .debug_macro   0x0000000000000000      0xa60 Src/syscalls.o
 .debug_macro   0x0000000000000000       0x22 Src/syscalls.o
 .debug_macro   0x0000000000000000       0x40 Src/syscalls.o
 .debug_macro   0x0000000000000000       0x18 Src/syscalls.o
 .debug_macro   0x0000000000000000       0x94 Src/syscalls.o
 .debug_macro   0x0000000000000000       0x3c Src/syscalls.o
 .debug_macro   0x0000000000000000       0x34 Src/syscalls.o
 .debug_macro   0x0000000000000000       0x57 Src/syscalls.o
 .debug_macro   0x0000000000000000      0x174 Src/syscalls.o
 .debug_macro   0x0000000000000000      0x330 Src/syscalls.o
 .debug_macro   0x0000000000000000       0x52 Src/syscalls.o
 .debug_macro   0x0000000000000000       0x1f Src/syscalls.o
 .debug_macro   0x0000000000000000       0x43 Src/syscalls.o
 .debug_macro   0x0000000000000000       0x20 Src/syscalls.o
 .debug_macro   0x0000000000000000      0x1a3 Src/syscalls.o
 .debug_macro   0x0000000000000000       0x10 Src/syscalls.o
 .debug_macro   0x0000000000000000       0x35 Src/syscalls.o
 .debug_macro   0x0000000000000000       0x10 Src/syscalls.o
 .debug_macro   0x0000000000000000       0x10 Src/syscalls.o
 .debug_macro   0x0000000000000000       0x10 Src/syscalls.o
 .debug_macro   0x0000000000000000       0x6a Src/syscalls.o
 .debug_macro   0x0000000000000000       0x1c Src/syscalls.o
 .debug_macro   0x0000000000000000       0x52 Src/syscalls.o
 .debug_macro   0x0000000000000000       0x40 Src/syscalls.o
 .debug_macro   0x0000000000000000       0x10 Src/syscalls.o
 .debug_macro   0x0000000000000000       0x40 Src/syscalls.o
 .debug_macro   0x0000000000000000       0xd7 Src/syscalls.o
 .debug_macro   0x0000000000000000       0x1c Src/syscalls.o
 .debug_macro   0x0000000000000000       0x3d Src/syscalls.o
 .debug_macro   0x0000000000000000       0x35 Src/syscalls.o
 .debug_macro   0x0000000000000000      0x122 Src/syscalls.o
 .debug_macro   0x0000000000000000       0x16 Src/syscalls.o
 .debug_macro   0x0000000000000000       0x16 Src/syscalls.o
 .debug_macro   0x0000000000000000       0x29 Src/syscalls.o
 .debug_macro   0x0000000000000000       0x10 Src/syscalls.o
 .debug_macro   0x0000000000000000      0x241 Src/syscalls.o
 .debug_macro   0x0000000000000000       0x1c Src/syscalls.o
 .debug_macro   0x0000000000000000       0x10 Src/syscalls.o
 .debug_macro   0x0000000000000000       0x10 Src/syscalls.o
 .debug_macro   0x0000000000000000       0x16 Src/syscalls.o
 .debug_macro   0x0000000000000000      0x145 Src/syscalls.o
 .debug_macro   0x0000000000000000      0x189 Src/syscalls.o
 .debug_macro   0x0000000000000000       0x16 Src/syscalls.o
 .debug_macro   0x0000000000000000       0x88 Src/syscalls.o
 .debug_line    0x0000000000000000      0x759 Src/syscalls.o
 .debug_str     0x0000000000000000     0x8923 Src/syscalls.o
 .comment       0x0000000000000000       0x7c Src/syscalls.o
 .debug_frame   0x0000000000000000      0x2d4 Src/syscalls.o
 .ARM.attributes
                0x0000000000000000       0x33 Src/syscalls.o
 .group         0x0000000000000000        0xc Src/sysmem.o
 .group         0x0000000000000000        0xc Src/sysmem.o
 .group         0x0000000000000000        0xc Src/sysmem.o
 .group         0x0000000000000000        0xc Src/sysmem.o
 .group         0x0000000000000000        0xc Src/sysmem.o
 .group         0x0000000000000000        0xc Src/sysmem.o
 .group         0x0000000000000000        0xc Src/sysmem.o
 .group         0x0000000000000000        0xc Src/sysmem.o
 .group         0x0000000000000000        0xc Src/sysmem.o
 .group         0x0000000000000000        0xc Src/sysmem.o
 .group         0x0000000000000000        0xc Src/sysmem.o
 .group         0x0000000000000000        0xc Src/sysmem.o
 .group         0x0000000000000000        0xc Src/sysmem.o
 .group         0x0000000000000000        0xc Src/sysmem.o
 .group         0x0000000000000000        0xc Src/sysmem.o
 .group         0x0000000000000000        0xc Src/sysmem.o
 .group         0x0000000000000000        0xc Src/sysmem.o
 .group         0x0000000000000000        0xc Src/sysmem.o
 .group         0x0000000000000000        0xc Src/sysmem.o
 .group         0x0000000000000000        0xc Src/sysmem.o
 .group         0x0000000000000000        0xc Src/sysmem.o
 .group         0x0000000000000000        0xc Src/sysmem.o
 .group         0x0000000000000000        0xc Src/sysmem.o
 .group         0x0000000000000000        0xc Src/sysmem.o
 .group         0x0000000000000000        0xc Src/sysmem.o
 .group         0x0000000000000000        0xc Src/sysmem.o
 .group         0x0000000000000000        0xc Src/sysmem.o
 .group         0x0000000000000000        0xc Src/sysmem.o
 .group         0x0000000000000000        0xc Src/sysmem.o
 .group         0x0000000000000000        0xc Src/sysmem.o
 .group         0x0000000000000000        0xc Src/sysmem.o
 .group         0x0000000000000000        0xc Src/sysmem.o
 .text          0x0000000000000000        0x0 Src/sysmem.o
 .data          0x0000000000000000        0x0 Src/sysmem.o
 .bss           0x0000000000000000        0x0 Src/sysmem.o
 .bss.heap_end.5149
                0x0000000000000000        0x4 Src/sysmem.o
 .text._sbrk    0x0000000000000000       0x58 Src/sysmem.o
 .debug_info    0x0000000000000000      0x91c Src/sysmem.o
 .debug_abbrev  0x0000000000000000      0x1bb Src/sysmem.o
 .debug_aranges
                0x0000000000000000       0x20 Src/sysmem.o
 .debug_ranges  0x0000000000000000       0x10 Src/sysmem.o
 .debug_macro   0x0000000000000000      0x1ae Src/sysmem.o
 .debug_macro   0x0000000000000000      0xa60 Src/sysmem.o
 .debug_macro   0x0000000000000000       0x10 Src/sysmem.o
 .debug_macro   0x0000000000000000       0x22 Src/sysmem.o
 .debug_macro   0x0000000000000000       0x40 Src/sysmem.o
 .debug_macro   0x0000000000000000       0x18 Src/sysmem.o
 .debug_macro   0x0000000000000000       0x94 Src/sysmem.o
 .debug_macro   0x0000000000000000       0x3c Src/sysmem.o
 .debug_macro   0x0000000000000000       0x34 Src/sysmem.o
 .debug_macro   0x0000000000000000      0x174 Src/sysmem.o
 .debug_macro   0x0000000000000000       0x57 Src/sysmem.o
 .debug_macro   0x0000000000000000       0x52 Src/sysmem.o
 .debug_macro   0x0000000000000000       0x1f Src/sysmem.o
 .debug_macro   0x0000000000000000       0x43 Src/sysmem.o
 .debug_macro   0x0000000000000000       0x20 Src/sysmem.o
 .debug_macro   0x0000000000000000      0x1a3 Src/sysmem.o
 .debug_macro   0x0000000000000000      0x23b Src/sysmem.o
 .debug_macro   0x0000000000000000       0x16 Src/sysmem.o
 .debug_macro   0x0000000000000000       0x35 Src/sysmem.o
 .debug_macro   0x0000000000000000      0x330 Src/sysmem.o
 .debug_macro   0x0000000000000000       0x10 Src/sysmem.o
 .debug_macro   0x0000000000000000       0x10 Src/sysmem.o
 .debug_macro   0x0000000000000000       0x6a Src/sysmem.o
 .debug_macro   0x0000000000000000       0x1c Src/sysmem.o
 .debug_macro   0x0000000000000000       0x52 Src/sysmem.o
 .debug_macro   0x0000000000000000       0x40 Src/sysmem.o
 .debug_macro   0x0000000000000000       0x10 Src/sysmem.o
 .debug_macro   0x0000000000000000       0x40 Src/sysmem.o
 .debug_macro   0x0000000000000000       0xd7 Src/sysmem.o
 .debug_macro   0x0000000000000000       0x1c Src/sysmem.o
 .debug_macro   0x0000000000000000       0x3d Src/sysmem.o
 .debug_macro   0x0000000000000000       0x16 Src/sysmem.o
 .debug_macro   0x0000000000000000      0x145 Src/sysmem.o
 .debug_line    0x0000000000000000      0x559 Src/sysmem.o
 .debug_str     0x0000000000000000     0x7ac1 Src/sysmem.o
 .comment       0x0000000000000000       0x7c Src/sysmem.o
 .debug_frame   0x0000000000000000       0x34 Src/sysmem.o
 .ARM.attributes
                0x0000000000000000       0x33 Src/sysmem.o
 .group         0x0000000000000000        0xc Src/uart_tx.o
 .group         0x0000000000000000        0xc Src/uart_tx.o
 .group         0x0000000000000000        0xc Src/uart_tx.o
 .group         0x0000000000000000        0xc Src/uart_tx.o
 .group         0x0000000000000000        0xc Src/uart_tx.o
 .group         0x0000000000000000        0xc Src/uart_tx.o
 .group         0x0000000000000000        0xc Src/uart_tx.o
 .group         0x0000000000000000        0xc Src/uart_tx.o
 .group         0x0000000000000000        0xc Src/uart_tx.o
 .group         0x0000000000000000        0xc Src/uart_tx.o
 .group         0x0000000000000000        0xc Src/uart_tx.o
 .group         0x0000000000000000        0xc Src/uart_tx.o
 .group         0x0000000000000000        0xc Src/uart_tx.o
 .group         0x0000000000000000        0xc Src/uart_tx.o
 .group         0x0000000000000000        0xc Src/uart_tx.o
 .group         0x0000000000000000        0xc Src/uart_tx.o
 .group         0x0000000000000000        0xc Src/uart_tx.o
 .group         0x0000000000000000        0xc Src/uart_tx.o
 .group         0x0000000000000000        0xc Src/uart_tx.o
 .group         0x0000000000000000        0xc Src/uart_tx.o
 .group         0x0000000000000000        0xc Src/uart_tx.o
 .group         0x0000000000000000        0xc Src/uart_tx.o
 .group         0x0000000000000000        0xc Src/uart_tx.o
 .group         0x0000000000000000        0xc Src/uart_tx.o
 .group         0x0000000000000000        0xc Src/uart_tx.o
 .group         0x0000000000000000        0xc Src/uart_tx.o
 .group         0x0000000000000000        0xc Src/uart_tx.o
 .group         0x0000000000000000        0xc Src/uart_tx.o
 .group         0x0000000000000000        0xc Src/uart_tx.o
 .group         0x0000000000000000        0xc Src/uart_tx.o
 .group         0x0000000000000000        0xc Src/uart_tx.o
 .group         0x0000000000000000        0xc Src/uart_tx.o
 .group         0x0000000000000000        0xc Src/uart_tx.o
 .group         0x0000000000000000        0xc Src/uart_tx.o
 .group         0x0000000000000000        0xc Src/uart_tx.o
 .group         0x0000000000000000        0xc Src/uart_tx.o
 .group         0x0000000000000000        0xc Src/uart_tx.o
 .group         0x0000000000000000        0xc Src/uart_tx.o
 .group         0x0000000000000000        0xc Src/uart_tx.o
 .group         0x0000000000000000        0xc Src/uart_tx.o
 .group         0x0000000000000000        0xc Src/uart_tx.o
 .text          0x0000000000000000        0x0 Src/uart_tx.o
 .data          0x0000000000000000        0x0 Src/uart_tx.o
 .bss           0x0000000000000000        0x0 Src/uart_tx.o
 .text.delay    0x0000000000000000       0x28 Src/uart_tx.o
 .debug_macro   0x0000000000000000      0xa60 Src/uart_tx.o
 .debug_macro   0x0000000000000000       0x22 Src/uart_tx.o
 .debug_macro   0x0000000000000000       0x40 Src/uart_tx.o
 .debug_macro   0x0000000000000000       0x18 Src/uart_tx.o
 .debug_macro   0x0000000000000000       0x94 Src/uart_tx.o
 .debug_macro   0x0000000000000000       0x3c Src/uart_tx.o
 .debug_macro   0x0000000000000000       0x34 Src/uart_tx.o
 .debug_macro   0x0000000000000000       0x16 Src/uart_tx.o
 .debug_macro   0x0000000000000000       0x57 Src/uart_tx.o
 .debug_macro   0x0000000000000000      0x330 Src/uart_tx.o
 .debug_macro   0x0000000000000000       0x10 Src/uart_tx.o
 .debug_macro   0x0000000000000000       0x52 Src/uart_tx.o
 .debug_macro   0x0000000000000000       0x1f Src/uart_tx.o
 .debug_macro   0x0000000000000000       0x43 Src/uart_tx.o
 .debug_macro   0x0000000000000000       0x20 Src/uart_tx.o
 .debug_macro   0x0000000000000000      0x1a3 Src/uart_tx.o
 .debug_macro   0x0000000000000000       0x10 Src/uart_tx.o
 .debug_macro   0x0000000000000000       0x6a Src/uart_tx.o
 .debug_macro   0x0000000000000000       0x1c Src/uart_tx.o
 .debug_macro   0x0000000000000000       0x52 Src/uart_tx.o
 .debug_macro   0x0000000000000000       0x40 Src/uart_tx.o
 .debug_macro   0x0000000000000000       0x10 Src/uart_tx.o
 .debug_macro   0x0000000000000000       0x40 Src/uart_tx.o
 .debug_macro   0x0000000000000000       0xd7 Src/uart_tx.o
 .debug_macro   0x0000000000000000       0x1c Src/uart_tx.o
 .debug_macro   0x0000000000000000       0x3d Src/uart_tx.o
 .debug_macro   0x0000000000000000       0x16 Src/uart_tx.o
 .debug_macro   0x0000000000000000      0x145 Src/uart_tx.o
 .debug_macro   0x0000000000000000       0x35 Src/uart_tx.o
 .text          0x0000000000000000       0x14 Startup/startup_stm32f103c8tx.o
 .data          0x0000000000000000        0x0 Startup/startup_stm32f103c8tx.o
 .bss           0x0000000000000000        0x0 Startup/startup_stm32f103c8tx.o
 .group         0x0000000000000000        0xc drivers/Src/gpio_driver.o
 .group         0x0000000000000000        0xc drivers/Src/gpio_driver.o
 .group         0x0000000000000000        0xc drivers/Src/gpio_driver.o
 .group         0x0000000000000000        0xc drivers/Src/gpio_driver.o
 .group         0x0000000000000000        0xc drivers/Src/gpio_driver.o
 .group         0x0000000000000000        0xc drivers/Src/gpio_driver.o
 .group         0x0000000000000000        0xc drivers/Src/gpio_driver.o
 .group         0x0000000000000000        0xc drivers/Src/gpio_driver.o
 .group         0x0000000000000000        0xc drivers/Src/gpio_driver.o
 .group         0x0000000000000000        0xc drivers/Src/gpio_driver.o
 .group         0x0000000000000000        0xc drivers/Src/gpio_driver.o
 .group         0x0000000000000000        0xc drivers/Src/gpio_driver.o
 .group         0x0000000000000000        0xc drivers/Src/gpio_driver.o
 .group         0x0000000000000000        0xc drivers/Src/gpio_driver.o
 .group         0x0000000000000000        0xc drivers/Src/gpio_driver.o
 .group         0x0000000000000000        0xc drivers/Src/gpio_driver.o
 .group         0x0000000000000000        0xc drivers/Src/gpio_driver.o
 .group         0x0000000000000000        0xc drivers/Src/gpio_driver.o
 .group         0x0000000000000000        0xc drivers/Src/gpio_driver.o
 .group         0x0000000000000000        0xc drivers/Src/gpio_driver.o
 .group         0x0000000000000000        0xc drivers/Src/gpio_driver.o
 .group         0x0000000000000000        0xc drivers/Src/gpio_driver.o
 .group         0x0000000000000000        0xc drivers/Src/gpio_driver.o
 .group         0x0000000000000000        0xc drivers/Src/gpio_driver.o
 .text          0x0000000000000000        0x0 drivers/Src/gpio_driver.o
 .data          0x0000000000000000        0x0 drivers/Src/gpio_driver.o
 .bss           0x0000000000000000        0x0 drivers/Src/gpio_driver.o
 .text.GPIO_DeInit
                0x0000000000000000       0xd0 drivers/Src/gpio_driver.o
 .text.GPIO_ReadFromInputPin
                0x0000000000000000       0x2a drivers/Src/gpio_driver.o
 .text.GPIO_ReadFromInputPort
                0x0000000000000000       0x1a drivers/Src/gpio_driver.o
 .text.GPIO_WriteToOutputPin
                0x0000000000000000       0x48 drivers/Src/gpio_driver.o
 .text.GPIO_WriteToOutputPort
                0x0000000000000000       0x1c drivers/Src/gpio_driver.o
 .text.GPIO_ToggleOutputPin
                0x0000000000000000       0x28 drivers/Src/gpio_driver.o
 .text.GPIO_IRQITConfig
                0x0000000000000000      0x108 drivers/Src/gpio_driver.o
 .text.GPIO_IRQPriorityConfig
                0x0000000000000000       0x52 drivers/Src/gpio_driver.o
 .text.GPIO_IRQHandling
                0x0000000000000000       0x40 drivers/Src/gpio_driver.o
 .debug_macro   0x0000000000000000      0xa60 drivers/Src/gpio_driver.o
 .debug_macro   0x0000000000000000       0x22 drivers/Src/gpio_driver.o
 .debug_macro   0x0000000000000000       0xef drivers/Src/gpio_driver.o
 .debug_macro   0x0000000000000000       0x6a drivers/Src/gpio_driver.o
 .debug_macro   0x0000000000000000      0x1df drivers/Src/gpio_driver.o
 .debug_macro   0x0000000000000000      0x174 drivers/Src/gpio_driver.o
 .debug_macro   0x0000000000000000       0x18 drivers/Src/gpio_driver.o
 .debug_macro   0x0000000000000000       0x3c drivers/Src/gpio_driver.o
 .debug_macro   0x0000000000000000       0x34 drivers/Src/gpio_driver.o
 .debug_macro   0x0000000000000000       0x52 drivers/Src/gpio_driver.o
 .debug_macro   0x0000000000000000       0x1f drivers/Src/gpio_driver.o
 .debug_macro   0x0000000000000000       0x43 drivers/Src/gpio_driver.o
 .debug_macro   0x0000000000000000       0x20 drivers/Src/gpio_driver.o
 .debug_macro   0x0000000000000000      0x1a3 drivers/Src/gpio_driver.o
 .debug_macro   0x0000000000000000      0x330 drivers/Src/gpio_driver.o
 .debug_macro   0x0000000000000000      0x1e1 drivers/Src/gpio_driver.o
 .debug_macro   0x0000000000000000      0x888 drivers/Src/gpio_driver.o
 .debug_macro   0x0000000000000000       0xbe drivers/Src/gpio_driver.o
 .debug_macro   0x0000000000000000       0xe8 drivers/Src/gpio_driver.o
 .debug_macro   0x0000000000000000       0xbe drivers/Src/gpio_driver.o
 .group         0x0000000000000000        0xc drivers/Src/i2c.driver.o
 .group         0x0000000000000000        0xc drivers/Src/i2c.driver.o
 .group         0x0000000000000000        0xc drivers/Src/i2c.driver.o
 .group         0x0000000000000000        0xc drivers/Src/i2c.driver.o
 .group         0x0000000000000000        0xc drivers/Src/i2c.driver.o
 .group         0x0000000000000000        0xc drivers/Src/i2c.driver.o
 .group         0x0000000000000000        0xc drivers/Src/i2c.driver.o
 .group         0x0000000000000000        0xc drivers/Src/i2c.driver.o
 .group         0x0000000000000000        0xc drivers/Src/i2c.driver.o
 .group         0x0000000000000000        0xc drivers/Src/i2c.driver.o
 .group         0x0000000000000000        0xc drivers/Src/i2c.driver.o
 .group         0x0000000000000000        0xc drivers/Src/i2c.driver.o
 .group         0x0000000000000000        0xc drivers/Src/i2c.driver.o
 .group         0x0000000000000000        0xc drivers/Src/i2c.driver.o
 .group         0x0000000000000000        0xc drivers/Src/i2c.driver.o
 .group         0x0000000000000000        0xc drivers/Src/i2c.driver.o
 .group         0x0000000000000000        0xc drivers/Src/i2c.driver.o
 .group         0x0000000000000000        0xc drivers/Src/i2c.driver.o
 .group         0x0000000000000000        0xc drivers/Src/i2c.driver.o
 .group         0x0000000000000000        0xc drivers/Src/i2c.driver.o
 .group         0x0000000000000000        0xc drivers/Src/i2c.driver.o
 .group         0x0000000000000000        0xc drivers/Src/i2c.driver.o
 .group         0x0000000000000000        0xc drivers/Src/i2c.driver.o
 .group         0x0000000000000000        0xc drivers/Src/i2c.driver.o
 .text          0x0000000000000000        0x0 drivers/Src/i2c.driver.o
 .data          0x0000000000000000        0x0 drivers/Src/i2c.driver.o
 .bss           0x0000000000000000        0x0 drivers/Src/i2c.driver.o
 .text.I2C_PClockControl
                0x0000000000000000       0x84 drivers/Src/i2c.driver.o
 .text.I2C_Init
                0x0000000000000000      0x170 drivers/Src/i2c.driver.o
 .text.I2C_DeInit
                0x0000000000000000       0x60 drivers/Src/i2c.driver.o
 .text.I2C_GetFlagStatus
                0x0000000000000000       0x26 drivers/Src/i2c.driver.o
 .text.I2C_PeripheralControl
                0x0000000000000000       0x36 drivers/Src/i2c.driver.o
 .text.I2C_MasterSendData
                0x0000000000000000       0xd6 drivers/Src/i2c.driver.o
 .text.I2C_MasterReceiveData
                0x0000000000000000      0x152 drivers/Src/i2c.driver.o
 .text.I2C_SlaveSendData
                0x0000000000000000       0x1e drivers/Src/i2c.driver.o
 .text.I2C_SlaveReceiveData
                0x0000000000000000       0x1a drivers/Src/i2c.driver.o
 .text.I2C_IRQITConfig
                0x0000000000000000      0x108 drivers/Src/i2c.driver.o
 .text.I2C_IRQPriorityConfig
                0x0000000000000000       0x52 drivers/Src/i2c.driver.o
 .text.I2C_MasterSendDataIT
                0x0000000000000000       0x94 drivers/Src/i2c.driver.o
 .text.I2C_MasterReceiveDataIT
                0x0000000000000000       0x94 drivers/Src/i2c.driver.o
 .text.I2C_MasterTXEHandleIT
                0x0000000000000000       0x48 drivers/Src/i2c.driver.o
 .text.I2C_MasterRXNEHandleIT
                0x0000000000000000       0x9a drivers/Src/i2c.driver.o
 .text.I2C_SlaveCallbackEvents
                0x0000000000000000       0x66 drivers/Src/i2c.driver.o
 .text.I2C_ClearADDR
                0x0000000000000000       0x22 drivers/Src/i2c.driver.o
 .text.AddressPhaseWrite
                0x0000000000000000       0x26 drivers/Src/i2c.driver.o
 .text.AddressPhaseRead
                0x0000000000000000       0x26 drivers/Src/i2c.driver.o
 .text.I2C_CloseSendData
                0x0000000000000000       0x44 drivers/Src/i2c.driver.o
 .text.I2C_CloseReceiveData
                0x0000000000000000       0x62 drivers/Src/i2c.driver.o
 .text.I2C_ManageACK
                0x0000000000000000       0x36 drivers/Src/i2c.driver.o
 .text.I2C_EVENT_IRQHandling
                0x0000000000000000      0x1ee drivers/Src/i2c.driver.o
 .text.I2C_ERROR_IRQHandling
                0x0000000000000000      0x118 drivers/Src/i2c.driver.o
 .text.I2C_ApplicationEventCallback
                0x0000000000000000       0x16 drivers/Src/i2c.driver.o
 .debug_info    0x0000000000000000     0x115c drivers/Src/i2c.driver.o
 .debug_abbrev  0x0000000000000000      0x2e2 drivers/Src/i2c.driver.o
 .debug_aranges
                0x0000000000000000       0xe0 drivers/Src/i2c.driver.o
 .debug_ranges  0x0000000000000000       0xd0 drivers/Src/i2c.driver.o
 .debug_macro   0x0000000000000000      0x16a drivers/Src/i2c.driver.o
 .debug_macro   0x0000000000000000      0xa60 drivers/Src/i2c.driver.o
 .debug_macro   0x0000000000000000       0x22 drivers/Src/i2c.driver.o
 .debug_macro   0x0000000000000000       0x8e drivers/Src/i2c.driver.o
 .debug_macro   0x0000000000000000       0x51 drivers/Src/i2c.driver.o
 .debug_macro   0x0000000000000000       0xef drivers/Src/i2c.driver.o
 .debug_macro   0x0000000000000000       0x6a drivers/Src/i2c.driver.o
 .debug_macro   0x0000000000000000      0x1df drivers/Src/i2c.driver.o
 .debug_macro   0x0000000000000000      0x174 drivers/Src/i2c.driver.o
 .debug_macro   0x0000000000000000       0x46 drivers/Src/i2c.driver.o
 .debug_macro   0x0000000000000000       0x18 drivers/Src/i2c.driver.o
 .debug_macro   0x0000000000000000       0x3c drivers/Src/i2c.driver.o
 .debug_macro   0x0000000000000000       0x34 drivers/Src/i2c.driver.o
 .debug_macro   0x0000000000000000       0x52 drivers/Src/i2c.driver.o
 .debug_macro   0x0000000000000000       0x1f drivers/Src/i2c.driver.o
 .debug_macro   0x0000000000000000       0x43 drivers/Src/i2c.driver.o
 .debug_macro   0x0000000000000000       0x20 drivers/Src/i2c.driver.o
 .debug_macro   0x0000000000000000      0x1a3 drivers/Src/i2c.driver.o
 .debug_macro   0x0000000000000000      0x330 drivers/Src/i2c.driver.o
 .debug_macro   0x0000000000000000      0x1e1 drivers/Src/i2c.driver.o
 .debug_macro   0x0000000000000000      0x888 drivers/Src/i2c.driver.o
 .debug_macro   0x0000000000000000       0xbe drivers/Src/i2c.driver.o
 .debug_macro   0x0000000000000000       0xc4 drivers/Src/i2c.driver.o
 .debug_macro   0x0000000000000000       0xe2 drivers/Src/i2c.driver.o
 .debug_macro   0x0000000000000000       0xbe drivers/Src/i2c.driver.o
 .debug_line    0x0000000000000000      0x8ff drivers/Src/i2c.driver.o
 .debug_str     0x0000000000000000     0xae2b drivers/Src/i2c.driver.o
 .comment       0x0000000000000000       0x7c drivers/Src/i2c.driver.o
 .debug_frame   0x0000000000000000      0x3dc drivers/Src/i2c.driver.o
 .ARM.attributes
                0x0000000000000000       0x33 drivers/Src/i2c.driver.o
 .group         0x0000000000000000        0xc drivers/Src/rcc_driver.o
 .group         0x0000000000000000        0xc drivers/Src/rcc_driver.o
 .group         0x0000000000000000        0xc drivers/Src/rcc_driver.o
 .group         0x0000000000000000        0xc drivers/Src/rcc_driver.o
 .group         0x0000000000000000        0xc drivers/Src/rcc_driver.o
 .group         0x0000000000000000        0xc drivers/Src/rcc_driver.o
 .group         0x0000000000000000        0xc drivers/Src/rcc_driver.o
 .group         0x0000000000000000        0xc drivers/Src/rcc_driver.o
 .group         0x0000000000000000        0xc drivers/Src/rcc_driver.o
 .group         0x0000000000000000        0xc drivers/Src/rcc_driver.o
 .group         0x0000000000000000        0xc drivers/Src/rcc_driver.o
 .group         0x0000000000000000        0xc drivers/Src/rcc_driver.o
 .group         0x0000000000000000        0xc drivers/Src/rcc_driver.o
 .group         0x0000000000000000        0xc drivers/Src/rcc_driver.o
 .group         0x0000000000000000        0xc drivers/Src/rcc_driver.o
 .group         0x0000000000000000        0xc drivers/Src/rcc_driver.o
 .group         0x0000000000000000        0xc drivers/Src/rcc_driver.o
 .group         0x0000000000000000        0xc drivers/Src/rcc_driver.o
 .group         0x0000000000000000        0xc drivers/Src/rcc_driver.o
 .group         0x0000000000000000        0xc drivers/Src/rcc_driver.o
 .group         0x0000000000000000        0xc drivers/Src/rcc_driver.o
 .group         0x0000000000000000        0xc drivers/Src/rcc_driver.o
 .group         0x0000000000000000        0xc drivers/Src/rcc_driver.o
 .group         0x0000000000000000        0xc drivers/Src/rcc_driver.o
 .text          0x0000000000000000        0x0 drivers/Src/rcc_driver.o
 .data          0x0000000000000000        0x0 drivers/Src/rcc_driver.o
 .bss           0x0000000000000000        0x0 drivers/Src/rcc_driver.o
 .debug_macro   0x0000000000000000      0xa60 drivers/Src/rcc_driver.o
 .debug_macro   0x0000000000000000       0x22 drivers/Src/rcc_driver.o
 .debug_macro   0x0000000000000000       0x8e drivers/Src/rcc_driver.o
 .debug_macro   0x0000000000000000       0x51 drivers/Src/rcc_driver.o
 .debug_macro   0x0000000000000000       0xef drivers/Src/rcc_driver.o
 .debug_macro   0x0000000000000000       0x6a drivers/Src/rcc_driver.o
 .debug_macro   0x0000000000000000      0x1df drivers/Src/rcc_driver.o
 .debug_macro   0x0000000000000000      0x174 drivers/Src/rcc_driver.o
 .debug_macro   0x0000000000000000       0x46 drivers/Src/rcc_driver.o
 .debug_macro   0x0000000000000000       0x18 drivers/Src/rcc_driver.o
 .debug_macro   0x0000000000000000       0x3c drivers/Src/rcc_driver.o
 .debug_macro   0x0000000000000000       0x34 drivers/Src/rcc_driver.o
 .debug_macro   0x0000000000000000       0x52 drivers/Src/rcc_driver.o
 .debug_macro   0x0000000000000000       0x1f drivers/Src/rcc_driver.o
 .debug_macro   0x0000000000000000       0x43 drivers/Src/rcc_driver.o
 .debug_macro   0x0000000000000000       0x20 drivers/Src/rcc_driver.o
 .debug_macro   0x0000000000000000      0x1a3 drivers/Src/rcc_driver.o
 .debug_macro   0x0000000000000000      0x330 drivers/Src/rcc_driver.o
 .debug_macro   0x0000000000000000      0x1e1 drivers/Src/rcc_driver.o
 .debug_macro   0x0000000000000000      0x888 drivers/Src/rcc_driver.o
 .debug_macro   0x0000000000000000       0xbe drivers/Src/rcc_driver.o
 .debug_macro   0x0000000000000000       0xc4 drivers/Src/rcc_driver.o
 .debug_macro   0x0000000000000000       0xbe drivers/Src/rcc_driver.o
 .debug_macro   0x0000000000000000       0xe8 drivers/Src/rcc_driver.o
 .group         0x0000000000000000        0xc drivers/Src/spi_driver.o
 .group         0x0000000000000000        0xc drivers/Src/spi_driver.o
 .group         0x0000000000000000        0xc drivers/Src/spi_driver.o
 .group         0x0000000000000000        0xc drivers/Src/spi_driver.o
 .group         0x0000000000000000        0xc drivers/Src/spi_driver.o
 .group         0x0000000000000000        0xc drivers/Src/spi_driver.o
 .group         0x0000000000000000        0xc drivers/Src/spi_driver.o
 .group         0x0000000000000000        0xc drivers/Src/spi_driver.o
 .group         0x0000000000000000        0xc drivers/Src/spi_driver.o
 .group         0x0000000000000000        0xc drivers/Src/spi_driver.o
 .group         0x0000000000000000        0xc drivers/Src/spi_driver.o
 .group         0x0000000000000000        0xc drivers/Src/spi_driver.o
 .group         0x0000000000000000        0xc drivers/Src/spi_driver.o
 .group         0x0000000000000000        0xc drivers/Src/spi_driver.o
 .group         0x0000000000000000        0xc drivers/Src/spi_driver.o
 .group         0x0000000000000000        0xc drivers/Src/spi_driver.o
 .group         0x0000000000000000        0xc drivers/Src/spi_driver.o
 .group         0x0000000000000000        0xc drivers/Src/spi_driver.o
 .group         0x0000000000000000        0xc drivers/Src/spi_driver.o
 .group         0x0000000000000000        0xc drivers/Src/spi_driver.o
 .group         0x0000000000000000        0xc drivers/Src/spi_driver.o
 .group         0x0000000000000000        0xc drivers/Src/spi_driver.o
 .group         0x0000000000000000        0xc drivers/Src/spi_driver.o
 .group         0x0000000000000000        0xc drivers/Src/spi_driver.o
 .text          0x0000000000000000        0x0 drivers/Src/spi_driver.o
 .data          0x0000000000000000        0x0 drivers/Src/spi_driver.o
 .bss           0x0000000000000000        0x0 drivers/Src/spi_driver.o
 .text.SPI_PClockControl
                0x0000000000000000       0xb4 drivers/Src/spi_driver.o
 .text.SPI_Init
                0x0000000000000000       0xfa drivers/Src/spi_driver.o
 .text.SPI_DeInit
                0x0000000000000000       0x88 drivers/Src/spi_driver.o
 .text.SPI_GetFlagStatus
                0x0000000000000000       0x26 drivers/Src/spi_driver.o
 .text.SPI_CheckSS
                0x0000000000000000       0x24 drivers/Src/spi_driver.o
 .text.SPI_SendData
                0x0000000000000000       0x6c drivers/Src/spi_driver.o
 .text.SPI_ReceiveData
                0x0000000000000000       0x6c drivers/Src/spi_driver.o
 .text.SPI_PeripheralControl
                0x0000000000000000       0x36 drivers/Src/spi_driver.o
 .text.SPI_SSIConfig
                0x0000000000000000       0x36 drivers/Src/spi_driver.o
 .text.SPI_SSOEConfig
                0x0000000000000000       0x36 drivers/Src/spi_driver.o
 .text.SPI_IRQITConfig
                0x0000000000000000      0x108 drivers/Src/spi_driver.o
 .text.SPI_IRQPriorityConfig
                0x0000000000000000       0x52 drivers/Src/spi_driver.o
 .text.SPI_SendDataIT
                0x0000000000000000       0x46 drivers/Src/spi_driver.o
 .text.SPI_ReceiveDataIT
                0x0000000000000000       0x46 drivers/Src/spi_driver.o
 .text.SPI_IRQHandling
                0x0000000000000000       0x9a drivers/Src/spi_driver.o
 .text.spi_txe_interrupt_handle
                0x0000000000000000       0x80 drivers/Src/spi_driver.o
 .text.spi_rxne_interrupt_handle
                0x0000000000000000       0x84 drivers/Src/spi_driver.o
 .text.spi_ovr_err_interrupt_handle
                0x0000000000000000       0x30 drivers/Src/spi_driver.o
 .text.SPI_CloseTransmisson
                0x0000000000000000       0x34 drivers/Src/spi_driver.o
 .text.SPI_CloseReception
                0x0000000000000000       0x34 drivers/Src/spi_driver.o
 .text.SPI_ApplicationEventCallback
                0x0000000000000000       0x16 drivers/Src/spi_driver.o
 .debug_info    0x0000000000000000      0xf96 drivers/Src/spi_driver.o
 .debug_abbrev  0x0000000000000000      0x292 drivers/Src/spi_driver.o
 .debug_aranges
                0x0000000000000000       0xc0 drivers/Src/spi_driver.o
 .debug_ranges  0x0000000000000000       0xb0 drivers/Src/spi_driver.o
 .debug_macro   0x0000000000000000      0x16a drivers/Src/spi_driver.o
 .debug_macro   0x0000000000000000      0xa60 drivers/Src/spi_driver.o
 .debug_macro   0x0000000000000000       0x22 drivers/Src/spi_driver.o
 .debug_macro   0x0000000000000000       0x8e drivers/Src/spi_driver.o
 .debug_macro   0x0000000000000000       0x51 drivers/Src/spi_driver.o
 .debug_macro   0x0000000000000000       0xef drivers/Src/spi_driver.o
 .debug_macro   0x0000000000000000       0x6a drivers/Src/spi_driver.o
 .debug_macro   0x0000000000000000      0x1df drivers/Src/spi_driver.o
 .debug_macro   0x0000000000000000      0x174 drivers/Src/spi_driver.o
 .debug_macro   0x0000000000000000       0x46 drivers/Src/spi_driver.o
 .debug_macro   0x0000000000000000       0x18 drivers/Src/spi_driver.o
 .debug_macro   0x0000000000000000       0x3c drivers/Src/spi_driver.o
 .debug_macro   0x0000000000000000       0x34 drivers/Src/spi_driver.o
 .debug_macro   0x0000000000000000       0x52 drivers/Src/spi_driver.o
 .debug_macro   0x0000000000000000       0x1f drivers/Src/spi_driver.o
 .debug_macro   0x0000000000000000       0x43 drivers/Src/spi_driver.o
 .debug_macro   0x0000000000000000       0x20 drivers/Src/spi_driver.o
 .debug_macro   0x0000000000000000      0x1a3 drivers/Src/spi_driver.o
 .debug_macro   0x0000000000000000      0x330 drivers/Src/spi_driver.o
 .debug_macro   0x0000000000000000      0x1e1 drivers/Src/spi_driver.o
 .debug_macro   0x0000000000000000      0x888 drivers/Src/spi_driver.o
 .debug_macro   0x0000000000000000       0xbe drivers/Src/spi_driver.o
 .debug_macro   0x0000000000000000       0xbe drivers/Src/spi_driver.o
 .debug_macro   0x0000000000000000       0xe8 drivers/Src/spi_driver.o
 .debug_macro   0x0000000000000000       0xbe drivers/Src/spi_driver.o
 .debug_line    0x0000000000000000      0x7bb drivers/Src/spi_driver.o
 .debug_str     0x0000000000000000     0xad51 drivers/Src/spi_driver.o
 .comment       0x0000000000000000       0x7c drivers/Src/spi_driver.o
 .debug_frame   0x0000000000000000      0x33c drivers/Src/spi_driver.o
 .ARM.attributes
                0x0000000000000000       0x33 drivers/Src/spi_driver.o
 .group         0x0000000000000000        0xc drivers/Src/usart_driver.o
 .group         0x0000000000000000        0xc drivers/Src/usart_driver.o
 .group         0x0000000000000000        0xc drivers/Src/usart_driver.o
 .group         0x0000000000000000        0xc drivers/Src/usart_driver.o
 .group         0x0000000000000000        0xc drivers/Src/usart_driver.o
 .group         0x0000000000000000        0xc drivers/Src/usart_driver.o
 .group         0x0000000000000000        0xc drivers/Src/usart_driver.o
 .group         0x0000000000000000        0xc drivers/Src/usart_driver.o
 .group         0x0000000000000000        0xc drivers/Src/usart_driver.o
 .group         0x0000000000000000        0xc drivers/Src/usart_driver.o
 .group         0x0000000000000000        0xc drivers/Src/usart_driver.o
 .group         0x0000000000000000        0xc drivers/Src/usart_driver.o
 .group         0x0000000000000000        0xc drivers/Src/usart_driver.o
 .group         0x0000000000000000        0xc drivers/Src/usart_driver.o
 .group         0x0000000000000000        0xc drivers/Src/usart_driver.o
 .group         0x0000000000000000        0xc drivers/Src/usart_driver.o
 .group         0x0000000000000000        0xc drivers/Src/usart_driver.o
 .group         0x0000000000000000        0xc drivers/Src/usart_driver.o
 .group         0x0000000000000000        0xc drivers/Src/usart_driver.o
 .group         0x0000000000000000        0xc drivers/Src/usart_driver.o
 .group         0x0000000000000000        0xc drivers/Src/usart_driver.o
 .group         0x0000000000000000        0xc drivers/Src/usart_driver.o
 .group         0x0000000000000000        0xc drivers/Src/usart_driver.o
 .group         0x0000000000000000        0xc drivers/Src/usart_driver.o
 .text          0x0000000000000000        0x0 drivers/Src/usart_driver.o
 .data          0x0000000000000000        0x0 drivers/Src/usart_driver.o
 .bss           0x0000000000000000        0x0 drivers/Src/usart_driver.o
 .text.USART_DeInit
                0x0000000000000000       0xd4 drivers/Src/usart_driver.o
 .text.USART_ReceiveData
                0x0000000000000000       0xa2 drivers/Src/usart_driver.o
 .text.USART_SendDataIT
                0x0000000000000000       0x5a drivers/Src/usart_driver.o
 .text.USART_ReceiveDataIT
                0x0000000000000000       0x4a drivers/Src/usart_driver.o
 .text.USART_IRQITConfig
                0x0000000000000000      0x108 drivers/Src/usart_driver.o
 .text.USART_IRQPriorityConfig
                0x0000000000000000       0x52 drivers/Src/usart_driver.o
 .text.USART_TXEHandleIT
                0x0000000000000000       0xe4 drivers/Src/usart_driver.o
 .text.USART_RXNEHandleIT
                0x0000000000000000       0xde drivers/Src/usart_driver.o
 .text.USART_EVENT_IRQHandling
                0x0000000000000000      0x25c drivers/Src/usart_driver.o
 .text.USART_ApplicationEventCallback
                0x0000000000000000       0x16 drivers/Src/usart_driver.o
 .debug_macro   0x0000000000000000      0xa60 drivers/Src/usart_driver.o
 .debug_macro   0x0000000000000000       0x22 drivers/Src/usart_driver.o
 .debug_macro   0x0000000000000000       0x8e drivers/Src/usart_driver.o
 .debug_macro   0x0000000000000000       0x51 drivers/Src/usart_driver.o
 .debug_macro   0x0000000000000000       0xef drivers/Src/usart_driver.o
 .debug_macro   0x0000000000000000       0x6a drivers/Src/usart_driver.o
 .debug_macro   0x0000000000000000      0x1df drivers/Src/usart_driver.o
 .debug_macro   0x0000000000000000      0x174 drivers/Src/usart_driver.o
 .debug_macro   0x0000000000000000       0x46 drivers/Src/usart_driver.o
 .debug_macro   0x0000000000000000       0x18 drivers/Src/usart_driver.o
 .debug_macro   0x0000000000000000       0x3c drivers/Src/usart_driver.o
 .debug_macro   0x0000000000000000       0x34 drivers/Src/usart_driver.o
 .debug_macro   0x0000000000000000       0x52 drivers/Src/usart_driver.o
 .debug_macro   0x0000000000000000       0x1f drivers/Src/usart_driver.o
 .debug_macro   0x0000000000000000       0x43 drivers/Src/usart_driver.o
 .debug_macro   0x0000000000000000       0x20 drivers/Src/usart_driver.o
 .debug_macro   0x0000000000000000      0x1a3 drivers/Src/usart_driver.o
 .debug_macro   0x0000000000000000      0x330 drivers/Src/usart_driver.o
 .debug_macro   0x0000000000000000      0x1e1 drivers/Src/usart_driver.o
 .debug_macro   0x0000000000000000      0x888 drivers/Src/usart_driver.o
 .debug_macro   0x0000000000000000       0xbe drivers/Src/usart_driver.o
 .debug_macro   0x0000000000000000       0xc4 drivers/Src/usart_driver.o
 .debug_macro   0x0000000000000000       0xbe drivers/Src/usart_driver.o
 .debug_macro   0x0000000000000000       0xe2 drivers/Src/usart_driver.o
 .text          0x0000000000000000        0x0 c:/st/stm32cubeide_1.2.0/stm32cubeide/plugins/com.st.stm32cube.ide.mcu.externaltools.gnu-tools-for-stm32.7-2018-q2-update.win32_1.5.0.202011040924/tools/bin/../lib/gcc/arm-none-eabi/7.3.1/../../../../arm-none-eabi/lib/thumb/v7-m\libc_nano.a(lib_a-errno.o)
 .data          0x0000000000000000        0x0 c:/st/stm32cubeide_1.2.0/stm32cubeide/plugins/com.st.stm32cube.ide.mcu.externaltools.gnu-tools-for-stm32.7-2018-q2-update.win32_1.5.0.202011040924/tools/bin/../lib/gcc/arm-none-eabi/7.3.1/../../../../arm-none-eabi/lib/thumb/v7-m\libc_nano.a(lib_a-errno.o)
 .bss           0x0000000000000000        0x0 c:/st/stm32cubeide_1.2.0/stm32cubeide/plugins/com.st.stm32cube.ide.mcu.externaltools.gnu-tools-for-stm32.7-2018-q2-update.win32_1.5.0.202011040924/tools/bin/../lib/gcc/arm-none-eabi/7.3.1/../../../../arm-none-eabi/lib/thumb/v7-m\libc_nano.a(lib_a-errno.o)
 .text.__errno  0x0000000000000000        0xc c:/st/stm32cubeide_1.2.0/stm32cubeide/plugins/com.st.stm32cube.ide.mcu.externaltools.gnu-tools-for-stm32.7-2018-q2-update.win32_1.5.0.202011040924/tools/bin/../lib/gcc/arm-none-eabi/7.3.1/../../../../arm-none-eabi/lib/thumb/v7-m\libc_nano.a(lib_a-errno.o)
 .debug_frame   0x0000000000000000       0x20 c:/st/stm32cubeide_1.2.0/stm32cubeide/plugins/com.st.stm32cube.ide.mcu.externaltools.gnu-tools-for-stm32.7-2018-q2-update.win32_1.5.0.202011040924/tools/bin/../lib/gcc/arm-none-eabi/7.3.1/../../../../arm-none-eabi/lib/thumb/v7-m\libc_nano.a(lib_a-errno.o)
 .ARM.attributes
                0x0000000000000000       0x2d c:/st/stm32cubeide_1.2.0/stm32cubeide/plugins/com.st.stm32cube.ide.mcu.externaltools.gnu-tools-for-stm32.7-2018-q2-update.win32_1.5.0.202011040924/tools/bin/../lib/gcc/arm-none-eabi/7.3.1/../../../../arm-none-eabi/lib/thumb/v7-m\libc_nano.a(lib_a-errno.o)
 .text          0x0000000000000000        0x0 c:/st/stm32cubeide_1.2.0/stm32cubeide/plugins/com.st.stm32cube.ide.mcu.externaltools.gnu-tools-for-stm32.7-2018-q2-update.win32_1.5.0.202011040924/tools/bin/../lib/gcc/arm-none-eabi/7.3.1/../../../../arm-none-eabi/lib/thumb/v7-m\libc_nano.a(lib_a-exit.o)
 .data          0x0000000000000000        0x0 c:/st/stm32cubeide_1.2.0/stm32cubeide/plugins/com.st.stm32cube.ide.mcu.externaltools.gnu-tools-for-stm32.7-2018-q2-update.win32_1.5.0.202011040924/tools/bin/../lib/gcc/arm-none-eabi/7.3.1/../../../../arm-none-eabi/lib/thumb/v7-m\libc_nano.a(lib_a-exit.o)
 .bss           0x0000000000000000        0x0 c:/st/stm32cubeide_1.2.0/stm32cubeide/plugins/com.st.stm32cube.ide.mcu.externaltools.gnu-tools-for-stm32.7-2018-q2-update.win32_1.5.0.202011040924/tools/bin/../lib/gcc/arm-none-eabi/7.3.1/../../../../arm-none-eabi/lib/thumb/v7-m\libc_nano.a(lib_a-exit.o)
 .text.exit     0x0000000000000000       0x28 c:/st/stm32cubeide_1.2.0/stm32cubeide/plugins/com.st.stm32cube.ide.mcu.externaltools.gnu-tools-for-stm32.7-2018-q2-update.win32_1.5.0.202011040924/tools/bin/../lib/gcc/arm-none-eabi/7.3.1/../../../../arm-none-eabi/lib/thumb/v7-m\libc_nano.a(lib_a-exit.o)
 .debug_frame   0x0000000000000000       0x28 c:/st/stm32cubeide_1.2.0/stm32cubeide/plugins/com.st.stm32cube.ide.mcu.externaltools.gnu-tools-for-stm32.7-2018-q2-update.win32_1.5.0.202011040924/tools/bin/../lib/gcc/arm-none-eabi/7.3.1/../../../../arm-none-eabi/lib/thumb/v7-m\libc_nano.a(lib_a-exit.o)
 .ARM.attributes
                0x0000000000000000       0x2d c:/st/stm32cubeide_1.2.0/stm32cubeide/plugins/com.st.stm32cube.ide.mcu.externaltools.gnu-tools-for-stm32.7-2018-q2-update.win32_1.5.0.202011040924/tools/bin/../lib/gcc/arm-none-eabi/7.3.1/../../../../arm-none-eabi/lib/thumb/v7-m\libc_nano.a(lib_a-exit.o)
 .text          0x0000000000000000        0x0 c:/st/stm32cubeide_1.2.0/stm32cubeide/plugins/com.st.stm32cube.ide.mcu.externaltools.gnu-tools-for-stm32.7-2018-q2-update.win32_1.5.0.202011040924/tools/bin/../lib/gcc/arm-none-eabi/7.3.1/../../../../arm-none-eabi/lib/thumb/v7-m\libc_nano.a(lib_a-impure.o)
 .data          0x0000000000000000        0x0 c:/st/stm32cubeide_1.2.0/stm32cubeide/plugins/com.st.stm32cube.ide.mcu.externaltools.gnu-tools-for-stm32.7-2018-q2-update.win32_1.5.0.202011040924/tools/bin/../lib/gcc/arm-none-eabi/7.3.1/../../../../arm-none-eabi/lib/thumb/v7-m\libc_nano.a(lib_a-impure.o)
 .bss           0x0000000000000000        0x0 c:/st/stm32cubeide_1.2.0/stm32cubeide/plugins/com.st.stm32cube.ide.mcu.externaltools.gnu-tools-for-stm32.7-2018-q2-update.win32_1.5.0.202011040924/tools/bin/../lib/gcc/arm-none-eabi/7.3.1/../../../../arm-none-eabi/lib/thumb/v7-m\libc_nano.a(lib_a-impure.o)
 .data._impure_ptr
                0x0000000000000000        0x4 c:/st/stm32cubeide_1.2.0/stm32cubeide/plugins/com.st.stm32cube.ide.mcu.externaltools.gnu-tools-for-stm32.7-2018-q2-update.win32_1.5.0.202011040924/tools/bin/../lib/gcc/arm-none-eabi/7.3.1/../../../../arm-none-eabi/lib/thumb/v7-m\libc_nano.a(lib_a-impure.o)
 .data.impure_data
                0x0000000000000000       0x60 c:/st/stm32cubeide_1.2.0/stm32cubeide/plugins/com.st.stm32cube.ide.mcu.externaltools.gnu-tools-for-stm32.7-2018-q2-update.win32_1.5.0.202011040924/tools/bin/../lib/gcc/arm-none-eabi/7.3.1/../../../../arm-none-eabi/lib/thumb/v7-m\libc_nano.a(lib_a-impure.o)
 .rodata._global_impure_ptr
                0x0000000000000000        0x4 c:/st/stm32cubeide_1.2.0/stm32cubeide/plugins/com.st.stm32cube.ide.mcu.externaltools.gnu-tools-for-stm32.7-2018-q2-update.win32_1.5.0.202011040924/tools/bin/../lib/gcc/arm-none-eabi/7.3.1/../../../../arm-none-eabi/lib/thumb/v7-m\libc_nano.a(lib_a-impure.o)
 .ARM.attributes
                0x0000000000000000       0x2d c:/st/stm32cubeide_1.2.0/stm32cubeide/plugins/com.st.stm32cube.ide.mcu.externaltools.gnu-tools-for-stm32.7-2018-q2-update.win32_1.5.0.202011040924/tools/bin/../lib/gcc/arm-none-eabi/7.3.1/../../../../arm-none-eabi/lib/thumb/v7-m\libc_nano.a(lib_a-impure.o)
 .text          0x0000000000000000        0x0 c:/st/stm32cubeide_1.2.0/stm32cubeide/plugins/com.st.stm32cube.ide.mcu.externaltools.gnu-tools-for-stm32.7-2018-q2-update.win32_1.5.0.202011040924/tools/bin/../lib/gcc/arm-none-eabi/7.3.1/../../../../arm-none-eabi/lib/thumb/v7-m\libc_nano.a(lib_a-init.o)
 .data          0x0000000000000000        0x0 c:/st/stm32cubeide_1.2.0/stm32cubeide/plugins/com.st.stm32cube.ide.mcu.externaltools.gnu-tools-for-stm32.7-2018-q2-update.win32_1.5.0.202011040924/tools/bin/../lib/gcc/arm-none-eabi/7.3.1/../../../../arm-none-eabi/lib/thumb/v7-m\libc_nano.a(lib_a-init.o)
 .bss           0x0000000000000000        0x0 c:/st/stm32cubeide_1.2.0/stm32cubeide/plugins/com.st.stm32cube.ide.mcu.externaltools.gnu-tools-for-stm32.7-2018-q2-update.win32_1.5.0.202011040924/tools/bin/../lib/gcc/arm-none-eabi/7.3.1/../../../../arm-none-eabi/lib/thumb/v7-m\libc_nano.a(lib_a-init.o)
 .text          0x0000000000000000        0x0 c:/st/stm32cubeide_1.2.0/stm32cubeide/plugins/com.st.stm32cube.ide.mcu.externaltools.gnu-tools-for-stm32.7-2018-q2-update.win32_1.5.0.202011040924/tools/bin/../lib/gcc/arm-none-eabi/7.3.1/../../../../arm-none-eabi/lib/thumb/v7-m\libc_nano.a(lib_a-memset.o)
 .data          0x0000000000000000        0x0 c:/st/stm32cubeide_1.2.0/stm32cubeide/plugins/com.st.stm32cube.ide.mcu.externaltools.gnu-tools-for-stm32.7-2018-q2-update.win32_1.5.0.202011040924/tools/bin/../lib/gcc/arm-none-eabi/7.3.1/../../../../arm-none-eabi/lib/thumb/v7-m\libc_nano.a(lib_a-memset.o)
 .bss           0x0000000000000000        0x0 c:/st/stm32cubeide_1.2.0/stm32cubeide/plugins/com.st.stm32cube.ide.mcu.externaltools.gnu-tools-for-stm32.7-2018-q2-update.win32_1.5.0.202011040924/tools/bin/../lib/gcc/arm-none-eabi/7.3.1/../../../../arm-none-eabi/lib/thumb/v7-m\libc_nano.a(lib_a-memset.o)
 .text.memset   0x0000000000000000       0x10 c:/st/stm32cubeide_1.2.0/stm32cubeide/plugins/com.st.stm32cube.ide.mcu.externaltools.gnu-tools-for-stm32.7-2018-q2-update.win32_1.5.0.202011040924/tools/bin/../lib/gcc/arm-none-eabi/7.3.1/../../../../arm-none-eabi/lib/thumb/v7-m\libc_nano.a(lib_a-memset.o)
 .debug_frame   0x0000000000000000       0x20 c:/st/stm32cubeide_1.2.0/stm32cubeide/plugins/com.st.stm32cube.ide.mcu.externaltools.gnu-tools-for-stm32.7-2018-q2-update.win32_1.5.0.202011040924/tools/bin/../lib/gcc/arm-none-eabi/7.3.1/../../../../arm-none-eabi/lib/thumb/v7-m\libc_nano.a(lib_a-memset.o)
 .ARM.attributes
                0x0000000000000000       0x2d c:/st/stm32cubeide_1.2.0/stm32cubeide/plugins/com.st.stm32cube.ide.mcu.externaltools.gnu-tools-for-stm32.7-2018-q2-update.win32_1.5.0.202011040924/tools/bin/../lib/gcc/arm-none-eabi/7.3.1/../../../../arm-none-eabi/lib/thumb/v7-m\libc_nano.a(lib_a-memset.o)
 .data          0x0000000000000000        0x0 c:/st/stm32cubeide_1.2.0/stm32cubeide/plugins/com.st.stm32cube.ide.mcu.externaltools.gnu-tools-for-stm32.7-2018-q2-update.win32_1.5.0.202011040924/tools/bin/../lib/gcc/arm-none-eabi/7.3.1/../../../../arm-none-eabi/lib/thumb/v7-m\libc_nano.a(lib_a-strlen.o)
 .bss           0x0000000000000000        0x0 c:/st/stm32cubeide_1.2.0/stm32cubeide/plugins/com.st.stm32cube.ide.mcu.externaltools.gnu-tools-for-stm32.7-2018-q2-update.win32_1.5.0.202011040924/tools/bin/../lib/gcc/arm-none-eabi/7.3.1/../../../../arm-none-eabi/lib/thumb/v7-m\libc_nano.a(lib_a-strlen.o)
 .data          0x0000000000000000        0x0 c:/st/stm32cubeide_1.2.0/stm32cubeide/plugins/com.st.stm32cube.ide.mcu.externaltools.gnu-tools-for-stm32.7-2018-q2-update.win32_1.5.0.202011040924/tools/bin/../lib/gcc/arm-none-eabi/7.3.1/thumb/v7-m\libgcc.a(_arm_addsubdf3.o)
 .bss           0x0000000000000000        0x0 c:/st/stm32cubeide_1.2.0/stm32cubeide/plugins/com.st.stm32cube.ide.mcu.externaltools.gnu-tools-for-stm32.7-2018-q2-update.win32_1.5.0.202011040924/tools/bin/../lib/gcc/arm-none-eabi/7.3.1/thumb/v7-m\libgcc.a(_arm_addsubdf3.o)
 .data          0x0000000000000000        0x0 c:/st/stm32cubeide_1.2.0/stm32cubeide/plugins/com.st.stm32cube.ide.mcu.externaltools.gnu-tools-for-stm32.7-2018-q2-update.win32_1.5.0.202011040924/tools/bin/../lib/gcc/arm-none-eabi/7.3.1/thumb/v7-m\libgcc.a(_arm_fixunsdfsi.o)
 .bss           0x0000000000000000        0x0 c:/st/stm32cubeide_1.2.0/stm32cubeide/plugins/com.st.stm32cube.ide.mcu.externaltools.gnu-tools-for-stm32.7-2018-q2-update.win32_1.5.0.202011040924/tools/bin/../lib/gcc/arm-none-eabi/7.3.1/thumb/v7-m\libgcc.a(_arm_fixunsdfsi.o)
 .text          0x0000000000000000        0x0 c:/st/stm32cubeide_1.2.0/stm32cubeide/plugins/com.st.stm32cube.ide.mcu.externaltools.gnu-tools-for-stm32.7-2018-q2-update.win32_1.5.0.202011040924/tools/bin/../lib/gcc/arm-none-eabi/7.3.1/thumb/v7-m/crtend.o
 .data          0x0000000000000000        0x0 c:/st/stm32cubeide_1.2.0/stm32cubeide/plugins/com.st.stm32cube.ide.mcu.externaltools.gnu-tools-for-stm32.7-2018-q2-update.win32_1.5.0.202011040924/tools/bin/../lib/gcc/arm-none-eabi/7.3.1/thumb/v7-m/crtend.o
 .bss           0x0000000000000000        0x0 c:/st/stm32cubeide_1.2.0/stm32cubeide/plugins/com.st.stm32cube.ide.mcu.externaltools.gnu-tools-for-stm32.7-2018-q2-update.win32_1.5.0.202011040924/tools/bin/../lib/gcc/arm-none-eabi/7.3.1/thumb/v7-m/crtend.o
 .eh_frame      0x0000000000000000        0x4 c:/st/stm32cubeide_1.2.0/stm32cubeide/plugins/com.st.stm32cube.ide.mcu.externaltools.gnu-tools-for-stm32.7-2018-q2-update.win32_1.5.0.202011040924/tools/bin/../lib/gcc/arm-none-eabi/7.3.1/thumb/v7-m/crtend.o
 .ARM.attributes
                0x0000000000000000       0x2d c:/st/stm32cubeide_1.2.0/stm32cubeide/plugins/com.st.stm32cube.ide.mcu.externaltools.gnu-tools-for-stm32.7-2018-q2-update.win32_1.5.0.202011040924/tools/bin/../lib/gcc/arm-none-eabi/7.3.1/thumb/v7-m/crtend.o
 .text          0x0000000000000000        0x0 c:/st/stm32cubeide_1.2.0/stm32cubeide/plugins/com.st.stm32cube.ide.mcu.externaltools.gnu-tools-for-stm32.7-2018-q2-update.win32_1.5.0.202011040924/tools/bin/../lib/gcc/arm-none-eabi/7.3.1/thumb/v7-m/crtn.o
 .data          0x0000000000000000        0x0 c:/st/stm32cubeide_1.2.0/stm32cubeide/plugins/com.st.stm32cube.ide.mcu.externaltools.gnu-tools-for-stm32.7-2018-q2-update.win32_1.5.0.202011040924/tools/bin/../lib/gcc/arm-none-eabi/7.3.1/thumb/v7-m/crtn.o
 .bss           0x0000000000000000        0x0 c:/st/stm32cubeide_1.2.0/stm32cubeide/plugins/com.st.stm32cube.ide.mcu.externaltools.gnu-tools-for-stm32.7-2018-q2-update.win32_1.5.0.202011040924/tools/bin/../lib/gcc/arm-none-eabi/7.3.1/thumb/v7-m/crtn.o

Memory Configuration

Name             Origin             Length             Attributes
RAM              0x0000000020000000 0x0000000000005000 xrw
ROM              0x0000000008000000 0x0000000000010000 xr
*default*        0x0000000000000000 0xffffffffffffffff

Linker script and memory map

LOAD c:/st/stm32cubeide_1.2.0/stm32cubeide/plugins/com.st.stm32cube.ide.mcu.externaltools.gnu-tools-for-stm32.7-2018-q2-update.win32_1.5.0.202011040924/tools/bin/../lib/gcc/arm-none-eabi/7.3.1/thumb/v7-m/crti.o
LOAD c:/st/stm32cubeide_1.2.0/stm32cubeide/plugins/com.st.stm32cube.ide.mcu.externaltools.gnu-tools-for-stm32.7-2018-q2-update.win32_1.5.0.202011040924/tools/bin/../lib/gcc/arm-none-eabi/7.3.1/thumb/v7-m/crtbegin.o
LOAD c:/st/stm32cubeide_1.2.0/stm32cubeide/plugins/com.st.stm32cube.ide.mcu.externaltools.gnu-tools-for-stm32.7-2018-q2-update.win32_1.5.0.202011040924/tools/bin/../lib/gcc/arm-none-eabi/7.3.1/../../../../arm-none-eabi/lib/thumb/v7-m/crt0.o
LOAD Src/syscalls.o
LOAD Src/sysmem.o
LOAD Src/uart_tx.o
LOAD Startup/startup_stm32f103c8tx.o
LOAD drivers/Src/gpio_driver.o
LOAD drivers/Src/i2c.driver.o
LOAD drivers/Src/rcc_driver.o
LOAD drivers/Src/spi_driver.o
LOAD drivers/Src/usart_driver.o
START GROUP
LOAD c:/st/stm32cubeide_1.2.0/stm32cubeide/plugins/com.st.stm32cube.ide.mcu.externaltools.gnu-tools-for-stm32.7-2018-q2-update.win32_1.5.0.202011040924/tools/bin/../lib/gcc/arm-none-eabi/7.3.1/../../../../arm-none-eabi/lib/thumb/v7-m\libc_nano.a
LOAD c:/st/stm32cubeide_1.2.0/stm32cubeide/plugins/com.st.stm32cube.ide.mcu.externaltools.gnu-tools-for-stm32.7-2018-q2-update.win32_1.5.0.202011040924/tools/bin/../lib/gcc/arm-none-eabi/7.3.1/../../../../arm-none-eabi/lib/thumb/v7-m\libm.a
END GROUP
START GROUP
LOAD c:/st/stm32cubeide_1.2.0/stm32cubeide/plugins/com.st.stm32cube.ide.mcu.externaltools.gnu-tools-for-stm32.7-2018-q2-update.win32_1.5.0.202011040924/tools/bin/../lib/gcc/arm-none-eabi/7.3.1/thumb/v7-m\libgcc.a
LOAD c:/st/stm32cubeide_1.2.0/stm32cubeide/plugins/com.st.stm32cube.ide.mcu.externaltools.gnu-tools-for-stm32.7-2018-q2-update.win32_1.5.0.202011040924/tools/bin/../lib/gcc/arm-none-eabi/7.3.1/../../../../arm-none-eabi/lib/thumb/v7-m\libc_nano.a
END GROUP
START GROUP
LOAD c:/st/stm32cubeide_1.2.0/stm32cubeide/plugins/com.st.stm32cube.ide.mcu.externaltools.gnu-tools-for-stm32.7-2018-q2-update.win32_1.5.0.202011040924/tools/bin/../lib/gcc/arm-none-eabi/7.3.1/thumb/v7-m\libgcc.a
LOAD c:/st/stm32cubeide_1.2.0/stm32cubeide/plugins/com.st.stm32cube.ide.mcu.externaltools.gnu-tools-for-stm32.7-2018-q2-update.win32_1.5.0.202011040924/tools/bin/../lib/gcc/arm-none-eabi/7.3.1/../../../../arm-none-eabi/lib/thumb/v7-m\libc_nano.a
LOAD c:/st/stm32cubeide_1.2.0/stm32cubeide/plugins/com.st.stm32cube.ide.mcu.externaltools.gnu-tools-for-stm32.7-2018-q2-update.win32_1.5.0.202011040924/tools/bin/../lib/gcc/arm-none-eabi/7.3.1/../../../../arm-none-eabi/lib/thumb/v7-m\libnosys.a
END GROUP
START GROUP
LOAD c:/st/stm32cubeide_1.2.0/stm32cubeide/plugins/com.st.stm32cube.ide.mcu.externaltools.gnu-tools-for-stm32.7-2018-q2-update.win32_1.5.0.202011040924/tools/bin/../lib/gcc/arm-none-eabi/7.3.1/thumb/v7-m\libgcc.a
LOAD c:/st/stm32cubeide_1.2.0/stm32cubeide/plugins/com.st.stm32cube.ide.mcu.externaltools.gnu-tools-for-stm32.7-2018-q2-update.win32_1.5.0.202011040924/tools/bin/../lib/gcc/arm-none-eabi/7.3.1/../../../../arm-none-eabi/lib/thumb/v7-m\libc_nano.a
LOAD c:/st/stm32cubeide_1.2.0/stm32cubeide/plugins/com.st.stm32cube.ide.mcu.externaltools.gnu-tools-for-stm32.7-2018-q2-update.win32_1.5.0.202011040924/tools/bin/../lib/gcc/arm-none-eabi/7.3.1/../../../../arm-none-eabi/lib/thumb/v7-m\libnosys.a
END GROUP
LOAD c:/st/stm32cubeide_1.2.0/stm32cubeide/plugins/com.st.stm32cube.ide.mcu.externaltools.gnu-tools-for-stm32.7-2018-q2-update.win32_1.5.0.202011040924/tools/bin/../lib/gcc/arm-none-eabi/7.3.1/thumb/v7-m/crtend.o
LOAD c:/st/stm32cubeide_1.2.0/stm32cubeide/plugins/com.st.stm32cube.ide.mcu.externaltools.gnu-tools-for-stm32.7-2018-q2-update.win32_1.5.0.202011040924/tools/bin/../lib/gcc/arm-none-eabi/7.3.1/thumb/v7-m/crtn.o
                0x0000000020005000                _estack = (ORIGIN (RAM) + LENGTH (RAM))
                0x0000000000000200                _Min_Heap_Size = 0x200
                0x0000000000000400                _Min_Stack_Size = 0x400

.isr_vector     0x0000000008000000      0x130
                0x0000000008000000                . = ALIGN (0x4)
 *(.isr_vector)
 .isr_vector    0x0000000008000000      0x130 Startup/startup_stm32f103c8tx.o
                0x0000000008000000                g_pfnVectors
                0x0000000008000130                . = ALIGN (0x4)

.text           0x0000000008000130      0xf5c
                0x0000000008000130                . = ALIGN (0x4)
 *(.text)
 .text          0x0000000008000130       0x40 c:/st/stm32cubeide_1.2.0/stm32cubeide/plugins/com.st.stm32cube.ide.mcu.externaltools.gnu-tools-for-stm32.7-2018-q2-update.win32_1.5.0.202011040924/tools/bin/../lib/gcc/arm-none-eabi/7.3.1/thumb/v7-m/crtbegin.o
 .text          0x0000000008000170       0x10 c:/st/stm32cubeide_1.2.0/stm32cubeide/plugins/com.st.stm32cube.ide.mcu.externaltools.gnu-tools-for-stm32.7-2018-q2-update.win32_1.5.0.202011040924/tools/bin/../lib/gcc/arm-none-eabi/7.3.1/../../../../arm-none-eabi/lib/thumb/v7-m\libc_nano.a(lib_a-strlen.o)
                0x0000000008000170                strlen
 .text          0x0000000008000180      0x378 c:/st/stm32cubeide_1.2.0/stm32cubeide/plugins/com.st.stm32cube.ide.mcu.externaltools.gnu-tools-for-stm32.7-2018-q2-update.win32_1.5.0.202011040924/tools/bin/../lib/gcc/arm-none-eabi/7.3.1/thumb/v7-m\libgcc.a(_arm_addsubdf3.o)
                0x0000000008000180                __aeabi_drsub
                0x0000000008000188                __aeabi_dsub
                0x0000000008000188                __subdf3
                0x000000000800018c                __aeabi_dadd
                0x000000000800018c                __adddf3
                0x0000000008000404                __floatunsidf
                0x0000000008000404                __aeabi_ui2d
                0x0000000008000424                __floatsidf
                0x0000000008000424                __aeabi_i2d
                0x0000000008000448                __aeabi_f2d
                0x0000000008000448                __extendsfdf2
                0x000000000800048c                __floatundidf
                0x000000000800048c                __aeabi_ul2d
                0x000000000800049c                __floatdidf
                0x000000000800049c                __aeabi_l2d
 .text          0x00000000080004f8       0x40 c:/st/stm32cubeide_1.2.0/stm32cubeide/plugins/com.st.stm32cube.ide.mcu.externaltools.gnu-tools-for-stm32.7-2018-q2-update.win32_1.5.0.202011040924/tools/bin/../lib/gcc/arm-none-eabi/7.3.1/thumb/v7-m\libgcc.a(_arm_fixunsdfsi.o)
                0x00000000080004f8                __aeabi_d2uiz
                0x00000000080004f8                __fixunsdfsi
 *(.text*)
 .text.USART1_Inits
                0x0000000008000538       0x44 Src/uart_tx.o
                0x0000000008000538                USART1_Inits
 .text.USART1_GPIOInit
                0x000000000800057c       0x3c Src/uart_tx.o
                0x000000000800057c                USART1_GPIOInit
 .text.main     0x00000000080005b8       0x34 Src/uart_tx.o
                0x00000000080005b8                main
 .text.Reset_Handler
                0x00000000080005ec       0x50 Startup/startup_stm32f103c8tx.o
                0x00000000080005ec                Reset_Handler
 .text.Default_Handler
                0x000000000800063c        0x2 Startup/startup_stm32f103c8tx.o
                0x000000000800063c                EXTI2_IRQHandler
                0x000000000800063c                TIM8_TRG_COM_IRQHandler
                0x000000000800063c                TIM8_CC_IRQHandler
                0x000000000800063c                DebugMon_Handler
                0x000000000800063c                TIM1_CC_IRQHandler
                0x000000000800063c                HardFault_Handler
                0x000000000800063c                TIM6_IRQHandler
                0x000000000800063c                SysTick_Handler
                0x000000000800063c                PVD_IRQHandler
                0x000000000800063c                SDIO_IRQHandler
                0x000000000800063c                PendSV_Handler
                0x000000000800063c                NMI_Handler
                0x000000000800063c                EXTI3_IRQHandler
                0x000000000800063c                USB_HP_CAN_TX_IRQHandler
                0x000000000800063c                EXTI0_IRQHandler
                0x000000000800063c                I2C2_EV_IRQHandler
                0x000000000800063c                UsageFault_Handler
                0x000000000800063c                ADC1_2_IRQHandler
                0x000000000800063c                SPI1_IRQHandler
                0x000000000800063c                CAN_SCE_IRQHandler
                0x000000000800063c                TAMPER_IRQHandler
                0x000000000800063c                TIM8_UP_IRQHandler
                0x000000000800063c                DMA2_Channel2_IRQHandler
                0x000000000800063c                DMA1_Channel4_IRQHandler
                0x000000000800063c                USART3_IRQHandler
                0x000000000800063c                RTC_IRQHandler
                0x000000000800063c                DMA1_Channel7_IRQHandler
                0x000000000800063c                UART5_IRQHandler
                0x000000000800063c                ADC3_IRQHandler
                0x000000000800063c                TIM4_IRQHandler
                0x000000000800063c                CAN_RX1_IRQHandler
                0x000000000800063c                DMA2_Channel1_IRQHandler
                0x000000000800063c                I2C1_EV_IRQHandler
                0x000000000800063c                DMA1_Channel6_IRQHandler
                0x000000000800063c                UART4_IRQHandler
                0x000000000800063c                TIM3_IRQHandler
                0x000000000800063c                RCC_IRQHandler
                0x000000000800063c                TIM1_TRG_COM_IRQHandler
                0x000000000800063c                DMA1_Channel1_IRQHandler
                0x000000000800063c                Default_Handler
                0x000000000800063c                EXTI15_10_IRQHandler
                0x000000000800063c                TIM7_IRQHandler
                0x000000000800063c                TIM5_IRQHandler
                0x000000000800063c                EXTI9_5_IRQHandler
                0x000000000800063c                SPI2_IRQHandler
                0x000000000800063c                USB_LP_CAN_RX0_IRQHandler
                0x000000000800063c                MemManage_Handler
                0x000000000800063c                SVC_Handler
                0x000000000800063c                DMA1_Channel5_IRQHandler
                0x000000000800063c                EXTI4_IRQHandler
                0x000000000800063c                DMA1_Channel3_IRQHandler
                0x000000000800063c                FSMC_IRQHandler
                0x000000000800063c                TIM1_UP_IRQHandler
                0x000000000800063c                WWDG_IRQHandler
                0x000000000800063c                TIM2_IRQHandler
                0x000000000800063c                TIM1_BRK_IRQHandler
                0x000000000800063c                EXTI1_IRQHandler
                0x000000000800063c                RTCAlarm_IRQHandler
                0x000000000800063c                DMA2_Channel4_5_IRQHandler
                0x000000000800063c                USART2_IRQHandler
                0x000000000800063c                I2C2_ER_IRQHandler
                0x000000000800063c                DMA1_Channel2_IRQHandler
                0x000000000800063c                TIM8_BRK_IRQHandler
                0x000000000800063c                FLASH_IRQHandler
                0x000000000800063c                BusFault_Handler
                0x000000000800063c                USART1_IRQHandler
                0x000000000800063c                SPI3_IRQHandler
                0x000000000800063c                I2C1_ER_IRQHandler
                0x000000000800063c                DMA2_Channel3_IRQHandler
 *fill*         0x000000000800063e        0x2 
 .text.GPIO_PClockControl
                0x0000000008000640      0x140 drivers/Src/gpio_driver.o
                0x0000000008000640                GPIO_PClockControl
 .text.GPIO_Init
                0x0000000008000780      0x3a0 drivers/Src/gpio_driver.o
                0x0000000008000780                GPIO_Init
 .text.RCC_PCLK1_GetValue
                0x0000000008000b20       0xac drivers/Src/rcc_driver.o
                0x0000000008000b20                RCC_PCLK1_GetValue
 .text.RCC_PCLK2_GetValue
                0x0000000008000bcc       0xb0 drivers/Src/rcc_driver.o
                0x0000000008000bcc                RCC_PCLK2_GetValue
 .text.USART_PClockControl
                0x0000000008000c7c      0x114 drivers/Src/usart_driver.o
                0x0000000008000c7c                USART_PClockControl
 .text.USART_SetBaudRate
                0x0000000008000d90       0x84 drivers/Src/usart_driver.o
                0x0000000008000d90                USART_SetBaudRate
 .text.USART_Init
                0x0000000008000e14       0xf6 drivers/Src/usart_driver.o
                0x0000000008000e14                USART_Init
 .text.USART_PeripheralControl
                0x0000000008000f0a       0x36 drivers/Src/usart_driver.o
                0x0000000008000f0a                USART_PeripheralControl
 .text.USART_GetFlagStatus
                0x0000000008000f40       0x26 drivers/Src/usart_driver.o
                0x0000000008000f40                USART_GetFlagStatus
 .text.USART_SendData
                0x0000000008000f66       0xc6 drivers/Src/usart_driver.o
                0x0000000008000f66                USART_SendData
 .text.__libc_init_array
                0x000000000800102c       0x48 c:/st/stm32cubeide_1.2.0/stm32cubeide/plugins/com.st.stm32cube.ide.mcu.externaltools.gnu-tools-for-stm32.7-2018-q2-update.win32_1.5.0.202011040924/tools/bin/../lib/gcc/arm-none-eabi/7.3.1/../../../../arm-none-eabi/lib/thumb/v7-m\libc_nano.a(lib_a-init.o)
                0x000000000800102c                __libc_init_array
 *(.glue_7)
 .glue_7        0x0000000008001074        0x0 linker stubs
 *(.glue_7t)
 .glue_7t       0x0000000008001074        0x0 linker stubs
 *(.eh_frame)
 .eh_frame      0x0000000008001074        0x0 c:/st/stm32cubeide_1.2.0/stm32cubeide/plugins/com.st.stm32cube.ide.mcu.externaltools.gnu-tools-for-stm32.7-2018-q2-update.win32_1.5.0.202011040924/tools/bin/../lib/gcc/arm-none-eabi/7.3.1/thumb/v7-m/crtbegin.o
 *(.init)
 .init          0x0000000008001074        0x4 c:/st/stm32cubeide_1.2.0/stm32cubeide/plugins/com.st.stm32cube.ide.mcu.externaltools.gnu-tools-for-stm32.7-2018-q2-update.win32_1.5.0.202011040924/tools/bin/../lib/gcc/arm-none-eabi/7.3.1/thumb/v7-m/crti.o
                0x0000000008001074                _init
 .init          0x0000000008001078        0x8 c:/st/stm32cubeide_1.2.0/stm32cubeide/plugins/com.st.stm32cube.ide.mcu.externaltools.gnu-tools-for-stm32.7-2018-q2-update.win32_1.5.0.202011040924/tools/bin/../lib/gcc/arm-none-eabi/7.3.1/thumb/v7-m/crtn.o
 *(.fini)
 .fini          0x0000000008001080        0x4 c:/st/stm32cubeide_1.2.0/stm32cubeide/plugins/com.st.stm32cube.ide.mcu.externaltools.gnu-tools-for-stm32.7-2018-q2-update.win32_1.5.0.202011040924/tools/bin/../lib/gcc/arm-none-eabi/7.3.1/thumb/v7-m/crti.o
                0x0000000008001080                _fini
 .fini          0x0000000008001084        0x8 c:/st/stm32cubeide_1.2.0/stm32cubeide/plugins/com.st.stm32cube.ide.mcu.externaltools.gnu-tools-for-stm32.7-2018-q2-update.win32_1.5.0.202011040924/tools/bin/../lib/gcc/arm-none-eabi/7.3.1/thumb/v7-m/crtn.o
                0x000000000800108c                . = ALIGN (0x4)
                0x000000000800108c                _etext = .

.vfp11_veneer   0x000000000800108c        0x0
 .vfp11_veneer  0x000000000800108c        0x0 linker stubs

.v4_bx          0x000000000800108c        0x0
 .v4_bx         0x000000000800108c        0x0 linker stubs

.iplt           0x000000000800108c        0x0
 .iplt          0x000000000800108c        0x0 c:/st/stm32cubeide_1.2.0/stm32cubeide/plugins/com.st.stm32cube.ide.mcu.externaltools.gnu-tools-for-stm32.7-2018-q2-update.win32_1.5.0.202011040924/tools/bin/../lib/gcc/arm-none-eabi/7.3.1/thumb/v7-m/crtbegin.o

.rel.dyn        0x000000000800108c        0x0
 .rel.iplt      0x000000000800108c        0x0 c:/st/stm32cubeide_1.2.0/stm32cubeide/plugins/com.st.stm32cube.ide.mcu.externaltools.gnu-tools-for-stm32.7-2018-q2-update.win32_1.5.0.202011040924/tools/bin/../lib/gcc/arm-none-eabi/7.3.1/thumb/v7-m/crtbegin.o

.rodata         0x000000000800108c        0x0
                0x000000000800108c                . = ALIGN (0x4)
 *(.rodata)
 *(.rodata*)
                0x000000000800108c                . = ALIGN (0x4)

.ARM.extab      0x000000000800108c        0x0
                0x000000000800108c                . = ALIGN (0x4)
 *(.ARM.extab* .gnu.linkonce.armextab.*)
                0x000000000800108c                . = ALIGN (0x4)

.ARM            0x000000000800108c        0x0
                0x000000000800108c                . = ALIGN (0x4)
                0x000000000800108c                __exidx_start = .
 *(.ARM.exidx*)
                0x000000000800108c                __exidx_end = .
                0x000000000800108c                . = ALIGN (0x4)

.preinit_array  0x000000000800108c        0x0
                0x000000000800108c                . = ALIGN (0x4)
                0x000000000800108c                PROVIDE (__preinit_array_start = .)
 *(.preinit_array*)
                0x000000000800108c                PROVIDE (__preinit_array_end = .)
                0x000000000800108c                . = ALIGN (0x4)

.init_array     0x000000000800108c        0x4
                0x000000000800108c                . = ALIGN (0x4)
                0x000000000800108c                PROVIDE (__init_array_start = .)
 *(SORT_BY_NAME(.init_array.*))
 *(.init_array*)
 .init_array    0x000000000800108c        0x4 c:/st/stm32cubeide_1.2.0/stm32cubeide/plugins/com.st.stm32cube.ide.mcu.externaltools.gnu-tools-for-stm32.7-2018-q2-update.win32_1.5.0.202011040924/tools/bin/../lib/gcc/arm-none-eabi/7.3.1/thumb/v7-m/crtbegin.o
                0x0000000008001090                PROVIDE (__init_array_end = .)
                0x0000000008001090                . = ALIGN (0x4)

.fini_array     0x0000000008001090        0x4
                0x0000000008001090                . = ALIGN (0x4)
                [!provide]                        PROVIDE (__fini_array_start = .)
 *(SORT_BY_NAME(.fini_array.*))
 *(.fini_array*)
 .fini_array    0x0000000008001090        0x4 c:/st/stm32cubeide_1.2.0/stm32cubeide/plugins/com.st.stm32cube.ide.mcu.externaltools.gnu-tools-for-stm32.7-2018-q2-update.win32_1.5.0.202011040924/tools/bin/../lib/gcc/arm-none-eabi/7.3.1/thumb/v7-m/crtbegin.o
                [!provide]                        PROVIDE (__fini_array_end = .)
                0x0000000008001094                . = ALIGN (0x4)
                0x0000000008001094                _sidata = LOADADDR (.data)

.data           0x0000000020000000      0x3fc load address 0x0000000008001094
                0x0000000020000000                . = ALIGN (0x4)
                0x0000000020000000                _sdata = .
 *(.data)
 *(.data*)
 .data.message  0x0000000020000000      0x3e8 Src/uart_tx.o
                0x0000000020000000                message
 .data.AHB_Prescaler
                0x00000000200003e8       0x10 drivers/Src/rcc_driver.o
                0x00000000200003e8                AHB_Prescaler
 .data.APB_Prescaler
                0x00000000200003f8        0x4 drivers/Src/rcc_driver.o
                0x00000000200003f8                APB_Prescaler
                0x00000000200003fc                . = ALIGN (0x4)
                0x00000000200003fc                _edata = .

.igot.plt       0x00000000200003fc        0x0 load address 0x0000000008001490
 .igot.plt      0x00000000200003fc        0x0 c:/st/stm32cubeide_1.2.0/stm32cubeide/plugins/com.st.stm32cube.ide.mcu.externaltools.gnu-tools-for-stm32.7-2018-q2-update.win32_1.5.0.202011040924/tools/bin/../lib/gcc/arm-none-eabi/7.3.1/thumb/v7-m/crtbegin.o
                0x00000000200003fc                . = ALIGN (0x4)

.bss            0x00000000200003fc       0x44 load address 0x0000000008001490
                0x00000000200003fc                _sbss = .
                0x00000000200003fc                __bss_start__ = _sbss
 *(.bss)
 .bss           0x00000000200003fc       0x1c c:/st/stm32cubeide_1.2.0/stm32cubeide/plugins/com.st.stm32cube.ide.mcu.externaltools.gnu-tools-for-stm32.7-2018-q2-update.win32_1.5.0.202011040924/tools/bin/../lib/gcc/arm-none-eabi/7.3.1/thumb/v7-m/crtbegin.o
 *(.bss*)
 *(COMMON)
 COMMON         0x0000000020000418       0x28 Src/uart_tx.o
                0x0000000020000418                USART1Handle
                0x0000000020000440                . = ALIGN (0x4)
                0x0000000020000440                _ebss = .
                0x0000000020000440                __bss_end__ = _ebss

._user_heap_stack
                0x0000000020000440      0x600 load address 0x0000000008001490
                0x0000000020000440                . = ALIGN (0x8)
                0x0000000020000440                PROVIDE (end = .)
                [!provide]                        PROVIDE (_end = .)
                0x0000000020000640                . = (. + _Min_Heap_Size)
 *fill*         0x0000000020000440      0x200 
                0x0000000020000a40                . = (. + _Min_Stack_Size)
 *fill*         0x0000000020000640      0x400 
                0x0000000020000a40                . = ALIGN (0x8)

/DISCARD/
 libc.a(*)
 libm.a(*)
 libgcc.a(*)

.ARM.attributes
                0x0000000000000000       0x29
 *(.ARM.attributes)
 .ARM.attributes
                0x0000000000000000       0x1d c:/st/stm32cubeide_1.2.0/stm32cubeide/plugins/com.st.stm32cube.ide.mcu.externaltools.gnu-tools-for-stm32.7-2018-q2-update.win32_1.5.0.202011040924/tools/bin/../lib/gcc/arm-none-eabi/7.3.1/thumb/v7-m/crti.o
 .ARM.attributes
                0x000000000000001d       0x2d c:/st/stm32cubeide_1.2.0/stm32cubeide/plugins/com.st.stm32cube.ide.mcu.externaltools.gnu-tools-for-stm32.7-2018-q2-update.win32_1.5.0.202011040924/tools/bin/../lib/gcc/arm-none-eabi/7.3.1/thumb/v7-m/crtbegin.o
 .ARM.attributes
                0x000000000000004a       0x33 Src/uart_tx.o
 .ARM.attributes
                0x000000000000007d       0x21 Startup/startup_stm32f103c8tx.o
 .ARM.attributes
                0x000000000000009e       0x33 drivers/Src/gpio_driver.o
 .ARM.attributes
                0x00000000000000d1       0x33 drivers/Src/rcc_driver.o
 .ARM.attributes
                0x0000000000000104       0x33 drivers/Src/usart_driver.o
 .ARM.attributes
                0x0000000000000137       0x2d c:/st/stm32cubeide_1.2.0/stm32cubeide/plugins/com.st.stm32cube.ide.mcu.externaltools.gnu-tools-for-stm32.7-2018-q2-update.win32_1.5.0.202011040924/tools/bin/../lib/gcc/arm-none-eabi/7.3.1/../../../../arm-none-eabi/lib/thumb/v7-m\libc_nano.a(lib_a-init.o)
 .ARM.attributes
                0x0000000000000164       0x17 c:/st/stm32cubeide_1.2.0/stm32cubeide/plugins/com.st.stm32cube.ide.mcu.externaltools.gnu-tools-for-stm32.7-2018-q2-update.win32_1.5.0.202011040924/tools/bin/../lib/gcc/arm-none-eabi/7.3.1/../../../../arm-none-eabi/lib/thumb/v7-m\libc_nano.a(lib_a-strlen.o)
 .ARM.attributes
                0x000000000000017b       0x1d c:/st/stm32cubeide_1.2.0/stm32cubeide/plugins/com.st.stm32cube.ide.mcu.externaltools.gnu-tools-for-stm32.7-2018-q2-update.win32_1.5.0.202011040924/tools/bin/../lib/gcc/arm-none-eabi/7.3.1/thumb/v7-m\libgcc.a(_arm_addsubdf3.o)
 .ARM.attributes
                0x0000000000000198       0x1d c:/st/stm32cubeide_1.2.0/stm32cubeide/plugins/com.st.stm32cube.ide.mcu.externaltools.gnu-tools-for-stm32.7-2018-q2-update.win32_1.5.0.202011040924/tools/bin/../lib/gcc/arm-none-eabi/7.3.1/thumb/v7-m\libgcc.a(_arm_fixunsdfsi.o)
 .ARM.attributes
                0x00000000000001b5       0x1d c:/st/stm32cubeide_1.2.0/stm32cubeide/plugins/com.st.stm32cube.ide.mcu.externaltools.gnu-tools-for-stm32.7-2018-q2-update.win32_1.5.0.202011040924/tools/bin/../lib/gcc/arm-none-eabi/7.3.1/thumb/v7-m/crtn.o
OUTPUT(stm32f1xx_drivers.elf elf32-littlearm)

.debug_info     0x0000000000000000     0x33e7
 .debug_info    0x0000000000000000      0xbd8 Src/uart_tx.o
 .debug_info    0x0000000000000bd8       0x22 Startup/startup_stm32f103c8tx.o
 .debug_info    0x0000000000000bfa      0xdce drivers/Src/gpio_driver.o
 .debug_info    0x00000000000019c8      0xad2 drivers/Src/rcc_driver.o
 .debug_info    0x000000000000249a      0xf4d drivers/Src/usart_driver.o

.debug_abbrev   0x0000000000000000      0x92a
 .debug_abbrev  0x0000000000000000      0x21c Src/uart_tx.o
 .debug_abbrev  0x000000000000021c       0x12 Startup/startup_stm32f103c8tx.o
 .debug_abbrev  0x000000000000022e      0x23e drivers/Src/gpio_driver.o
 .debug_abbrev  0x000000000000046c      0x1dc drivers/Src/rcc_driver.o
 .debug_abbrev  0x0000000000000648      0x2e2 drivers/Src/usart_driver.o

.debug_aranges  0x0000000000000000      0x190
 .debug_aranges
                0x0000000000000000       0x38 Src/uart_tx.o
 .debug_aranges
                0x0000000000000038       0x28 Startup/startup_stm32f103c8tx.o
 .debug_aranges
                0x0000000000000060       0x70 drivers/Src/gpio_driver.o
 .debug_aranges
                0x00000000000000d0       0x28 drivers/Src/rcc_driver.o
 .debug_aranges
                0x00000000000000f8       0x98 drivers/Src/usart_driver.o

.debug_ranges   0x0000000000000000      0x148
 .debug_ranges  0x0000000000000000       0x28 Src/uart_tx.o
 .debug_ranges  0x0000000000000028       0x20 Startup/startup_stm32f103c8tx.o
 .debug_ranges  0x0000000000000048       0x60 drivers/Src/gpio_driver.o
 .debug_ranges  0x00000000000000a8       0x18 drivers/Src/rcc_driver.o
 .debug_ranges  0x00000000000000c0       0x88 drivers/Src/usart_driver.o

.debug_macro    0x0000000000000000     0x1a99
 .debug_macro   0x0000000000000000      0x255 Src/uart_tx.o
 .debug_macro   0x0000000000000255       0x97 Src/uart_tx.o
 .debug_macro   0x00000000000002ec       0xfd Src/uart_tx.o
 .debug_macro   0x00000000000003e9       0x16 Src/uart_tx.o
 .debug_macro   0x00000000000003ff       0x20 Src/uart_tx.o
 .debug_macro   0x000000000000041f       0xef Src/uart_tx.o
 .debug_macro   0x000000000000050e      0x1df Src/uart_tx.o
 .debug_macro   0x00000000000006ed      0x1e1 Src/uart_tx.o
 .debug_macro   0x00000000000008ce      0x888 Src/uart_tx.o
 .debug_macro   0x0000000000001156       0xbe Src/uart_tx.o
 .debug_macro   0x0000000000001214       0xc4 Src/uart_tx.o
 .debug_macro   0x00000000000012d8       0xbe Src/uart_tx.o
 .debug_macro   0x0000000000001396       0xe8 Src/uart_tx.o
 .debug_macro   0x000000000000147e      0x16a drivers/Src/gpio_driver.o
 .debug_macro   0x00000000000015e8       0x8e drivers/Src/gpio_driver.o
 .debug_macro   0x0000000000001676       0x51 drivers/Src/gpio_driver.o
 .debug_macro   0x00000000000016c7       0x46 drivers/Src/gpio_driver.o
 .debug_macro   0x000000000000170d       0xbe drivers/Src/gpio_driver.o
 .debug_macro   0x00000000000017cb      0x164 drivers/Src/rcc_driver.o
 .debug_macro   0x000000000000192f      0x16a drivers/Src/usart_driver.o

.debug_line     0x0000000000000000     0x1c6a
 .debug_line    0x0000000000000000      0x68d Src/uart_tx.o
 .debug_line    0x000000000000068d       0x84 Startup/startup_stm32f103c8tx.o
 .debug_line    0x0000000000000711      0x797 drivers/Src/gpio_driver.o
 .debug_line    0x0000000000000ea8      0x590 drivers/Src/rcc_driver.o
 .debug_line    0x0000000000001438      0x832 drivers/Src/usart_driver.o

.debug_str      0x0000000000000000     0xc001
 .debug_str     0x0000000000000000     0xbb6d Src/uart_tx.o
                                       0xbe26 (size before relaxing)
 .debug_str     0x000000000000bb6d       0x31 Startup/startup_stm32f103c8tx.o
                                         0x63 (size before relaxing)
 .debug_str     0x000000000000bb9e      0x1e0 drivers/Src/gpio_driver.o
                                       0xac91 (size before relaxing)
 .debug_str     0x000000000000bd7e       0x80 drivers/Src/rcc_driver.o
                                       0xaae3 (size before relaxing)
 .debug_str     0x000000000000bdfe      0x203 drivers/Src/usart_driver.o
                                       0xad98 (size before relaxing)

.comment        0x0000000000000000       0x7b
 .comment       0x0000000000000000       0x7b Src/uart_tx.o
                                         0x7c (size before relaxing)
 .comment       0x000000000000007b       0x7c drivers/Src/gpio_driver.o
 .comment       0x000000000000007b       0x7c drivers/Src/rcc_driver.o
 .comment       0x000000000000007b       0x7c drivers/Src/usart_driver.o

.debug_frame    0x0000000000000000      0x638
 .debug_frame   0x0000000000000000       0x94 Src/uart_tx.o
 .debug_frame   0x0000000000000094      0x1c8 drivers/Src/gpio_driver.o
 .debug_frame   0x000000000000025c       0x60 drivers/Src/rcc_driver.o
 .debug_frame   0x00000000000002bc      0x280 drivers/Src/usart_driver.o
 .debug_frame   0x000000000000053c       0x2c c:/st/stm32cubeide_1.2.0/stm32cubeide/plugins/com.st.stm32cube.ide.mcu.externaltools.gnu-tools-for-stm32.7-2018-q2-update.win32_1.5.0.202011040924/tools/bin/../lib/gcc/arm-none-eabi/7.3.1/../../../../arm-none-eabi/lib/thumb/v7-m\libc_nano.a(lib_a-init.o)
 .debug_frame   0x0000000000000568       0xac c:/st/stm32cubeide_1.2.0/stm32cubeide/plugins/com.st.stm32cube.ide.mcu.externaltools.gnu-tools-for-stm32.7-2018-q2-update.win32_1.5.0.202011040924/tools/bin/../lib/gcc/arm-none-eabi/7.3.1/thumb/v7-m\libgcc.a(_arm_addsubdf3.o)
 .debug_frame   0x0000000000000614       0x24 c:/st/stm32cubeide_1.2.0/stm32cubeide/plugins/com.st.stm32cube.ide.mcu.externaltools.gnu-tools-for-stm32.7-2018-q2-update.win32_1.5.0.202011040924/tools/bin/../lib/gcc/arm-none-eabi/7.3.1/thumb/v7-m\libgcc.a(_arm_fixunsdfsi.o)
